============================= test session starts =============================
platform win32 -- Python 3.14.0, pytest-9.0.2, pluggy-1.6.0
rootdir: C:\Users\najee\OneDrive\Documents\Projects\ai-agent-eval-harness
configfile: pyproject.toml
plugins: anyio-4.12.1, langsmith-0.7.22, aiohttp-1.1.0, asyncio-1.3.0, base-url-2.1.0, cov-7.0.0, playwright-0.7.2
asyncio: mode=Mode.AUTO, debug=False, asyncio_default_fixture_loop_scope=function, asyncio_default_test_loop_scope=function
collected 654 items

tests\adapters\test_versioned_telemetry.py .....                         [  0%]
tests\functional\test_cli_integration_hardened.py .....                  [  1%]
tests\functional\test_cli_parity.py ...                                  [  1%]
tests\functional\test_cli_sandbox_hardened_coverage.py ..........        [  3%]
tests\functional\test_compliance_enforcement.py .                        [  3%]
tests\functional\test_scenario_compliance.py .                           [  3%]
tests\integration\test_cert_api.py ...                                   [  4%]
tests\integration\test_console_hydration.py .                            [  4%]
tests\integration\test_console_live_refresh.py .                         [  4%]
tests\integration\test_debugger_integration.py ..                        [  4%]
tests\integration\test_session_advanced.py ...                           [  5%]
tests\security\test_jail_escape.py ...                                   [  5%]
tests\security\test_security_audit.py .....................              [  9%]
tests\test_telemetry_compliance.py ......                                [  9%]
tests\ui\test_dashboard.py .                                             [ 10%]
tests\unit\adapters\test_adapters_discovery.py .F                        [ 10%]
tests\unit\adapters\test_adapters_extended.py FF                         [ 10%]
tests\unit\adapters\test_adapters_suite.py EFEFFFFFFF                    [ 12%]
tests\unit\adapters\test_ecosystem_compatibility.py ...                  [ 12%]
tests\unit\adapters\test_engine_adapters.py FFF                          [ 13%]
tests\unit\adapters\test_langchain_adapter.py FEEFEF                     [ 14%]
tests\unit\console\test_routes_all.py ..........                         [ 15%]
tests\unit\core\test_agents.py ...                                       [ 16%]
tests\unit\core\test_aggregator.py ...                                   [ 16%]
tests\unit\core\test_analyzer.py FF                                      [ 16%]
tests\unit\core\test_auto_translate.py ....EEEFEE.....                   [ 19%]
tests\unit\core\test_core_cli_doctor.py F.....                           [ 20%]
tests\unit\core\test_core_infrastructure.py FFF                          [ 20%]
tests\unit\core\test_coverage.py ..                                      [ 20%]
tests\unit\core\test_discovery.py ....                                   [ 21%]
tests\unit\core\test_discovery_all.py ..........                         [ 22%]
tests\unit\core\test_doctor.py FFFFF                                     [ 23%]
tests\unit\core\test_engine.py FFFFFFFFFFFF                              [ 25%]
tests\unit\core\test_engine_runner.py FFFFFF                             [ 26%]
tests\unit\core\test_events.py ...                                       [ 26%]
tests\unit\core\test_flight_recorder_extra.py ...                        [ 27%]
tests\unit\core\test_gen_demo_assets.py .                                [ 27%]
tests\unit\core\test_generation.py .                                     [ 27%]
tests\unit\core\test_hitl_registry.py ...                                [ 28%]
tests\unit\core\test_llm_providers.py FFFF.                              [ 28%]
tests\unit\core\test_llm_providers_coverage.py FFFFFFFFFFFFFFFFF         [ 31%]
tests\unit\core\test_llm_providers_extra.py EEFFFE                       [ 32%]
tests\unit\core\test_loader.py .........                                 [ 33%]
tests\unit\core\test_metrics.py FF.................FF.                   [ 37%]
tests\unit\core\test_metrics_extra.py FFF..                              [ 37%]
tests\unit\core\test_metrics_modular.py ...F.                            [ 38%]
tests\unit\core\test_metrics_planning.py FF                              [ 38%]
tests\unit\core\test_metrics_trajectory.py .F..                          [ 39%]
tests\unit\core\test_mutator.py ....                                     [ 40%]
tests\unit\core\test_placeholder_fixes.py FF.FF                          [ 40%]
tests\unit\core\test_plugins_all.py ........                             [ 42%]
tests\unit\core\test_policy_guardrails.py ..                             [ 42%]
tests\unit\core\test_registry_sync.py ....                               [ 43%]
tests\unit\core\test_sandbox_persistent.py ..                            [ 43%]
tests\unit\core\test_scaffold.py .....                                   [ 44%]
tests\unit\core\test_session_all.py .FFFFFFFFFFF..F.FFF                  [ 47%]
tests\unit\core\test_simulators.py .......                               [ 48%]
tests\unit\core\test_simulators_all.py ..............                    [ 50%]
tests\unit\core\test_spec_parser.py FF                                   [ 50%]
tests\unit\core\test_spec_parser_all.py FFFF.FFF                         [ 51%]
tests\unit\core\test_tool_sandbox.py .........                           [ 53%]
tests\unit\core\test_trace_loading.py .....                              [ 53%]
tests\unit\core\test_trace_recorder.py EF                                [ 54%]
tests\unit\core\test_triage.py ..........                                [ 55%]
tests\unit\core\test_utilities.py F...E                                  [ 56%]
tests\unit\core\test_verifier.py .......                                 [ 57%]
tests\unit\core\test_world_shims_hotswap.py .....                        [ 58%]
tests\unit\handlers\test_aes.py FFF                                      [ 58%]
tests\unit\handlers\test_catalog.py ..                                   [ 59%]
tests\unit\handlers\test_catalog_extra.py ...........                    [ 60%]
tests\unit\handlers\test_cli.py ......F.F.FF...F                         [ 63%]
tests\unit\handlers\test_cli_commands_extra.py FFFFF                     [ 64%]
tests\unit\handlers\test_cli_commands_more.py FFFFF                      [ 64%]
tests\unit\handlers\test_cli_extra.py FFFFFFF                            [ 65%]
tests\unit\handlers\test_cli_handlers.py FFFFFFFFF                       [ 67%]
tests\unit\handlers\test_cli_handlers_coverage.py .FFFFFFF.F...          [ 69%]
tests\unit\handlers\test_cli_handlers_extra.py FFFF                      [ 69%]
tests\unit\handlers\test_cli_router.py ..................                [ 72%]
tests\unit\handlers\test_cli_taxonomy.py FFFF                            [ 73%]
tests\unit\handlers\test_console.py .................                    [ 75%]
tests\unit\handlers\test_console_extra.py .........      [Plugin] Registering Claude adapter via on_discover_adapters hook.
      [Plugin] Registering Ollama adapter via on_discover_adapters hook.
.      [Plugin] Registering LangChain adapters (v1) via on_discover_adapters hook.
.......              [ 78%]
tests\unit\handlers\test_console_handoff.py ....                         [ 79%]
tests\unit\handlers\test_console_routes_extra.py ....                    [ 79%]
tests\unit\handlers\test_coverage_expansion.py F.F.FF                    [ 80%]
tests\unit\handlers\test_demo_traces.py ...                              [ 81%]
tests\unit\handlers\test_drift_importer.py ...                           [ 81%]
tests\unit\handlers\test_environment_all.py FFFFFFFFF..FFFFFFFFF         [ 84%]
tests\unit\handlers\test_explainer.py .....                              [ 85%]
tests\unit\handlers\test_exporter_extra.py .......                       [ 86%]
tests\unit\handlers\test_fintech_pack.py ...........                     [ 88%]
tests\unit\handlers\test_gate_cli.py FFFF                                [ 88%]
tests\unit\handlers\test_leaderboard.py ...                              [ 89%]
tests\unit\handlers\test_linter_coverage.py .........                    [ 90%]
tests\unit\handlers\test_linter_extra.py .........                       [ 91%]
tests\unit\handlers\test_playground.py EF                                [ 92%]
tests\unit\handlers\test_quickstart.py .F                                [ 92%]
tests\unit\handlers\test_reporter.py .....                               [ 93%]
tests\unit\handlers\test_taxonomy.py ..                                  [ 93%]
tests\unit\handlers\test_verifier_asymmetric.py ....                     [ 94%]
tests\unit\plugins\test_artifact_plugin.py ......                        [ 95%]
tests\unit\plugins\test_debugger_internals.py ...                        [ 95%]
tests\unit\plugins\test_live_bridge.py ...                               [ 96%]
tests\unit\plugins\test_live_bridge_extended.py .....                    [ 96%]
tests\unit\plugins\test_publication_extra.py ....                        [ 97%]
tests\unit\plugins\test_reporting_plugin.py ..                           [ 97%]
tests\unit\test_calibrator_recursive.py .                                [ 97%]
tests\unit\test_console_auth.py ..                                       [ 98%]
tests\unit\test_doctor_sync.py F                                         [ 98%]
tests\unit\test_lazy_loading.py .                                        [ 98%]
tests\unit\test_plugin_discovery.py ..                                   [ 98%]
tests\unit\test_trace_loading_robustness.py .                            [ 98%]
tests\unit\test_verifier_hardened.py .......                             [100%]

=================================== ERRORS ====================================
_________________ ERROR at setup of test_claude_success_stub __________________

self = <Coroutine test_claude_success_stub>

    def setup(self) -> None:
        runner_fixture_id = f"_{self._loop_scope}_scoped_runner"
        if runner_fixture_id not in self.fixturenames:
            self.fixturenames.append(runner_fixture_id)
>       return super().setup()
               ^^^^^^^^^^^^^^^

..\..\..\..\AppData\Roaming\Python\Python314\site-packages\pytest_asyncio\plugin.py:458: 
_ _ _ _ _ _ _ _ _ _ _ _ _ _ _ _ _ _ _ _ _ _ _ _ _ _ _ _ _ _ _ _ _ _ _ _ _ _ _ _
..\..\..\..\AppData\Roaming\Python\Python314\site-packages\pytest_asyncio\plugin.py:743: in pytest_fixture_setup
    hook_result = yield
                  ^^^^^
..\..\..\..\AppData\Roaming\Python\Python314\site-packages\pytest_asyncio\plugin.py:313: in _asyncgen_fixture_wrapper
    result = runner.run(setup(), context=context)
             ^^^^^^^^^^^^^^^^^^^^^^^^^^^^^^^^^^^^
_ _ _ _ _ _ _ _ _ _ _ _ _ _ _ _ _ _ _ _ _ _ _ _ _ _ _ _ _ _ _ _ _ _ _ _ _ _ _ _

self = <asyncio.runners.Runner object at 0x000002A01DE6D2D0>
coro = <coroutine object _wrap_asyncgen_fixture.<locals>._asyncgen_fixture_wrapper.<locals>.setup at 0x000002A01DB99BE0>

    def run(self, coro, *, context=None):
        """Run code in the embedded event loop."""
        if events._get_running_loop() is not None:
            # fail fast with short traceback
>           raise RuntimeError(
                "Runner.run() cannot be called from a running event loop")
E           RuntimeError: Runner.run() cannot be called from a running event loop

C:\Python314\Lib\asyncio\runners.py:91: RuntimeError
_________________ ERROR at setup of test_ollama_success_stub __________________

self = <Coroutine test_ollama_success_stub>

    def setup(self) -> None:
        runner_fixture_id = f"_{self._loop_scope}_scoped_runner"
        if runner_fixture_id not in self.fixturenames:
            self.fixturenames.append(runner_fixture_id)
>       return super().setup()
               ^^^^^^^^^^^^^^^

..\..\..\..\AppData\Roaming\Python\Python314\site-packages\pytest_asyncio\plugin.py:458: 
_ _ _ _ _ _ _ _ _ _ _ _ _ _ _ _ _ _ _ _ _ _ _ _ _ _ _ _ _ _ _ _ _ _ _ _ _ _ _ _
..\..\..\..\AppData\Roaming\Python\Python314\site-packages\pytest_asyncio\plugin.py:743: in pytest_fixture_setup
    hook_result = yield
                  ^^^^^
..\..\..\..\AppData\Roaming\Python\Python314\site-packages\pytest_asyncio\plugin.py:313: in _asyncgen_fixture_wrapper
    result = runner.run(setup(), context=context)
             ^^^^^^^^^^^^^^^^^^^^^^^^^^^^^^^^^^^^
_ _ _ _ _ _ _ _ _ _ _ _ _ _ _ _ _ _ _ _ _ _ _ _ _ _ _ _ _ _ _ _ _ _ _ _ _ _ _ _

self = <asyncio.runners.Runner object at 0x000002A01DBA75D0>
coro = <coroutine object _wrap_asyncgen_fixture.<locals>._asyncgen_fixture_wrapper.<locals>.setup at 0x000002A01DB9A5A0>

    def run(self, coro, *, context=None):
        """Run code in the embedded event loop."""
        if events._get_running_loop() is not None:
            # fail fast with short traceback
>           raise RuntimeError(
                "Runner.run() cannot be called from a running event loop")
E           RuntimeError: Runner.run() cannot be called from a running event loop

C:\Python314\Lib\asyncio\runners.py:91: RuntimeError
______________ ERROR at setup of test_langchain_adapter_success _______________

self = <Coroutine test_langchain_adapter_success>

    def setup(self) -> None:
        runner_fixture_id = f"_{self._loop_scope}_scoped_runner"
        if runner_fixture_id not in self.fixturenames:
            self.fixturenames.append(runner_fixture_id)
>       return super().setup()
               ^^^^^^^^^^^^^^^

..\..\..\..\AppData\Roaming\Python\Python314\site-packages\pytest_asyncio\plugin.py:458: 
_ _ _ _ _ _ _ _ _ _ _ _ _ _ _ _ _ _ _ _ _ _ _ _ _ _ _ _ _ _ _ _ _ _ _ _ _ _ _ _
..\..\..\..\AppData\Roaming\Python\Python314\site-packages\pytest_asyncio\plugin.py:743: in pytest_fixture_setup
    hook_result = yield
                  ^^^^^
..\..\..\..\AppData\Roaming\Python\Python314\site-packages\pytest_asyncio\plugin.py:313: in _asyncgen_fixture_wrapper
    result = runner.run(setup(), context=context)
             ^^^^^^^^^^^^^^^^^^^^^^^^^^^^^^^^^^^^
_ _ _ _ _ _ _ _ _ _ _ _ _ _ _ _ _ _ _ _ _ _ _ _ _ _ _ _ _ _ _ _ _ _ _ _ _ _ _ _

self = <asyncio.runners.Runner object at 0x000002A01DFC51D0>
coro = <coroutine object _wrap_asyncgen_fixture.<locals>._asyncgen_fixture_wrapper.<locals>.setup at 0x000002A01DBA9D80>

    def run(self, coro, *, context=None):
        """Run code in the embedded event loop."""
        if events._get_running_loop() is not None:
            # fail fast with short traceback
>           raise RuntimeError(
                "Runner.run() cannot be called from a running event loop")
E           RuntimeError: Runner.run() cannot be called from a running event loop

C:\Python314\Lib\asyncio\runners.py:91: RuntimeError
________ ERROR at setup of test_langchain_adapter_base_url_auto_invoke ________

self = <Coroutine test_langchain_adapter_base_url_auto_invoke>

    def setup(self) -> None:
        runner_fixture_id = f"_{self._loop_scope}_scoped_runner"
        if runner_fixture_id not in self.fixturenames:
            self.fixturenames.append(runner_fixture_id)
>       return super().setup()
               ^^^^^^^^^^^^^^^

..\..\..\..\AppData\Roaming\Python\Python314\site-packages\pytest_asyncio\plugin.py:458: 
_ _ _ _ _ _ _ _ _ _ _ _ _ _ _ _ _ _ _ _ _ _ _ _ _ _ _ _ _ _ _ _ _ _ _ _ _ _ _ _
..\..\..\..\AppData\Roaming\Python\Python314\site-packages\pytest_asyncio\plugin.py:743: in pytest_fixture_setup
    hook_result = yield
                  ^^^^^
..\..\..\..\AppData\Roaming\Python\Python314\site-packages\pytest_asyncio\plugin.py:313: in _asyncgen_fixture_wrapper
    result = runner.run(setup(), context=context)
             ^^^^^^^^^^^^^^^^^^^^^^^^^^^^^^^^^^^^
_ _ _ _ _ _ _ _ _ _ _ _ _ _ _ _ _ _ _ _ _ _ _ _ _ _ _ _ _ _ _ _ _ _ _ _ _ _ _ _

self = <asyncio.runners.Runner object at 0x000002A01E002D50>
coro = <coroutine object _wrap_asyncgen_fixture.<locals>._asyncgen_fixture_wrapper.<locals>.setup at 0x000002A01DBD60C0>

    def run(self, coro, *, context=None):
        """Run code in the embedded event loop."""
        if events._get_running_loop() is not None:
            # fail fast with short traceback
>           raise RuntimeError(
                "Runner.run() cannot be called from a running event loop")
E           RuntimeError: Runner.run() cannot be called from a running event loop

C:\Python314\Lib\asyncio\runners.py:91: RuntimeError
____________ ERROR at setup of test_langchain_adapter_error_status ____________

self = <Coroutine test_langchain_adapter_error_status>

    def setup(self) -> None:
        runner_fixture_id = f"_{self._loop_scope}_scoped_runner"
        if runner_fixture_id not in self.fixturenames:
            self.fixturenames.append(runner_fixture_id)
>       return super().setup()
               ^^^^^^^^^^^^^^^

..\..\..\..\AppData\Roaming\Python\Python314\site-packages\pytest_asyncio\plugin.py:458: 
_ _ _ _ _ _ _ _ _ _ _ _ _ _ _ _ _ _ _ _ _ _ _ _ _ _ _ _ _ _ _ _ _ _ _ _ _ _ _ _
..\..\..\..\AppData\Roaming\Python\Python314\site-packages\pytest_asyncio\plugin.py:743: in pytest_fixture_setup
    hook_result = yield
                  ^^^^^
..\..\..\..\AppData\Roaming\Python\Python314\site-packages\pytest_asyncio\plugin.py:313: in _asyncgen_fixture_wrapper
    result = runner.run(setup(), context=context)
             ^^^^^^^^^^^^^^^^^^^^^^^^^^^^^^^^^^^^
_ _ _ _ _ _ _ _ _ _ _ _ _ _ _ _ _ _ _ _ _ _ _ _ _ _ _ _ _ _ _ _ _ _ _ _ _ _ _ _

self = <asyncio.runners.Runner object at 0x000002A01DF095D0>
coro = <coroutine object _wrap_asyncgen_fixture.<locals>._asyncgen_fixture_wrapper.<locals>.setup at 0x000002A01DBD7850>

    def run(self, coro, *, context=None):
        """Run code in the embedded event loop."""
        if events._get_running_loop() is not None:
            # fail fast with short traceback
>           raise RuntimeError(
                "Runner.run() cannot be called from a running event loop")
E           RuntimeError: Runner.run() cannot be called from a running event loop

C:\Python314\Lib\asyncio\runners.py:91: RuntimeError
____________ ERROR at setup of test_translate_to_scenario_success _____________

self = <Coroutine test_translate_to_scenario_success>

    def setup(self) -> None:
        runner_fixture_id = f"_{self._loop_scope}_scoped_runner"
        if runner_fixture_id not in self.fixturenames:
            self.fixturenames.append(runner_fixture_id)
>       return super().setup()
               ^^^^^^^^^^^^^^^

..\..\..\..\AppData\Roaming\Python\Python314\site-packages\pytest_asyncio\plugin.py:458: 
_ _ _ _ _ _ _ _ _ _ _ _ _ _ _ _ _ _ _ _ _ _ _ _ _ _ _ _ _ _ _ _ _ _ _ _ _ _ _ _
..\..\..\..\AppData\Roaming\Python\Python314\site-packages\pytest_asyncio\plugin.py:743: in pytest_fixture_setup
    hook_result = yield
                  ^^^^^
..\..\..\..\AppData\Roaming\Python\Python314\site-packages\pytest_asyncio\plugin.py:313: in _asyncgen_fixture_wrapper
    result = runner.run(setup(), context=context)
             ^^^^^^^^^^^^^^^^^^^^^^^^^^^^^^^^^^^^
_ _ _ _ _ _ _ _ _ _ _ _ _ _ _ _ _ _ _ _ _ _ _ _ _ _ _ _ _ _ _ _ _ _ _ _ _ _ _ _

self = <asyncio.runners.Runner object at 0x000002A01E0C5450>
coro = <coroutine object _wrap_asyncgen_fixture.<locals>._asyncgen_fixture_wrapper.<locals>.setup at 0x000002A01C5B6190>

    def run(self, coro, *, context=None):
        """Run code in the embedded event loop."""
        if events._get_running_loop() is not None:
            # fail fast with short traceback
>           raise RuntimeError(
                "Runner.run() cannot be called from a running event loop")
E           RuntimeError: Runner.run() cannot be called from a running event loop

C:\Python314\Lib\asyncio\runners.py:91: RuntimeError
_______ ERROR at setup of test_translate_to_scenario_repair_missing_id ________

self = <Coroutine test_translate_to_scenario_repair_missing_id>

    def setup(self) -> None:
        runner_fixture_id = f"_{self._loop_scope}_scoped_runner"
        if runner_fixture_id not in self.fixturenames:
            self.fixturenames.append(runner_fixture_id)
>       return super().setup()
               ^^^^^^^^^^^^^^^

..\..\..\..\AppData\Roaming\Python\Python314\site-packages\pytest_asyncio\plugin.py:458: 
_ _ _ _ _ _ _ _ _ _ _ _ _ _ _ _ _ _ _ _ _ _ _ _ _ _ _ _ _ _ _ _ _ _ _ _ _ _ _ _
..\..\..\..\AppData\Roaming\Python\Python314\site-packages\pytest_asyncio\plugin.py:743: in pytest_fixture_setup
    hook_result = yield
                  ^^^^^
..\..\..\..\AppData\Roaming\Python\Python314\site-packages\pytest_asyncio\plugin.py:313: in _asyncgen_fixture_wrapper
    result = runner.run(setup(), context=context)
             ^^^^^^^^^^^^^^^^^^^^^^^^^^^^^^^^^^^^
_ _ _ _ _ _ _ _ _ _ _ _ _ _ _ _ _ _ _ _ _ _ _ _ _ _ _ _ _ _ _ _ _ _ _ _ _ _ _ _

self = <asyncio.runners.Runner object at 0x000002A01E0C68D0>
coro = <coroutine object _wrap_asyncgen_fixture.<locals>._asyncgen_fixture_wrapper.<locals>.setup at 0x000002A01B638D40>

    def run(self, coro, *, context=None):
        """Run code in the embedded event loop."""
        if events._get_running_loop() is not None:
            # fail fast with short traceback
>           raise RuntimeError(
                "Runner.run() cannot be called from a running event loop")
E           RuntimeError: Runner.run() cannot be called from a running event loop

C:\Python314\Lib\asyncio\runners.py:91: RuntimeError
_________ ERROR at setup of test_translate_to_scenario_markdown_json __________

self = <Coroutine test_translate_to_scenario_markdown_json>

    def setup(self) -> None:
        runner_fixture_id = f"_{self._loop_scope}_scoped_runner"
        if runner_fixture_id not in self.fixturenames:
            self.fixturenames.append(runner_fixture_id)
>       return super().setup()
               ^^^^^^^^^^^^^^^

..\..\..\..\AppData\Roaming\Python\Python314\site-packages\pytest_asyncio\plugin.py:458: 
_ _ _ _ _ _ _ _ _ _ _ _ _ _ _ _ _ _ _ _ _ _ _ _ _ _ _ _ _ _ _ _ _ _ _ _ _ _ _ _
..\..\..\..\AppData\Roaming\Python\Python314\site-packages\pytest_asyncio\plugin.py:743: in pytest_fixture_setup
    hook_result = yield
                  ^^^^^
..\..\..\..\AppData\Roaming\Python\Python314\site-packages\pytest_asyncio\plugin.py:313: in _asyncgen_fixture_wrapper
    result = runner.run(setup(), context=context)
             ^^^^^^^^^^^^^^^^^^^^^^^^^^^^^^^^^^^^
_ _ _ _ _ _ _ _ _ _ _ _ _ _ _ _ _ _ _ _ _ _ _ _ _ _ _ _ _ _ _ _ _ _ _ _ _ _ _ _

self = <asyncio.runners.Runner object at 0x000002A01E0C76D0>
coro = <coroutine object _wrap_asyncgen_fixture.<locals>._asyncgen_fixture_wrapper.<locals>.setup at 0x000002A01C78C380>

    def run(self, coro, *, context=None):
        """Run code in the embedded event loop."""
        if events._get_running_loop() is not None:
            # fail fast with short traceback
>           raise RuntimeError(
                "Runner.run() cannot be called from a running event loop")
E           RuntimeError: Runner.run() cannot be called from a running event loop

C:\Python314\Lib\asyncio\runners.py:91: RuntimeError
__________ ERROR at setup of test_translate_to_scenario_invalid_json __________

self = <Coroutine test_translate_to_scenario_invalid_json>

    def setup(self) -> None:
        runner_fixture_id = f"_{self._loop_scope}_scoped_runner"
        if runner_fixture_id not in self.fixturenames:
            self.fixturenames.append(runner_fixture_id)
>       return super().setup()
               ^^^^^^^^^^^^^^^

..\..\..\..\AppData\Roaming\Python\Python314\site-packages\pytest_asyncio\plugin.py:458: 
_ _ _ _ _ _ _ _ _ _ _ _ _ _ _ _ _ _ _ _ _ _ _ _ _ _ _ _ _ _ _ _ _ _ _ _ _ _ _ _
..\..\..\..\AppData\Roaming\Python\Python314\site-packages\pytest_asyncio\plugin.py:743: in pytest_fixture_setup
    hook_result = yield
                  ^^^^^
..\..\..\..\AppData\Roaming\Python\Python314\site-packages\pytest_asyncio\plugin.py:313: in _asyncgen_fixture_wrapper
    result = runner.run(setup(), context=context)
             ^^^^^^^^^^^^^^^^^^^^^^^^^^^^^^^^^^^^
_ _ _ _ _ _ _ _ _ _ _ _ _ _ _ _ _ _ _ _ _ _ _ _ _ _ _ _ _ _ _ _ _ _ _ _ _ _ _ _

self = <asyncio.runners.Runner object at 0x000002A01C2F2A50>
coro = <coroutine object _wrap_asyncgen_fixture.<locals>._asyncgen_fixture_wrapper.<locals>.setup at 0x000002A01C5B72A0>

    def run(self, coro, *, context=None):
        """Run code in the embedded event loop."""
        if events._get_running_loop() is not None:
            # fail fast with short traceback
>           raise RuntimeError(
                "Runner.run() cannot be called from a running event loop")
E           RuntimeError: Runner.run() cannot be called from a running event loop

C:\Python314\Lib\asyncio\runners.py:91: RuntimeError
___________ ERROR at setup of test_translate_to_scenario_api_error ____________

self = <Coroutine test_translate_to_scenario_api_error>

    def setup(self) -> None:
        runner_fixture_id = f"_{self._loop_scope}_scoped_runner"
        if runner_fixture_id not in self.fixturenames:
            self.fixturenames.append(runner_fixture_id)
>       return super().setup()
               ^^^^^^^^^^^^^^^

..\..\..\..\AppData\Roaming\Python\Python314\site-packages\pytest_asyncio\plugin.py:458: 
_ _ _ _ _ _ _ _ _ _ _ _ _ _ _ _ _ _ _ _ _ _ _ _ _ _ _ _ _ _ _ _ _ _ _ _ _ _ _ _
..\..\..\..\AppData\Roaming\Python\Python314\site-packages\pytest_asyncio\plugin.py:743: in pytest_fixture_setup
    hook_result = yield
                  ^^^^^
..\..\..\..\AppData\Roaming\Python\Python314\site-packages\pytest_asyncio\plugin.py:313: in _asyncgen_fixture_wrapper
    result = runner.run(setup(), context=context)
             ^^^^^^^^^^^^^^^^^^^^^^^^^^^^^^^^^^^^
_ _ _ _ _ _ _ _ _ _ _ _ _ _ _ _ _ _ _ _ _ _ _ _ _ _ _ _ _ _ _ _ _ _ _ _ _ _ _ _

self = <asyncio.runners.Runner object at 0x000002A01C618750>
coro = <coroutine object _wrap_asyncgen_fixture.<locals>._asyncgen_fixture_wrapper.<locals>.setup at 0x000002A01C5B5B10>

    def run(self, coro, *, context=None):
        """Run code in the embedded event loop."""
        if events._get_running_loop() is not None:
            # fail fast with short traceback
>           raise RuntimeError(
                "Runner.run() cannot be called from a running event loop")
E           RuntimeError: Runner.run() cannot be called from a running event loop

C:\Python314\Lib\asyncio\runners.py:91: RuntimeError
_______________ ERROR at setup of test_ollama_provider_success ________________

self = <Coroutine test_ollama_provider_success>

    def setup(self) -> None:
        runner_fixture_id = f"_{self._loop_scope}_scoped_runner"
        if runner_fixture_id not in self.fixturenames:
            self.fixturenames.append(runner_fixture_id)
>       return super().setup()
               ^^^^^^^^^^^^^^^

..\..\..\..\AppData\Roaming\Python\Python314\site-packages\pytest_asyncio\plugin.py:458: 
_ _ _ _ _ _ _ _ _ _ _ _ _ _ _ _ _ _ _ _ _ _ _ _ _ _ _ _ _ _ _ _ _ _ _ _ _ _ _ _
..\..\..\..\AppData\Roaming\Python\Python314\site-packages\pytest_asyncio\plugin.py:743: in pytest_fixture_setup
    hook_result = yield
                  ^^^^^
..\..\..\..\AppData\Roaming\Python\Python314\site-packages\pytest_asyncio\plugin.py:313: in _asyncgen_fixture_wrapper
    result = runner.run(setup(), context=context)
             ^^^^^^^^^^^^^^^^^^^^^^^^^^^^^^^^^^^^
_ _ _ _ _ _ _ _ _ _ _ _ _ _ _ _ _ _ _ _ _ _ _ _ _ _ _ _ _ _ _ _ _ _ _ _ _ _ _ _

self = <asyncio.runners.Runner object at 0x000002A01E0BF050>
coro = <coroutine object _wrap_asyncgen_fixture.<locals>._asyncgen_fixture_wrapper.<locals>.setup at 0x000002A01DBD6C20>

    def run(self, coro, *, context=None):
        """Run code in the embedded event loop."""
        if events._get_running_loop() is not None:
            # fail fast with short traceback
>           raise RuntimeError(
                "Runner.run() cannot be called from a running event loop")
E           RuntimeError: Runner.run() cannot be called from a running event loop

C:\Python314\Lib\asyncio\runners.py:91: RuntimeError
_______________ ERROR at setup of test_openai_provider_success ________________

self = <Coroutine test_openai_provider_success>

    def setup(self) -> None:
        runner_fixture_id = f"_{self._loop_scope}_scoped_runner"
        if runner_fixture_id not in self.fixturenames:
            self.fixturenames.append(runner_fixture_id)
>       return super().setup()
               ^^^^^^^^^^^^^^^

..\..\..\..\AppData\Roaming\Python\Python314\site-packages\pytest_asyncio\plugin.py:458: 
_ _ _ _ _ _ _ _ _ _ _ _ _ _ _ _ _ _ _ _ _ _ _ _ _ _ _ _ _ _ _ _ _ _ _ _ _ _ _ _
..\..\..\..\AppData\Roaming\Python\Python314\site-packages\pytest_asyncio\plugin.py:743: in pytest_fixture_setup
    hook_result = yield
                  ^^^^^
..\..\..\..\AppData\Roaming\Python\Python314\site-packages\pytest_asyncio\plugin.py:313: in _asyncgen_fixture_wrapper
    result = runner.run(setup(), context=context)
             ^^^^^^^^^^^^^^^^^^^^^^^^^^^^^^^^^^^^
_ _ _ _ _ _ _ _ _ _ _ _ _ _ _ _ _ _ _ _ _ _ _ _ _ _ _ _ _ _ _ _ _ _ _ _ _ _ _ _

self = <asyncio.runners.Runner object at 0x000002A01E0BF150>
coro = <coroutine object _wrap_asyncgen_fixture.<locals>._asyncgen_fixture_wrapper.<locals>.setup at 0x000002A01BEB4EE0>

    def run(self, coro, *, context=None):
        """Run code in the embedded event loop."""
        if events._get_running_loop() is not None:
            # fail fast with short traceback
>           raise RuntimeError(
                "Runner.run() cannot be called from a running event loop")
E           RuntimeError: Runner.run() cannot be called from a running event loop

C:\Python314\Lib\asyncio\runners.py:91: RuntimeError
_________________ ERROR at setup of test_openai_unauthorized __________________

self = <Coroutine test_openai_unauthorized>

    def setup(self) -> None:
        runner_fixture_id = f"_{self._loop_scope}_scoped_runner"
        if runner_fixture_id not in self.fixturenames:
            self.fixturenames.append(runner_fixture_id)
>       return super().setup()
               ^^^^^^^^^^^^^^^

..\..\..\..\AppData\Roaming\Python\Python314\site-packages\pytest_asyncio\plugin.py:458: 
_ _ _ _ _ _ _ _ _ _ _ _ _ _ _ _ _ _ _ _ _ _ _ _ _ _ _ _ _ _ _ _ _ _ _ _ _ _ _ _
..\..\..\..\AppData\Roaming\Python\Python314\site-packages\pytest_asyncio\plugin.py:743: in pytest_fixture_setup
    hook_result = yield
                  ^^^^^
..\..\..\..\AppData\Roaming\Python\Python314\site-packages\pytest_asyncio\plugin.py:313: in _asyncgen_fixture_wrapper
    result = runner.run(setup(), context=context)
             ^^^^^^^^^^^^^^^^^^^^^^^^^^^^^^^^^^^^
_ _ _ _ _ _ _ _ _ _ _ _ _ _ _ _ _ _ _ _ _ _ _ _ _ _ _ _ _ _ _ _ _ _ _ _ _ _ _ _

self = <asyncio.runners.Runner object at 0x000002A01C4F1A50>
coro = <coroutine object _wrap_asyncgen_fixture.<locals>._asyncgen_fixture_wrapper.<locals>.setup at 0x000002A01DB99D80>

    def run(self, coro, *, context=None):
        """Run code in the embedded event loop."""
        if events._get_running_loop() is not None:
            # fail fast with short traceback
>           raise RuntimeError(
                "Runner.run() cannot be called from a running event loop")
E           RuntimeError: Runner.run() cannot be called from a running event loop

C:\Python314\Lib\asyncio\runners.py:91: RuntimeError
_______________ ERROR at setup of test_record_interaction_flow ________________

self = <Coroutine test_record_interaction_flow>

    def setup(self) -> None:
        runner_fixture_id = f"_{self._loop_scope}_scoped_runner"
        if runner_fixture_id not in self.fixturenames:
            self.fixturenames.append(runner_fixture_id)
>       return super().setup()
               ^^^^^^^^^^^^^^^

..\..\..\..\AppData\Roaming\Python\Python314\site-packages\pytest_asyncio\plugin.py:458: 
_ _ _ _ _ _ _ _ _ _ _ _ _ _ _ _ _ _ _ _ _ _ _ _ _ _ _ _ _ _ _ _ _ _ _ _ _ _ _ _
..\..\..\..\AppData\Roaming\Python\Python314\site-packages\pytest_asyncio\plugin.py:743: in pytest_fixture_setup
    hook_result = yield
                  ^^^^^
..\..\..\..\AppData\Roaming\Python\Python314\site-packages\pytest_asyncio\plugin.py:313: in _asyncgen_fixture_wrapper
    result = runner.run(setup(), context=context)
             ^^^^^^^^^^^^^^^^^^^^^^^^^^^^^^^^^^^^
_ _ _ _ _ _ _ _ _ _ _ _ _ _ _ _ _ _ _ _ _ _ _ _ _ _ _ _ _ _ _ _ _ _ _ _ _ _ _ _

self = <asyncio.runners.Runner object at 0x000002A0205E44D0>
coro = <coroutine object _wrap_asyncgen_fixture.<locals>._asyncgen_fixture_wrapper.<locals>.setup at 0x000002A01C114FB0>

    def run(self, coro, *, context=None):
        """Run code in the embedded event loop."""
        if events._get_running_loop() is not None:
            # fail fast with short traceback
>           raise RuntimeError(
                "Runner.run() cannot be called from a running event loop")
E           RuntimeError: Runner.run() cannot be called from a running event loop

C:\Python314\Lib\asyncio\runners.py:91: RuntimeError
______________ ERROR at setup of test_trace_recorder_saves_jsonl ______________

self = <Coroutine test_trace_recorder_saves_jsonl>

    def setup(self) -> None:
        runner_fixture_id = f"_{self._loop_scope}_scoped_runner"
        if runner_fixture_id not in self.fixturenames:
            self.fixturenames.append(runner_fixture_id)
>       return super().setup()
               ^^^^^^^^^^^^^^^

..\..\..\..\AppData\Roaming\Python\Python314\site-packages\pytest_asyncio\plugin.py:458: 
_ _ _ _ _ _ _ _ _ _ _ _ _ _ _ _ _ _ _ _ _ _ _ _ _ _ _ _ _ _ _ _ _ _ _ _ _ _ _ _
..\..\..\..\AppData\Roaming\Python\Python314\site-packages\pytest_asyncio\plugin.py:743: in pytest_fixture_setup
    hook_result = yield
                  ^^^^^
..\..\..\..\AppData\Roaming\Python\Python314\site-packages\pytest_asyncio\plugin.py:313: in _asyncgen_fixture_wrapper
    result = runner.run(setup(), context=context)
             ^^^^^^^^^^^^^^^^^^^^^^^^^^^^^^^^^^^^
_ _ _ _ _ _ _ _ _ _ _ _ _ _ _ _ _ _ _ _ _ _ _ _ _ _ _ _ _ _ _ _ _ _ _ _ _ _ _ _

self = <asyncio.runners.Runner object at 0x000002A020328350>
coro = <coroutine object _wrap_asyncgen_fixture.<locals>._asyncgen_fixture_wrapper.<locals>.setup at 0x000002A01C78C380>

    def run(self, coro, *, context=None):
        """Run code in the embedded event loop."""
        if events._get_running_loop() is not None:
            # fail fast with short traceback
>           raise RuntimeError(
                "Runner.run() cannot be called from a running event loop")
E           RuntimeError: Runner.run() cannot be called from a running event loop

C:\Python314\Lib\asyncio\runners.py:91: RuntimeError
_________________ ERROR at setup of test_run_playground_flow __________________

self = <Coroutine test_run_playground_flow>

    def setup(self) -> None:
        runner_fixture_id = f"_{self._loop_scope}_scoped_runner"
        if runner_fixture_id not in self.fixturenames:
            self.fixturenames.append(runner_fixture_id)
>       return super().setup()
               ^^^^^^^^^^^^^^^

..\..\..\..\AppData\Roaming\Python\Python314\site-packages\pytest_asyncio\plugin.py:458: 
_ _ _ _ _ _ _ _ _ _ _ _ _ _ _ _ _ _ _ _ _ _ _ _ _ _ _ _ _ _ _ _ _ _ _ _ _ _ _ _
..\..\..\..\AppData\Roaming\Python\Python314\site-packages\pytest_asyncio\plugin.py:743: in pytest_fixture_setup
    hook_result = yield
                  ^^^^^
..\..\..\..\AppData\Roaming\Python\Python314\site-packages\pytest_asyncio\plugin.py:313: in _asyncgen_fixture_wrapper
    result = runner.run(setup(), context=context)
             ^^^^^^^^^^^^^^^^^^^^^^^^^^^^^^^^^^^^
_ _ _ _ _ _ _ _ _ _ _ _ _ _ _ _ _ _ _ _ _ _ _ _ _ _ _ _ _ _ _ _ _ _ _ _ _ _ _ _

self = <asyncio.runners.Runner object at 0x000002A0A37A9F50>
coro = <coroutine object _wrap_asyncgen_fixture.<locals>._asyncgen_fixture_wrapper.<locals>.setup at 0x000002A0A369F100>

    def run(self, coro, *, context=None):
        """Run code in the embedded event loop."""
        if events._get_running_loop() is not None:
            # fail fast with short traceback
>           raise RuntimeError(
                "Runner.run() cannot be called from a running event loop")
E           RuntimeError: Runner.run() cannot be called from a running event loop

C:\Python314\Lib\asyncio\runners.py:91: RuntimeError
================================== FAILURES ===================================
__________________________ test_openai_adapter_logic __________________________

self = <Coroutine test_openai_adapter_logic>

    def runtest(self) -> None:
        runner_fixture_id = f"_{self._loop_scope}_scoped_runner"
        runner = self._request.getfixturevalue(runner_fixture_id)
        context = contextvars.copy_context()
        synchronized_obj = _synchronize_coroutine(
            getattr(*self._synchronization_target_attr), runner, context
        )
        with MonkeyPatch.context() as c:
            c.setattr(*self._synchronization_target_attr, synchronized_obj)
>           super().runtest()

..\..\..\..\AppData\Roaming\Python\Python314\site-packages\pytest_asyncio\plugin.py:469: 
_ _ _ _ _ _ _ _ _ _ _ _ _ _ _ _ _ _ _ _ _ _ _ _ _ _ _ _ _ _ _ _ _ _ _ _ _ _ _ _
..\..\..\..\AppData\Roaming\Python\Python314\site-packages\pytest_asyncio\plugin.py:716: in inner
    runner.run(coro, context=context)
_ _ _ _ _ _ _ _ _ _ _ _ _ _ _ _ _ _ _ _ _ _ _ _ _ _ _ _ _ _ _ _ _ _ _ _ _ _ _ _

self = <asyncio.runners.Runner object at 0x000002A01DDBB9D0>
coro = <coroutine object test_openai_adapter_logic at 0x000002A01DAFDF20>

    def run(self, coro, *, context=None):
        """Run code in the embedded event loop."""
        if events._get_running_loop() is not None:
            # fail fast with short traceback
>           raise RuntimeError(
                "Runner.run() cannot be called from a running event loop")
E           RuntimeError: Runner.run() cannot be called from a running event loop

C:\Python314\Lib\asyncio\runners.py:91: RuntimeError
____________________________ test_autogen_adapter _____________________________

self = <Coroutine test_autogen_adapter>

    def runtest(self) -> None:
        runner_fixture_id = f"_{self._loop_scope}_scoped_runner"
        runner = self._request.getfixturevalue(runner_fixture_id)
        context = contextvars.copy_context()
        synchronized_obj = _synchronize_coroutine(
            getattr(*self._synchronization_target_attr), runner, context
        )
        with MonkeyPatch.context() as c:
            c.setattr(*self._synchronization_target_attr, synchronized_obj)
>           super().runtest()

..\..\..\..\AppData\Roaming\Python\Python314\site-packages\pytest_asyncio\plugin.py:469: 
_ _ _ _ _ _ _ _ _ _ _ _ _ _ _ _ _ _ _ _ _ _ _ _ _ _ _ _ _ _ _ _ _ _ _ _ _ _ _ _
..\..\..\..\AppData\Roaming\Python\Python314\site-packages\pytest_asyncio\plugin.py:716: in inner
    runner.run(coro, context=context)
_ _ _ _ _ _ _ _ _ _ _ _ _ _ _ _ _ _ _ _ _ _ _ _ _ _ _ _ _ _ _ _ _ _ _ _ _ _ _ _

self = <asyncio.runners.Runner object at 0x000002A01C7FFEC0>
coro = <coroutine object test_autogen_adapter at 0x000002A01DB3AFC0>

    def run(self, coro, *, context=None):
        """Run code in the embedded event loop."""
        if events._get_running_loop() is not None:
            # fail fast with short traceback
>           raise RuntimeError(
                "Runner.run() cannot be called from a running event loop")
E           RuntimeError: Runner.run() cannot be called from a running event loop

C:\Python314\Lib\asyncio\runners.py:91: RuntimeError
______________________________ test_grok_adapter ______________________________

self = <Coroutine test_grok_adapter>

    def runtest(self) -> None:
        runner_fixture_id = f"_{self._loop_scope}_scoped_runner"
        runner = self._request.getfixturevalue(runner_fixture_id)
        context = contextvars.copy_context()
        synchronized_obj = _synchronize_coroutine(
            getattr(*self._synchronization_target_attr), runner, context
        )
        with MonkeyPatch.context() as c:
            c.setattr(*self._synchronization_target_attr, synchronized_obj)
>           super().runtest()

..\..\..\..\AppData\Roaming\Python\Python314\site-packages\pytest_asyncio\plugin.py:469: 
_ _ _ _ _ _ _ _ _ _ _ _ _ _ _ _ _ _ _ _ _ _ _ _ _ _ _ _ _ _ _ _ _ _ _ _ _ _ _ _
..\..\..\..\AppData\Roaming\Python\Python314\site-packages\pytest_asyncio\plugin.py:716: in inner
    runner.run(coro, context=context)
_ _ _ _ _ _ _ _ _ _ _ _ _ _ _ _ _ _ _ _ _ _ _ _ _ _ _ _ _ _ _ _ _ _ _ _ _ _ _ _

self = <asyncio.runners.Runner object at 0x000002A01DE6FB50>
coro = <coroutine object test_grok_adapter at 0x000002A01DB3B880>

    def run(self, coro, *, context=None):
        """Run code in the embedded event loop."""
        if events._get_running_loop() is not None:
            # fail fast with short traceback
>           raise RuntimeError(
                "Runner.run() cannot be called from a running event loop")
E           RuntimeError: Runner.run() cannot be called from a running event loop

C:\Python314\Lib\asyncio\runners.py:91: RuntimeError
__________________________ test_gemini_success_stub ___________________________

self = <Coroutine test_gemini_success_stub>

    def runtest(self) -> None:
        runner_fixture_id = f"_{self._loop_scope}_scoped_runner"
        runner = self._request.getfixturevalue(runner_fixture_id)
        context = contextvars.copy_context()
        synchronized_obj = _synchronize_coroutine(
            getattr(*self._synchronization_target_attr), runner, context
        )
        with MonkeyPatch.context() as c:
            c.setattr(*self._synchronization_target_attr, synchronized_obj)
>           super().runtest()

..\..\..\..\AppData\Roaming\Python\Python314\site-packages\pytest_asyncio\plugin.py:469: 
_ _ _ _ _ _ _ _ _ _ _ _ _ _ _ _ _ _ _ _ _ _ _ _ _ _ _ _ _ _ _ _ _ _ _ _ _ _ _ _
..\..\..\..\AppData\Roaming\Python\Python314\site-packages\pytest_asyncio\plugin.py:716: in inner
    runner.run(coro, context=context)
_ _ _ _ _ _ _ _ _ _ _ _ _ _ _ _ _ _ _ _ _ _ _ _ _ _ _ _ _ _ _ _ _ _ _ _ _ _ _ _

self = <asyncio.runners.Runner object at 0x000002A01DBA7E50>
coro = <coroutine object test_gemini_success_stub at 0x000002A01DE9CEB0>

    def run(self, coro, *, context=None):
        """Run code in the embedded event loop."""
        if events._get_running_loop() is not None:
            # fail fast with short traceback
>           raise RuntimeError(
                "Runner.run() cannot be called from a running event loop")
E           RuntimeError: Runner.run() cannot be called from a running event loop

C:\Python314\Lib\asyncio\runners.py:91: RuntimeError
_____________________________ test_openai_success _____________________________

self = <Coroutine test_openai_success>

    def runtest(self) -> None:
        runner_fixture_id = f"_{self._loop_scope}_scoped_runner"
        runner = self._request.getfixturevalue(runner_fixture_id)
        context = contextvars.copy_context()
        synchronized_obj = _synchronize_coroutine(
            getattr(*self._synchronization_target_attr), runner, context
        )
        with MonkeyPatch.context() as c:
            c.setattr(*self._synchronization_target_attr, synchronized_obj)
>           super().runtest()

..\..\..\..\AppData\Roaming\Python\Python314\site-packages\pytest_asyncio\plugin.py:469: 
_ _ _ _ _ _ _ _ _ _ _ _ _ _ _ _ _ _ _ _ _ _ _ _ _ _ _ _ _ _ _ _ _ _ _ _ _ _ _ _
..\..\..\..\AppData\Roaming\Python\Python314\site-packages\pytest_asyncio\plugin.py:716: in inner
    runner.run(coro, context=context)
_ _ _ _ _ _ _ _ _ _ _ _ _ _ _ _ _ _ _ _ _ _ _ _ _ _ _ _ _ _ _ _ _ _ _ _ _ _ _ _

self = <asyncio.runners.Runner object at 0x000002A01DFE4650>
coro = <coroutine object test_openai_success at 0x000002A01DEEB640>

    def run(self, coro, *, context=None):
        """Run code in the embedded event loop."""
        if events._get_running_loop() is not None:
            # fail fast with short traceback
>           raise RuntimeError(
                "Runner.run() cannot be called from a running event loop")
E           RuntimeError: Runner.run() cannot be called from a running event loop

C:\Python314\Lib\asyncio\runners.py:91: RuntimeError
______________________________ test_grok_success ______________________________

self = <Coroutine test_grok_success>

    def runtest(self) -> None:
        runner_fixture_id = f"_{self._loop_scope}_scoped_runner"
        runner = self._request.getfixturevalue(runner_fixture_id)
        context = contextvars.copy_context()
        synchronized_obj = _synchronize_coroutine(
            getattr(*self._synchronization_target_attr), runner, context
        )
        with MonkeyPatch.context() as c:
            c.setattr(*self._synchronization_target_attr, synchronized_obj)
>           super().runtest()

..\..\..\..\AppData\Roaming\Python\Python314\site-packages\pytest_asyncio\plugin.py:469: 
_ _ _ _ _ _ _ _ _ _ _ _ _ _ _ _ _ _ _ _ _ _ _ _ _ _ _ _ _ _ _ _ _ _ _ _ _ _ _ _
..\..\..\..\AppData\Roaming\Python\Python314\site-packages\pytest_asyncio\plugin.py:716: in inner
    runner.run(coro, context=context)
_ _ _ _ _ _ _ _ _ _ _ _ _ _ _ _ _ _ _ _ _ _ _ _ _ _ _ _ _ _ _ _ _ _ _ _ _ _ _ _

self = <asyncio.runners.Runner object at 0x000002A01DFC4850>
coro = <coroutine object test_grok_success at 0x000002A01DF203A0>

    def run(self, coro, *, context=None):
        """Run code in the embedded event loop."""
        if events._get_running_loop() is not None:
            # fail fast with short traceback
>           raise RuntimeError(
                "Runner.run() cannot be called from a running event loop")
E           RuntimeError: Runner.run() cannot be called from a running event loop

C:\Python314\Lib\asyncio\runners.py:91: RuntimeError
______________________________ test_crewai_mocks ______________________________

self = <Coroutine test_crewai_mocks>

    def runtest(self) -> None:
        runner_fixture_id = f"_{self._loop_scope}_scoped_runner"
        runner = self._request.getfixturevalue(runner_fixture_id)
        context = contextvars.copy_context()
        synchronized_obj = _synchronize_coroutine(
            getattr(*self._synchronization_target_attr), runner, context
        )
        with MonkeyPatch.context() as c:
            c.setattr(*self._synchronization_target_attr, synchronized_obj)
>           super().runtest()

..\..\..\..\AppData\Roaming\Python\Python314\site-packages\pytest_asyncio\plugin.py:469: 
_ _ _ _ _ _ _ _ _ _ _ _ _ _ _ _ _ _ _ _ _ _ _ _ _ _ _ _ _ _ _ _ _ _ _ _ _ _ _ _
..\..\..\..\AppData\Roaming\Python\Python314\site-packages\pytest_asyncio\plugin.py:716: in inner
    runner.run(coro, context=context)
_ _ _ _ _ _ _ _ _ _ _ _ _ _ _ _ _ _ _ _ _ _ _ _ _ _ _ _ _ _ _ _ _ _ _ _ _ _ _ _

self = <asyncio.runners.Runner object at 0x000002A01DBB0250>
coro = <coroutine object test_crewai_mocks at 0x000002A01DAFFA70>

    def run(self, coro, *, context=None):
        """Run code in the embedded event loop."""
        if events._get_running_loop() is not None:
            # fail fast with short traceback
>           raise RuntimeError(
                "Runner.run() cannot be called from a running event loop")
E           RuntimeError: Runner.run() cannot be called from a running event loop

C:\Python314\Lib\asyncio\runners.py:91: RuntimeError
____________________________ test_langgraph_mocks _____________________________

self = <Coroutine test_langgraph_mocks>

    def runtest(self) -> None:
        runner_fixture_id = f"_{self._loop_scope}_scoped_runner"
        runner = self._request.getfixturevalue(runner_fixture_id)
        context = contextvars.copy_context()
        synchronized_obj = _synchronize_coroutine(
            getattr(*self._synchronization_target_attr), runner, context
        )
        with MonkeyPatch.context() as c:
            c.setattr(*self._synchronization_target_attr, synchronized_obj)
>           super().runtest()

..\..\..\..\AppData\Roaming\Python\Python314\site-packages\pytest_asyncio\plugin.py:469: 
_ _ _ _ _ _ _ _ _ _ _ _ _ _ _ _ _ _ _ _ _ _ _ _ _ _ _ _ _ _ _ _ _ _ _ _ _ _ _ _
..\..\..\..\AppData\Roaming\Python\Python314\site-packages\pytest_asyncio\plugin.py:716: in inner
    runner.run(coro, context=context)
_ _ _ _ _ _ _ _ _ _ _ _ _ _ _ _ _ _ _ _ _ _ _ _ _ _ _ _ _ _ _ _ _ _ _ _ _ _ _ _

self = <asyncio.runners.Runner object at 0x000002A01DFE47D0>
coro = <coroutine object test_langgraph_mocks at 0x000002A01DAFFBA0>

    def run(self, coro, *, context=None):
        """Run code in the embedded event loop."""
        if events._get_running_loop() is not None:
            # fail fast with short traceback
>           raise RuntimeError(
                "Runner.run() cannot be called from a running event loop")
E           RuntimeError: Runner.run() cannot be called from a running event loop

C:\Python314\Lib\asyncio\runners.py:91: RuntimeError
___________________________ test_http_adapter_core ____________________________

self = <Coroutine test_http_adapter_core>

    def runtest(self) -> None:
        runner_fixture_id = f"_{self._loop_scope}_scoped_runner"
        runner = self._request.getfixturevalue(runner_fixture_id)
        context = contextvars.copy_context()
        synchronized_obj = _synchronize_coroutine(
            getattr(*self._synchronization_target_attr), runner, context
        )
        with MonkeyPatch.context() as c:
            c.setattr(*self._synchronization_target_attr, synchronized_obj)
>           super().runtest()

..\..\..\..\AppData\Roaming\Python\Python314\site-packages\pytest_asyncio\plugin.py:469: 
_ _ _ _ _ _ _ _ _ _ _ _ _ _ _ _ _ _ _ _ _ _ _ _ _ _ _ _ _ _ _ _ _ _ _ _ _ _ _ _
..\..\..\..\AppData\Roaming\Python\Python314\site-packages\pytest_asyncio\plugin.py:716: in inner
    runner.run(coro, context=context)
_ _ _ _ _ _ _ _ _ _ _ _ _ _ _ _ _ _ _ _ _ _ _ _ _ _ _ _ _ _ _ _ _ _ _ _ _ _ _ _

self = <asyncio.runners.Runner object at 0x000002A01DFE4850>
coro = <coroutine object test_http_adapter_core at 0x000002A01DF22680>

    def run(self, coro, *, context=None):
        """Run code in the embedded event loop."""
        if events._get_running_loop() is not None:
            # fail fast with short traceback
>           raise RuntimeError(
                "Runner.run() cannot be called from a running event loop")
E           RuntimeError: Runner.run() cannot be called from a running event loop

C:\Python314\Lib\asyncio\runners.py:91: RuntimeError
________________________ test_local_subprocess_adapter ________________________

self = <Coroutine test_local_subprocess_adapter>

    def runtest(self) -> None:
        runner_fixture_id = f"_{self._loop_scope}_scoped_runner"
        runner = self._request.getfixturevalue(runner_fixture_id)
        context = contextvars.copy_context()
        synchronized_obj = _synchronize_coroutine(
            getattr(*self._synchronization_target_attr), runner, context
        )
        with MonkeyPatch.context() as c:
            c.setattr(*self._synchronization_target_attr, synchronized_obj)
>           super().runtest()

..\..\..\..\AppData\Roaming\Python\Python314\site-packages\pytest_asyncio\plugin.py:469: 
_ _ _ _ _ _ _ _ _ _ _ _ _ _ _ _ _ _ _ _ _ _ _ _ _ _ _ _ _ _ _ _ _ _ _ _ _ _ _ _
..\..\..\..\AppData\Roaming\Python\Python314\site-packages\pytest_asyncio\plugin.py:716: in inner
    runner.run(coro, context=context)
_ _ _ _ _ _ _ _ _ _ _ _ _ _ _ _ _ _ _ _ _ _ _ _ _ _ _ _ _ _ _ _ _ _ _ _ _ _ _ _

self = <asyncio.runners.Runner object at 0x000002A01DFE6E50>
coro = <coroutine object test_local_subprocess_adapter at 0x000002A01DF482A0>

    def run(self, coro, *, context=None):
        """Run code in the embedded event loop."""
        if events._get_running_loop() is not None:
            # fail fast with short traceback
>           raise RuntimeError(
                "Runner.run() cannot be called from a running event loop")
E           RuntimeError: Runner.run() cannot be called from a running event loop

C:\Python314\Lib\asyncio\runners.py:91: RuntimeError
___________________________ test_socket_adapter_tcp ___________________________

self = <Coroutine test_socket_adapter_tcp>

    def runtest(self) -> None:
        runner_fixture_id = f"_{self._loop_scope}_scoped_runner"
        runner = self._request.getfixturevalue(runner_fixture_id)
        context = contextvars.copy_context()
        synchronized_obj = _synchronize_coroutine(
            getattr(*self._synchronization_target_attr), runner, context
        )
        with MonkeyPatch.context() as c:
            c.setattr(*self._synchronization_target_attr, synchronized_obj)
>           super().runtest()

..\..\..\..\AppData\Roaming\Python\Python314\site-packages\pytest_asyncio\plugin.py:469: 
_ _ _ _ _ _ _ _ _ _ _ _ _ _ _ _ _ _ _ _ _ _ _ _ _ _ _ _ _ _ _ _ _ _ _ _ _ _ _ _
..\..\..\..\AppData\Roaming\Python\Python314\site-packages\pytest_asyncio\plugin.py:716: in inner
    runner.run(coro, context=context)
_ _ _ _ _ _ _ _ _ _ _ _ _ _ _ _ _ _ _ _ _ _ _ _ _ _ _ _ _ _ _ _ _ _ _ _ _ _ _ _

self = <asyncio.runners.Runner object at 0x000002A01DBA7650>
coro = <coroutine object test_socket_adapter_tcp at 0x000002A01DF483D0>

    def run(self, coro, *, context=None):
        """Run code in the embedded event loop."""
        if events._get_running_loop() is not None:
            # fail fast with short traceback
>           raise RuntimeError(
                "Runner.run() cannot be called from a running event loop")
E           RuntimeError: Runner.run() cannot be called from a running event loop

C:\Python314\Lib\asyncio\runners.py:91: RuntimeError
___________________________ test_registry_discovery ___________________________

self = <Coroutine test_registry_discovery>

    def runtest(self) -> None:
        runner_fixture_id = f"_{self._loop_scope}_scoped_runner"
        runner = self._request.getfixturevalue(runner_fixture_id)
        context = contextvars.copy_context()
        synchronized_obj = _synchronize_coroutine(
            getattr(*self._synchronization_target_attr), runner, context
        )
        with MonkeyPatch.context() as c:
            c.setattr(*self._synchronization_target_attr, synchronized_obj)
>           super().runtest()

..\..\..\..\AppData\Roaming\Python\Python314\site-packages\pytest_asyncio\plugin.py:469: 
_ _ _ _ _ _ _ _ _ _ _ _ _ _ _ _ _ _ _ _ _ _ _ _ _ _ _ _ _ _ _ _ _ _ _ _ _ _ _ _
..\..\..\..\AppData\Roaming\Python\Python314\site-packages\pytest_asyncio\plugin.py:716: in inner
    runner.run(coro, context=context)
_ _ _ _ _ _ _ _ _ _ _ _ _ _ _ _ _ _ _ _ _ _ _ _ _ _ _ _ _ _ _ _ _ _ _ _ _ _ _ _

self = <asyncio.runners.Runner object at 0x000002A01E0001D0>
coro = <coroutine object test_registry_discovery at 0x000002A01E07CA60>

    def run(self, coro, *, context=None):
        """Run code in the embedded event loop."""
        if events._get_running_loop() is not None:
            # fail fast with short traceback
>           raise RuntimeError(
                "Runner.run() cannot be called from a running event loop")
E           RuntimeError: Runner.run() cannot be called from a running event loop

C:\Python314\Lib\asyncio\runners.py:91: RuntimeError
_____________________ test_call_agent_protocol_selection ______________________

self = <Coroutine test_call_agent_protocol_selection>

    def runtest(self) -> None:
        runner_fixture_id = f"_{self._loop_scope}_scoped_runner"
        runner = self._request.getfixturevalue(runner_fixture_id)
        context = contextvars.copy_context()
        synchronized_obj = _synchronize_coroutine(
            getattr(*self._synchronization_target_attr), runner, context
        )
        with MonkeyPatch.context() as c:
            c.setattr(*self._synchronization_target_attr, synchronized_obj)
>           super().runtest()

..\..\..\..\AppData\Roaming\Python\Python314\site-packages\pytest_asyncio\plugin.py:469: 
_ _ _ _ _ _ _ _ _ _ _ _ _ _ _ _ _ _ _ _ _ _ _ _ _ _ _ _ _ _ _ _ _ _ _ _ _ _ _ _
..\..\..\..\AppData\Roaming\Python\Python314\site-packages\pytest_asyncio\plugin.py:716: in inner
    runner.run(coro, context=context)
_ _ _ _ _ _ _ _ _ _ _ _ _ _ _ _ _ _ _ _ _ _ _ _ _ _ _ _ _ _ _ _ _ _ _ _ _ _ _ _

self = <asyncio.runners.Runner object at 0x000002A01DBA7450>
coro = <coroutine object test_call_agent_protocol_selection at 0x000002A01DF48890>

    def run(self, coro, *, context=None):
        """Run code in the embedded event loop."""
        if events._get_running_loop() is not None:
            # fail fast with short traceback
>           raise RuntimeError(
                "Runner.run() cannot be called from a running event loop")
E           RuntimeError: Runner.run() cannot be called from a running event loop

C:\Python314\Lib\asyncio\runners.py:91: RuntimeError
________________________ test_call_agent_env_fallback _________________________

self = <Coroutine test_call_agent_env_fallback>

    def runtest(self) -> None:
        runner_fixture_id = f"_{self._loop_scope}_scoped_runner"
        runner = self._request.getfixturevalue(runner_fixture_id)
        context = contextvars.copy_context()
        synchronized_obj = _synchronize_coroutine(
            getattr(*self._synchronization_target_attr), runner, context
        )
        with MonkeyPatch.context() as c:
            c.setattr(*self._synchronization_target_attr, synchronized_obj)
>           super().runtest()

..\..\..\..\AppData\Roaming\Python\Python314\site-packages\pytest_asyncio\plugin.py:469: 
_ _ _ _ _ _ _ _ _ _ _ _ _ _ _ _ _ _ _ _ _ _ _ _ _ _ _ _ _ _ _ _ _ _ _ _ _ _ _ _
..\..\..\..\AppData\Roaming\Python\Python314\site-packages\pytest_asyncio\plugin.py:716: in inner
    runner.run(coro, context=context)
_ _ _ _ _ _ _ _ _ _ _ _ _ _ _ _ _ _ _ _ _ _ _ _ _ _ _ _ _ _ _ _ _ _ _ _ _ _ _ _

self = <asyncio.runners.Runner object at 0x000002A01E0C1C50>
coro = <coroutine object test_call_agent_env_fallback at 0x000002A01DF7AC00>

    def run(self, coro, *, context=None):
        """Run code in the embedded event loop."""
        if events._get_running_loop() is not None:
            # fail fast with short traceback
>           raise RuntimeError(
                "Runner.run() cannot be called from a running event loop")
E           RuntimeError: Runner.run() cannot be called from a running event loop

C:\Python314\Lib\asyncio\runners.py:91: RuntimeError
_____________________ test_langchain_adapter_registration _____________________

self = <Coroutine test_langchain_adapter_registration>

    def runtest(self) -> None:
        runner_fixture_id = f"_{self._loop_scope}_scoped_runner"
        runner = self._request.getfixturevalue(runner_fixture_id)
        context = contextvars.copy_context()
        synchronized_obj = _synchronize_coroutine(
            getattr(*self._synchronization_target_attr), runner, context
        )
        with MonkeyPatch.context() as c:
            c.setattr(*self._synchronization_target_attr, synchronized_obj)
>           super().runtest()

..\..\..\..\AppData\Roaming\Python\Python314\site-packages\pytest_asyncio\plugin.py:469: 
_ _ _ _ _ _ _ _ _ _ _ _ _ _ _ _ _ _ _ _ _ _ _ _ _ _ _ _ _ _ _ _ _ _ _ _ _ _ _ _
..\..\..\..\AppData\Roaming\Python\Python314\site-packages\pytest_asyncio\plugin.py:716: in inner
    runner.run(coro, context=context)
_ _ _ _ _ _ _ _ _ _ _ _ _ _ _ _ _ _ _ _ _ _ _ _ _ _ _ _ _ _ _ _ _ _ _ _ _ _ _ _

self = <asyncio.runners.Runner object at 0x000002A01DF08ED0>
coro = <coroutine object test_langchain_adapter_registration at 0x000002A01C712980>

    def run(self, coro, *, context=None):
        """Run code in the embedded event loop."""
        if events._get_running_loop() is not None:
            # fail fast with short traceback
>           raise RuntimeError(
                "Runner.run() cannot be called from a running event loop")
E           RuntimeError: Runner.run() cannot be called from a running event loop

C:\Python314\Lib\asyncio\runners.py:91: RuntimeError
_____________________ test_langchain_adapter_missing_url ______________________

self = <Coroutine test_langchain_adapter_missing_url>

    def runtest(self) -> None:
        runner_fixture_id = f"_{self._loop_scope}_scoped_runner"
        runner = self._request.getfixturevalue(runner_fixture_id)
        context = contextvars.copy_context()
        synchronized_obj = _synchronize_coroutine(
            getattr(*self._synchronization_target_attr), runner, context
        )
        with MonkeyPatch.context() as c:
            c.setattr(*self._synchronization_target_attr, synchronized_obj)
>           super().runtest()

..\..\..\..\AppData\Roaming\Python\Python314\site-packages\pytest_asyncio\plugin.py:469: 
_ _ _ _ _ _ _ _ _ _ _ _ _ _ _ _ _ _ _ _ _ _ _ _ _ _ _ _ _ _ _ _ _ _ _ _ _ _ _ _
..\..\..\..\AppData\Roaming\Python\Python314\site-packages\pytest_asyncio\plugin.py:716: in inner
    runner.run(coro, context=context)
_ _ _ _ _ _ _ _ _ _ _ _ _ _ _ _ _ _ _ _ _ _ _ _ _ _ _ _ _ _ _ _ _ _ _ _ _ _ _ _

self = <asyncio.runners.Runner object at 0x000002A01DFC5850>
coro = <coroutine object test_langchain_adapter_missing_url at 0x000002A01E0104C0>

    def run(self, coro, *, context=None):
        """Run code in the embedded event loop."""
        if events._get_running_loop() is not None:
            # fail fast with short traceback
>           raise RuntimeError(
                "Runner.run() cannot be called from a running event loop")
E           RuntimeError: Runner.run() cannot be called from a running event loop

C:\Python314\Lib\asyncio\runners.py:91: RuntimeError
______________________ test_langchain_adapter_exception _______________________

self = <Coroutine test_langchain_adapter_exception>

    def runtest(self) -> None:
        runner_fixture_id = f"_{self._loop_scope}_scoped_runner"
        runner = self._request.getfixturevalue(runner_fixture_id)
        context = contextvars.copy_context()
        synchronized_obj = _synchronize_coroutine(
            getattr(*self._synchronization_target_attr), runner, context
        )
        with MonkeyPatch.context() as c:
            c.setattr(*self._synchronization_target_attr, synchronized_obj)
>           super().runtest()

..\..\..\..\AppData\Roaming\Python\Python314\site-packages\pytest_asyncio\plugin.py:469: 
_ _ _ _ _ _ _ _ _ _ _ _ _ _ _ _ _ _ _ _ _ _ _ _ _ _ _ _ _ _ _ _ _ _ _ _ _ _ _ _
..\..\..\..\AppData\Roaming\Python\Python314\site-packages\pytest_asyncio\plugin.py:716: in inner
    runner.run(coro, context=context)
_ _ _ _ _ _ _ _ _ _ _ _ _ _ _ _ _ _ _ _ _ _ _ _ _ _ _ _ _ _ _ _ _ _ _ _ _ _ _ _

self = <asyncio.runners.Runner object at 0x000002A01E0C27D0>
coro = <coroutine object test_langchain_adapter_exception at 0x000002A01C08A980>

    def run(self, coro, *, context=None):
        """Run code in the embedded event loop."""
        if events._get_running_loop() is not None:
            # fail fast with short traceback
>           raise RuntimeError(
                "Runner.run() cannot be called from a running event loop")
E           RuntimeError: Runner.run() cannot be called from a running event loop

C:\Python314\Lib\asyncio\runners.py:91: RuntimeError
__________________________ test_analyze_repo_telecom __________________________

self = <Coroutine test_analyze_repo_telecom>

    def runtest(self) -> None:
        runner_fixture_id = f"_{self._loop_scope}_scoped_runner"
        runner = self._request.getfixturevalue(runner_fixture_id)
        context = contextvars.copy_context()
        synchronized_obj = _synchronize_coroutine(
            getattr(*self._synchronization_target_attr), runner, context
        )
        with MonkeyPatch.context() as c:
            c.setattr(*self._synchronization_target_attr, synchronized_obj)
>           super().runtest()

..\..\..\..\AppData\Roaming\Python\Python314\site-packages\pytest_asyncio\plugin.py:469: 
_ _ _ _ _ _ _ _ _ _ _ _ _ _ _ _ _ _ _ _ _ _ _ _ _ _ _ _ _ _ _ _ _ _ _ _ _ _ _ _
..\..\..\..\AppData\Roaming\Python\Python314\site-packages\pytest_asyncio\plugin.py:716: in inner
    runner.run(coro, context=context)
_ _ _ _ _ _ _ _ _ _ _ _ _ _ _ _ _ _ _ _ _ _ _ _ _ _ _ _ _ _ _ _ _ _ _ _ _ _ _ _

self = <asyncio.runners.Runner object at 0x000002A01DFE5C50>
coro = <coroutine object test_analyze_repo_telecom at 0x000002A01E04EBC0>

    def run(self, coro, *, context=None):
        """Run code in the embedded event loop."""
        if events._get_running_loop() is not None:
            # fail fast with short traceback
>           raise RuntimeError(
                "Runner.run() cannot be called from a running event loop")
E           RuntimeError: Runner.run() cannot be called from a running event loop

C:\Python314\Lib\asyncio\runners.py:91: RuntimeError
__________________________ test_analyze_repo_finance __________________________

self = <Coroutine test_analyze_repo_finance>

    def runtest(self) -> None:
        runner_fixture_id = f"_{self._loop_scope}_scoped_runner"
        runner = self._request.getfixturevalue(runner_fixture_id)
        context = contextvars.copy_context()
        synchronized_obj = _synchronize_coroutine(
            getattr(*self._synchronization_target_attr), runner, context
        )
        with MonkeyPatch.context() as c:
            c.setattr(*self._synchronization_target_attr, synchronized_obj)
>           super().runtest()

..\..\..\..\AppData\Roaming\Python\Python314\site-packages\pytest_asyncio\plugin.py:469: 
_ _ _ _ _ _ _ _ _ _ _ _ _ _ _ _ _ _ _ _ _ _ _ _ _ _ _ _ _ _ _ _ _ _ _ _ _ _ _ _
..\..\..\..\AppData\Roaming\Python\Python314\site-packages\pytest_asyncio\plugin.py:716: in inner
    runner.run(coro, context=context)
_ _ _ _ _ _ _ _ _ _ _ _ _ _ _ _ _ _ _ _ _ _ _ _ _ _ _ _ _ _ _ _ _ _ _ _ _ _ _ _

self = <asyncio.runners.Runner object at 0x000002A01E0A0E50>
coro = <coroutine object test_analyze_repo_finance at 0x000002A01C0D68F0>

    def run(self, coro, *, context=None):
        """Run code in the embedded event loop."""
        if events._get_running_loop() is not None:
            # fail fast with short traceback
>           raise RuntimeError(
                "Runner.run() cannot be called from a running event loop")
E           RuntimeError: Runner.run() cannot be called from a running event loop

C:\Python314\Lib\asyncio\runners.py:91: RuntimeError
_________________ test_translate_to_scenario_connection_error _________________

self = <Coroutine test_translate_to_scenario_connection_error>

    def runtest(self) -> None:
        runner_fixture_id = f"_{self._loop_scope}_scoped_runner"
        runner = self._request.getfixturevalue(runner_fixture_id)
        context = contextvars.copy_context()
        synchronized_obj = _synchronize_coroutine(
            getattr(*self._synchronization_target_attr), runner, context
        )
        with MonkeyPatch.context() as c:
            c.setattr(*self._synchronization_target_attr, synchronized_obj)
>           super().runtest()

..\..\..\..\AppData\Roaming\Python\Python314\site-packages\pytest_asyncio\plugin.py:469: 
_ _ _ _ _ _ _ _ _ _ _ _ _ _ _ _ _ _ _ _ _ _ _ _ _ _ _ _ _ _ _ _ _ _ _ _ _ _ _ _
..\..\..\..\AppData\Roaming\Python\Python314\site-packages\pytest_asyncio\plugin.py:716: in inner
    runner.run(coro, context=context)
_ _ _ _ _ _ _ _ _ _ _ _ _ _ _ _ _ _ _ _ _ _ _ _ _ _ _ _ _ _ _ _ _ _ _ _ _ _ _ _

self = <asyncio.runners.Runner object at 0x000002A01E172B50>
coro = <coroutine object test_translate_to_scenario_connection_error at 0x000002A01D9889E0>

    def run(self, coro, *, context=None):
        """Run code in the embedded event loop."""
        if events._get_running_loop() is not None:
            # fail fast with short traceback
>           raise RuntimeError(
                "Runner.run() cannot be called from a running event loop")
E           RuntimeError: Runner.run() cannot be called from a running event loop

C:\Python314\Lib\asyncio\runners.py:91: RuntimeError
_____________________________ test_doctor_success _____________________________

self = <Coroutine test_doctor_success>

    def runtest(self) -> None:
        runner_fixture_id = f"_{self._loop_scope}_scoped_runner"
        runner = self._request.getfixturevalue(runner_fixture_id)
        context = contextvars.copy_context()
        synchronized_obj = _synchronize_coroutine(
            getattr(*self._synchronization_target_attr), runner, context
        )
        with MonkeyPatch.context() as c:
            c.setattr(*self._synchronization_target_attr, synchronized_obj)
>           super().runtest()

..\..\..\..\AppData\Roaming\Python\Python314\site-packages\pytest_asyncio\plugin.py:469: 
_ _ _ _ _ _ _ _ _ _ _ _ _ _ _ _ _ _ _ _ _ _ _ _ _ _ _ _ _ _ _ _ _ _ _ _ _ _ _ _
..\..\..\..\AppData\Roaming\Python\Python314\site-packages\pytest_asyncio\plugin.py:716: in inner
    runner.run(coro, context=context)
_ _ _ _ _ _ _ _ _ _ _ _ _ _ _ _ _ _ _ _ _ _ _ _ _ _ _ _ _ _ _ _ _ _ _ _ _ _ _ _

self = <asyncio.runners.Runner object at 0x000002A01C619450>
coro = <coroutine object test_doctor_success at 0x000002A01C2DD640>

    def run(self, coro, *, context=None):
        """Run code in the embedded event loop."""
        if events._get_running_loop() is not None:
            # fail fast with short traceback
>           raise RuntimeError(
                "Runner.run() cannot be called from a running event loop")
E           RuntimeError: Runner.run() cannot be called from a running event loop

C:\Python314\Lib\asyncio\runners.py:91: RuntimeError
_____________________________ test_event_emission _____________________________

self = <Coroutine test_event_emission>

    def runtest(self) -> None:
        runner_fixture_id = f"_{self._loop_scope}_scoped_runner"
        runner = self._request.getfixturevalue(runner_fixture_id)
        context = contextvars.copy_context()
        synchronized_obj = _synchronize_coroutine(
            getattr(*self._synchronization_target_attr), runner, context
        )
        with MonkeyPatch.context() as c:
            c.setattr(*self._synchronization_target_attr, synchronized_obj)
>           super().runtest()

..\..\..\..\AppData\Roaming\Python\Python314\site-packages\pytest_asyncio\plugin.py:469: 
_ _ _ _ _ _ _ _ _ _ _ _ _ _ _ _ _ _ _ _ _ _ _ _ _ _ _ _ _ _ _ _ _ _ _ _ _ _ _ _
..\..\..\..\AppData\Roaming\Python\Python314\site-packages\pytest_asyncio\plugin.py:716: in inner
    runner.run(coro, context=context)
_ _ _ _ _ _ _ _ _ _ _ _ _ _ _ _ _ _ _ _ _ _ _ _ _ _ _ _ _ _ _ _ _ _ _ _ _ _ _ _

self = <asyncio.runners.Runner object at 0x000002A01DFC6550>
coro = <coroutine object test_event_emission at 0x000002A01EA00160>

    def run(self, coro, *, context=None):
        """Run code in the embedded event loop."""
        if events._get_running_loop() is not None:
            # fail fast with short traceback
>           raise RuntimeError(
                "Runner.run() cannot be called from a running event loop")
E           RuntimeError: Runner.run() cannot be called from a running event loop

C:\Python314\Lib\asyncio\runners.py:91: RuntimeError
__________________________ test_plugin_interception ___________________________

self = <Coroutine test_plugin_interception>

    def runtest(self) -> None:
        runner_fixture_id = f"_{self._loop_scope}_scoped_runner"
        runner = self._request.getfixturevalue(runner_fixture_id)
        context = contextvars.copy_context()
        synchronized_obj = _synchronize_coroutine(
            getattr(*self._synchronization_target_attr), runner, context
        )
        with MonkeyPatch.context() as c:
            c.setattr(*self._synchronization_target_attr, synchronized_obj)
>           super().runtest()

..\..\..\..\AppData\Roaming\Python\Python314\site-packages\pytest_asyncio\plugin.py:469: 
_ _ _ _ _ _ _ _ _ _ _ _ _ _ _ _ _ _ _ _ _ _ _ _ _ _ _ _ _ _ _ _ _ _ _ _ _ _ _ _
..\..\..\..\AppData\Roaming\Python\Python314\site-packages\pytest_asyncio\plugin.py:716: in inner
    runner.run(coro, context=context)
_ _ _ _ _ _ _ _ _ _ _ _ _ _ _ _ _ _ _ _ _ _ _ _ _ _ _ _ _ _ _ _ _ _ _ _ _ _ _ _

self = <asyncio.runners.Runner object at 0x000002A01C8BBCD0>
coro = <coroutine object test_plugin_interception at 0x000002A018E08520>

    def run(self, coro, *, context=None):
        """Run code in the embedded event loop."""
        if events._get_running_loop() is not None:
            # fail fast with short traceback
>           raise RuntimeError(
                "Runner.run() cannot be called from a running event loop")
E           RuntimeError: Runner.run() cannot be called from a running event loop

C:\Python314\Lib\asyncio\runners.py:91: RuntimeError
__________________________ test_runner_orchestration __________________________

self = <Coroutine test_runner_orchestration>

    def runtest(self) -> None:
        runner_fixture_id = f"_{self._loop_scope}_scoped_runner"
        runner = self._request.getfixturevalue(runner_fixture_id)
        context = contextvars.copy_context()
        synchronized_obj = _synchronize_coroutine(
            getattr(*self._synchronization_target_attr), runner, context
        )
        with MonkeyPatch.context() as c:
            c.setattr(*self._synchronization_target_attr, synchronized_obj)
>           super().runtest()

..\..\..\..\AppData\Roaming\Python\Python314\site-packages\pytest_asyncio\plugin.py:469: 
_ _ _ _ _ _ _ _ _ _ _ _ _ _ _ _ _ _ _ _ _ _ _ _ _ _ _ _ _ _ _ _ _ _ _ _ _ _ _ _
..\..\..\..\AppData\Roaming\Python\Python314\site-packages\pytest_asyncio\plugin.py:716: in inner
    runner.run(coro, context=context)
_ _ _ _ _ _ _ _ _ _ _ _ _ _ _ _ _ _ _ _ _ _ _ _ _ _ _ _ _ _ _ _ _ _ _ _ _ _ _ _

self = <asyncio.runners.Runner object at 0x000002A01E0A0B50>
coro = <coroutine object test_runner_orchestration at 0x000002A01C5D48E0>

    def run(self, coro, *, context=None):
        """Run code in the embedded event loop."""
        if events._get_running_loop() is not None:
            # fail fast with short traceback
>           raise RuntimeError(
                "Runner.run() cannot be called from a running event loop")
E           RuntimeError: Runner.run() cannot be called from a running event loop

C:\Python314\Lib\asyncio\runners.py:91: RuntimeError
_____________________ test_check_agent_reachable_success ______________________

self = <Coroutine test_check_agent_reachable_success>

    def runtest(self) -> None:
        runner_fixture_id = f"_{self._loop_scope}_scoped_runner"
        runner = self._request.getfixturevalue(runner_fixture_id)
        context = contextvars.copy_context()
        synchronized_obj = _synchronize_coroutine(
            getattr(*self._synchronization_target_attr), runner, context
        )
        with MonkeyPatch.context() as c:
            c.setattr(*self._synchronization_target_attr, synchronized_obj)
>           super().runtest()

..\..\..\..\AppData\Roaming\Python\Python314\site-packages\pytest_asyncio\plugin.py:469: 
_ _ _ _ _ _ _ _ _ _ _ _ _ _ _ _ _ _ _ _ _ _ _ _ _ _ _ _ _ _ _ _ _ _ _ _ _ _ _ _
..\..\..\..\AppData\Roaming\Python\Python314\site-packages\pytest_asyncio\plugin.py:716: in inner
    runner.run(coro, context=context)
_ _ _ _ _ _ _ _ _ _ _ _ _ _ _ _ _ _ _ _ _ _ _ _ _ _ _ _ _ _ _ _ _ _ _ _ _ _ _ _

self = <asyncio.runners.Runner object at 0x000002A01C4F2350>
coro = <coroutine object test_check_agent_reachable_success at 0x000002A01EA604C0>

    def run(self, coro, *, context=None):
        """Run code in the embedded event loop."""
        if events._get_running_loop() is not None:
            # fail fast with short traceback
>           raise RuntimeError(
                "Runner.run() cannot be called from a running event loop")
E           RuntimeError: Runner.run() cannot be called from a running event loop

C:\Python314\Lib\asyncio\runners.py:91: RuntimeError
_____________________ test_check_agent_reachable_failure ______________________

self = <Coroutine test_check_agent_reachable_failure>

    def runtest(self) -> None:
        runner_fixture_id = f"_{self._loop_scope}_scoped_runner"
        runner = self._request.getfixturevalue(runner_fixture_id)
        context = contextvars.copy_context()
        synchronized_obj = _synchronize_coroutine(
            getattr(*self._synchronization_target_attr), runner, context
        )
        with MonkeyPatch.context() as c:
            c.setattr(*self._synchronization_target_attr, synchronized_obj)
>           super().runtest()

..\..\..\..\AppData\Roaming\Python\Python314\site-packages\pytest_asyncio\plugin.py:469: 
_ _ _ _ _ _ _ _ _ _ _ _ _ _ _ _ _ _ _ _ _ _ _ _ _ _ _ _ _ _ _ _ _ _ _ _ _ _ _ _
..\..\..\..\AppData\Roaming\Python\Python314\site-packages\pytest_asyncio\plugin.py:716: in inner
    runner.run(coro, context=context)
_ _ _ _ _ _ _ _ _ _ _ _ _ _ _ _ _ _ _ _ _ _ _ _ _ _ _ _ _ _ _ _ _ _ _ _ _ _ _ _

self = <asyncio.runners.Runner object at 0x000002A01C4A5B50>
coro = <coroutine object test_check_agent_reachable_failure at 0x000002A01EA17400>

    def run(self, coro, *, context=None):
        """Run code in the embedded event loop."""
        if events._get_running_loop() is not None:
            # fail fast with short traceback
>           raise RuntimeError(
                "Runner.run() cannot be called from a running event loop")
E           RuntimeError: Runner.run() cannot be called from a running event loop

C:\Python314\Lib\asyncio\runners.py:91: RuntimeError
____________________________ test_run_doctor_smoke ____________________________

self = <Coroutine test_run_doctor_smoke>

    def runtest(self) -> None:
        runner_fixture_id = f"_{self._loop_scope}_scoped_runner"
        runner = self._request.getfixturevalue(runner_fixture_id)
        context = contextvars.copy_context()
        synchronized_obj = _synchronize_coroutine(
            getattr(*self._synchronization_target_attr), runner, context
        )
        with MonkeyPatch.context() as c:
            c.setattr(*self._synchronization_target_attr, synchronized_obj)
>           super().runtest()

..\..\..\..\AppData\Roaming\Python\Python314\site-packages\pytest_asyncio\plugin.py:469: 
_ _ _ _ _ _ _ _ _ _ _ _ _ _ _ _ _ _ _ _ _ _ _ _ _ _ _ _ _ _ _ _ _ _ _ _ _ _ _ _
..\..\..\..\AppData\Roaming\Python\Python314\site-packages\pytest_asyncio\plugin.py:716: in inner
    runner.run(coro, context=context)
_ _ _ _ _ _ _ _ _ _ _ _ _ _ _ _ _ _ _ _ _ _ _ _ _ _ _ _ _ _ _ _ _ _ _ _ _ _ _ _

self = <asyncio.runners.Runner object at 0x000002A01C8A3450>
coro = <coroutine object test_run_doctor_smoke at 0x000002A01EA179A0>

    def run(self, coro, *, context=None):
        """Run code in the embedded event loop."""
        if events._get_running_loop() is not None:
            # fail fast with short traceback
>           raise RuntimeError(
                "Runner.run() cannot be called from a running event loop")
E           RuntimeError: Runner.run() cannot be called from a running event loop

C:\Python314\Lib\asyncio\runners.py:91: RuntimeError
_________________________ test_run_doctor_old_python __________________________

self = <Coroutine test_run_doctor_old_python>

    def runtest(self) -> None:
        runner_fixture_id = f"_{self._loop_scope}_scoped_runner"
        runner = self._request.getfixturevalue(runner_fixture_id)
        context = contextvars.copy_context()
        synchronized_obj = _synchronize_coroutine(
            getattr(*self._synchronization_target_attr), runner, context
        )
        with MonkeyPatch.context() as c:
            c.setattr(*self._synchronization_target_attr, synchronized_obj)
>           super().runtest()

..\..\..\..\AppData\Roaming\Python\Python314\site-packages\pytest_asyncio\plugin.py:469: 
_ _ _ _ _ _ _ _ _ _ _ _ _ _ _ _ _ _ _ _ _ _ _ _ _ _ _ _ _ _ _ _ _ _ _ _ _ _ _ _
..\..\..\..\AppData\Roaming\Python\Python314\site-packages\pytest_asyncio\plugin.py:716: in inner
    runner.run(coro, context=context)
_ _ _ _ _ _ _ _ _ _ _ _ _ _ _ _ _ _ _ _ _ _ _ _ _ _ _ _ _ _ _ _ _ _ _ _ _ _ _ _

self = <asyncio.runners.Runner object at 0x000002A01C8B9450>
coro = <coroutine object test_run_doctor_old_python at 0x000002A01E9E9E70>

    def run(self, coro, *, context=None):
        """Run code in the embedded event loop."""
        if events._get_running_loop() is not None:
            # fail fast with short traceback
>           raise RuntimeError(
                "Runner.run() cannot be called from a running event loop")
E           RuntimeError: Runner.run() cannot be called from a running event loop

C:\Python314\Lib\asyncio\runners.py:91: RuntimeError
________________________ test_run_doctor_missing_deps _________________________

self = <Coroutine test_run_doctor_missing_deps>

    def runtest(self) -> None:
        runner_fixture_id = f"_{self._loop_scope}_scoped_runner"
        runner = self._request.getfixturevalue(runner_fixture_id)
        context = contextvars.copy_context()
        synchronized_obj = _synchronize_coroutine(
            getattr(*self._synchronization_target_attr), runner, context
        )
        with MonkeyPatch.context() as c:
            c.setattr(*self._synchronization_target_attr, synchronized_obj)
>           super().runtest()

..\..\..\..\AppData\Roaming\Python\Python314\site-packages\pytest_asyncio\plugin.py:469: 
_ _ _ _ _ _ _ _ _ _ _ _ _ _ _ _ _ _ _ _ _ _ _ _ _ _ _ _ _ _ _ _ _ _ _ _ _ _ _ _
..\..\..\..\AppData\Roaming\Python\Python314\site-packages\pytest_asyncio\plugin.py:716: in inner
    runner.run(coro, context=context)
_ _ _ _ _ _ _ _ _ _ _ _ _ _ _ _ _ _ _ _ _ _ _ _ _ _ _ _ _ _ _ _ _ _ _ _ _ _ _ _

self = <asyncio.runners.Runner object at 0x000002A01C2C9AD0>
coro = <coroutine object test_run_doctor_missing_deps at 0x000002A01E9E9FC0>

    def run(self, coro, *, context=None):
        """Run code in the embedded event loop."""
        if events._get_running_loop() is not None:
            # fail fast with short traceback
>           raise RuntimeError(
                "Runner.run() cannot be called from a running event loop")
E           RuntimeError: Runner.run() cannot be called from a running event loop

C:\Python314\Lib\asyncio\runners.py:91: RuntimeError
___________________________ test_pass_at_k_protocol ___________________________

self = <Coroutine test_pass_at_k_protocol>

    def runtest(self) -> None:
        runner_fixture_id = f"_{self._loop_scope}_scoped_runner"
        runner = self._request.getfixturevalue(runner_fixture_id)
        context = contextvars.copy_context()
        synchronized_obj = _synchronize_coroutine(
            getattr(*self._synchronization_target_attr), runner, context
        )
        with MonkeyPatch.context() as c:
            c.setattr(*self._synchronization_target_attr, synchronized_obj)
>           super().runtest()

..\..\..\..\AppData\Roaming\Python\Python314\site-packages\pytest_asyncio\plugin.py:469: 
_ _ _ _ _ _ _ _ _ _ _ _ _ _ _ _ _ _ _ _ _ _ _ _ _ _ _ _ _ _ _ _ _ _ _ _ _ _ _ _
..\..\..\..\AppData\Roaming\Python\Python314\site-packages\pytest_asyncio\plugin.py:716: in inner
    runner.run(coro, context=context)
_ _ _ _ _ _ _ _ _ _ _ _ _ _ _ _ _ _ _ _ _ _ _ _ _ _ _ _ _ _ _ _ _ _ _ _ _ _ _ _

self = <asyncio.runners.Runner object at 0x000002A01C4A61D0>
coro = <coroutine object test_pass_at_k_protocol at 0x000002A01C4C41F0>

    def run(self, coro, *, context=None):
        """Run code in the embedded event loop."""
        if events._get_running_loop() is not None:
            # fail fast with short traceback
>           raise RuntimeError(
                "Runner.run() cannot be called from a running event loop")
E           RuntimeError: Runner.run() cannot be called from a running event loop

C:\Python314\Lib\asyncio\runners.py:91: RuntimeError
_____________________ test_consistency_score_integration ______________________

self = <Coroutine test_consistency_score_integration>

    def runtest(self) -> None:
        runner_fixture_id = f"_{self._loop_scope}_scoped_runner"
        runner = self._request.getfixturevalue(runner_fixture_id)
        context = contextvars.copy_context()
        synchronized_obj = _synchronize_coroutine(
            getattr(*self._synchronization_target_attr), runner, context
        )
        with MonkeyPatch.context() as c:
            c.setattr(*self._synchronization_target_attr, synchronized_obj)
>           super().runtest()

..\..\..\..\AppData\Roaming\Python\Python314\site-packages\pytest_asyncio\plugin.py:469: 
_ _ _ _ _ _ _ _ _ _ _ _ _ _ _ _ _ _ _ _ _ _ _ _ _ _ _ _ _ _ _ _ _ _ _ _ _ _ _ _
..\..\..\..\AppData\Roaming\Python\Python314\site-packages\pytest_asyncio\plugin.py:716: in inner
    runner.run(coro, context=context)
_ _ _ _ _ _ _ _ _ _ _ _ _ _ _ _ _ _ _ _ _ _ _ _ _ _ _ _ _ _ _ _ _ _ _ _ _ _ _ _

self = <asyncio.runners.Runner object at 0x000002A01FAE88D0>
coro = <coroutine object test_consistency_score_integration at 0x000002A01C5D5740>

    def run(self, coro, *, context=None):
        """Run code in the embedded event loop."""
        if events._get_running_loop() is not None:
            # fail fast with short traceback
>           raise RuntimeError(
                "Runner.run() cannot be called from a running event loop")
E           RuntimeError: Runner.run() cannot be called from a running event loop

C:\Python314\Lib\asyncio\runners.py:91: RuntimeError
________________________ test_engine_single_tool_call _________________________

self = <Coroutine test_engine_single_tool_call>

    def runtest(self) -> None:
        runner_fixture_id = f"_{self._loop_scope}_scoped_runner"
        runner = self._request.getfixturevalue(runner_fixture_id)
        context = contextvars.copy_context()
        synchronized_obj = _synchronize_coroutine(
            getattr(*self._synchronization_target_attr), runner, context
        )
        with MonkeyPatch.context() as c:
            c.setattr(*self._synchronization_target_attr, synchronized_obj)
>           super().runtest()

..\..\..\..\AppData\Roaming\Python\Python314\site-packages\pytest_asyncio\plugin.py:469: 
_ _ _ _ _ _ _ _ _ _ _ _ _ _ _ _ _ _ _ _ _ _ _ _ _ _ _ _ _ _ _ _ _ _ _ _ _ _ _ _
..\..\..\..\AppData\Roaming\Python\Python314\site-packages\pytest_asyncio\plugin.py:716: in inner
    runner.run(coro, context=context)
_ _ _ _ _ _ _ _ _ _ _ _ _ _ _ _ _ _ _ _ _ _ _ _ _ _ _ _ _ _ _ _ _ _ _ _ _ _ _ _

self = <asyncio.runners.Runner object at 0x000002A01C4014D0>
coro = <coroutine object test_engine_single_tool_call at 0x000002A01C7889A0>

    def run(self, coro, *, context=None):
        """Run code in the embedded event loop."""
        if events._get_running_loop() is not None:
            # fail fast with short traceback
>           raise RuntimeError(
                "Runner.run() cannot be called from a running event loop")
E           RuntimeError: Runner.run() cannot be called from a running event loop

C:\Python314\Lib\asyncio\runners.py:91: RuntimeError
_________________________ test_engine_multiple_tools __________________________

self = <Coroutine test_engine_multiple_tools>

    def runtest(self) -> None:
        runner_fixture_id = f"_{self._loop_scope}_scoped_runner"
        runner = self._request.getfixturevalue(runner_fixture_id)
        context = contextvars.copy_context()
        synchronized_obj = _synchronize_coroutine(
            getattr(*self._synchronization_target_attr), runner, context
        )
        with MonkeyPatch.context() as c:
            c.setattr(*self._synchronization_target_attr, synchronized_obj)
>           super().runtest()

..\..\..\..\AppData\Roaming\Python\Python314\site-packages\pytest_asyncio\plugin.py:469: 
_ _ _ _ _ _ _ _ _ _ _ _ _ _ _ _ _ _ _ _ _ _ _ _ _ _ _ _ _ _ _ _ _ _ _ _ _ _ _ _
..\..\..\..\AppData\Roaming\Python\Python314\site-packages\pytest_asyncio\plugin.py:716: in inner
    runner.run(coro, context=context)
_ _ _ _ _ _ _ _ _ _ _ _ _ _ _ _ _ _ _ _ _ _ _ _ _ _ _ _ _ _ _ _ _ _ _ _ _ _ _ _

self = <asyncio.runners.Runner object at 0x000002A01E9A7ED0>
coro = <coroutine object test_engine_multiple_tools at 0x000002A01EA21930>

    def run(self, coro, *, context=None):
        """Run code in the embedded event loop."""
        if events._get_running_loop() is not None:
            # fail fast with short traceback
>           raise RuntimeError(
                "Runner.run() cannot be called from a running event loop")
E           RuntimeError: Runner.run() cannot be called from a running event loop

C:\Python314\Lib\asyncio\runners.py:91: RuntimeError
_____________________ test_engine_final_answer_first_turn _____________________

self = <Coroutine test_engine_final_answer_first_turn>

    def runtest(self) -> None:
        runner_fixture_id = f"_{self._loop_scope}_scoped_runner"
        runner = self._request.getfixturevalue(runner_fixture_id)
        context = contextvars.copy_context()
        synchronized_obj = _synchronize_coroutine(
            getattr(*self._synchronization_target_attr), runner, context
        )
        with MonkeyPatch.context() as c:
            c.setattr(*self._synchronization_target_attr, synchronized_obj)
>           super().runtest()

..\..\..\..\AppData\Roaming\Python\Python314\site-packages\pytest_asyncio\plugin.py:469: 
_ _ _ _ _ _ _ _ _ _ _ _ _ _ _ _ _ _ _ _ _ _ _ _ _ _ _ _ _ _ _ _ _ _ _ _ _ _ _ _
..\..\..\..\AppData\Roaming\Python\Python314\site-packages\pytest_asyncio\plugin.py:716: in inner
    runner.run(coro, context=context)
_ _ _ _ _ _ _ _ _ _ _ _ _ _ _ _ _ _ _ _ _ _ _ _ _ _ _ _ _ _ _ _ _ _ _ _ _ _ _ _

self = <asyncio.runners.Runner object at 0x000002A01C8EA750>
coro = <coroutine object test_engine_final_answer_first_turn at 0x000002A01EA21A60>

    def run(self, coro, *, context=None):
        """Run code in the embedded event loop."""
        if events._get_running_loop() is not None:
            # fail fast with short traceback
>           raise RuntimeError(
                "Runner.run() cannot be called from a running event loop")
E           RuntimeError: Runner.run() cannot be called from a running event loop

C:\Python314\Lib\asyncio\runners.py:91: RuntimeError
________________________ test_engine_max_turns_reached ________________________

self = <Coroutine test_engine_max_turns_reached>

    def runtest(self) -> None:
        runner_fixture_id = f"_{self._loop_scope}_scoped_runner"
        runner = self._request.getfixturevalue(runner_fixture_id)
        context = contextvars.copy_context()
        synchronized_obj = _synchronize_coroutine(
            getattr(*self._synchronization_target_attr), runner, context
        )
        with MonkeyPatch.context() as c:
            c.setattr(*self._synchronization_target_attr, synchronized_obj)
>           super().runtest()

..\..\..\..\AppData\Roaming\Python\Python314\site-packages\pytest_asyncio\plugin.py:469: 
_ _ _ _ _ _ _ _ _ _ _ _ _ _ _ _ _ _ _ _ _ _ _ _ _ _ _ _ _ _ _ _ _ _ _ _ _ _ _ _
..\..\..\..\AppData\Roaming\Python\Python314\site-packages\pytest_asyncio\plugin.py:716: in inner
    runner.run(coro, context=context)
_ _ _ _ _ _ _ _ _ _ _ _ _ _ _ _ _ _ _ _ _ _ _ _ _ _ _ _ _ _ _ _ _ _ _ _ _ _ _ _

self = <asyncio.runners.Runner object at 0x000002A01C4A79D0>
coro = <coroutine object test_engine_max_turns_reached at 0x000002A01E9ECF60>

    def run(self, coro, *, context=None):
        """Run code in the embedded event loop."""
        if events._get_running_loop() is not None:
            # fail fast with short traceback
>           raise RuntimeError(
                "Runner.run() cannot be called from a running event loop")
E           RuntimeError: Runner.run() cannot be called from a running event loop

C:\Python314\Lib\asyncio\runners.py:91: RuntimeError
________________________ test_engine_connection_error _________________________

self = <Coroutine test_engine_connection_error>

    def runtest(self) -> None:
        runner_fixture_id = f"_{self._loop_scope}_scoped_runner"
        runner = self._request.getfixturevalue(runner_fixture_id)
        context = contextvars.copy_context()
        synchronized_obj = _synchronize_coroutine(
            getattr(*self._synchronization_target_attr), runner, context
        )
        with MonkeyPatch.context() as c:
            c.setattr(*self._synchronization_target_attr, synchronized_obj)
>           super().runtest()

..\..\..\..\AppData\Roaming\Python\Python314\site-packages\pytest_asyncio\plugin.py:469: 
_ _ _ _ _ _ _ _ _ _ _ _ _ _ _ _ _ _ _ _ _ _ _ _ _ _ _ _ _ _ _ _ _ _ _ _ _ _ _ _
..\..\..\..\AppData\Roaming\Python\Python314\site-packages\pytest_asyncio\plugin.py:716: in inner
    runner.run(coro, context=context)
_ _ _ _ _ _ _ _ _ _ _ _ _ _ _ _ _ _ _ _ _ _ _ _ _ _ _ _ _ _ _ _ _ _ _ _ _ _ _ _

self = <asyncio.runners.Runner object at 0x000002A01C8E8F50>
coro = <coroutine object test_engine_connection_error at 0x000002A01E9EA260>

    def run(self, coro, *, context=None):
        """Run code in the embedded event loop."""
        if events._get_running_loop() is not None:
            # fail fast with short traceback
>           raise RuntimeError(
                "Runner.run() cannot be called from a running event loop")
E           RuntimeError: Runner.run() cannot be called from a running event loop

C:\Python314\Lib\asyncio\runners.py:91: RuntimeError
_____________________________ test_engine_timeout _____________________________

self = <Coroutine test_engine_timeout>

    def runtest(self) -> None:
        runner_fixture_id = f"_{self._loop_scope}_scoped_runner"
        runner = self._request.getfixturevalue(runner_fixture_id)
        context = contextvars.copy_context()
        synchronized_obj = _synchronize_coroutine(
            getattr(*self._synchronization_target_attr), runner, context
        )
        with MonkeyPatch.context() as c:
            c.setattr(*self._synchronization_target_attr, synchronized_obj)
>           super().runtest()

..\..\..\..\AppData\Roaming\Python\Python314\site-packages\pytest_asyncio\plugin.py:469: 
_ _ _ _ _ _ _ _ _ _ _ _ _ _ _ _ _ _ _ _ _ _ _ _ _ _ _ _ _ _ _ _ _ _ _ _ _ _ _ _
..\..\..\..\AppData\Roaming\Python\Python314\site-packages\pytest_asyncio\plugin.py:716: in inner
    runner.run(coro, context=context)
_ _ _ _ _ _ _ _ _ _ _ _ _ _ _ _ _ _ _ _ _ _ _ _ _ _ _ _ _ _ _ _ _ _ _ _ _ _ _ _

self = <asyncio.runners.Runner object at 0x000002A01C4A7A50>
coro = <coroutine object test_engine_timeout at 0x000002A01E9EAA40>

    def run(self, coro, *, context=None):
        """Run code in the embedded event loop."""
        if events._get_running_loop() is not None:
            # fail fast with short traceback
>           raise RuntimeError(
                "Runner.run() cannot be called from a running event loop")
E           RuntimeError: Runner.run() cannot be called from a running event loop

C:\Python314\Lib\asyncio\runners.py:91: RuntimeError
_____________________ test_engine_generic_accuracy_metric _____________________

self = <Coroutine test_engine_generic_accuracy_metric>

    def runtest(self) -> None:
        runner_fixture_id = f"_{self._loop_scope}_scoped_runner"
        runner = self._request.getfixturevalue(runner_fixture_id)
        context = contextvars.copy_context()
        synchronized_obj = _synchronize_coroutine(
            getattr(*self._synchronization_target_attr), runner, context
        )
        with MonkeyPatch.context() as c:
            c.setattr(*self._synchronization_target_attr, synchronized_obj)
>           super().runtest()

..\..\..\..\AppData\Roaming\Python\Python314\site-packages\pytest_asyncio\plugin.py:469: 
_ _ _ _ _ _ _ _ _ _ _ _ _ _ _ _ _ _ _ _ _ _ _ _ _ _ _ _ _ _ _ _ _ _ _ _ _ _ _ _
..\..\..\..\AppData\Roaming\Python\Python314\site-packages\pytest_asyncio\plugin.py:716: in inner
    runner.run(coro, context=context)
_ _ _ _ _ _ _ _ _ _ _ _ _ _ _ _ _ _ _ _ _ _ _ _ _ _ _ _ _ _ _ _ _ _ _ _ _ _ _ _

self = <asyncio.runners.Runner object at 0x000002A01FA976D0>
coro = <coroutine object test_engine_generic_accuracy_metric at 0x000002A01E7C3440>

    def run(self, coro, *, context=None):
        """Run code in the embedded event loop."""
        if events._get_running_loop() is not None:
            # fail fast with short traceback
>           raise RuntimeError(
                "Runner.run() cannot be called from a running event loop")
E           RuntimeError: Runner.run() cannot be called from a running event loop

C:\Python314\Lib\asyncio\runners.py:91: RuntimeError
__________________ test_engine_communication_clarity_metric ___________________

self = <Coroutine test_engine_communication_clarity_metric>

    def runtest(self) -> None:
        runner_fixture_id = f"_{self._loop_scope}_scoped_runner"
        runner = self._request.getfixturevalue(runner_fixture_id)
        context = contextvars.copy_context()
        synchronized_obj = _synchronize_coroutine(
            getattr(*self._synchronization_target_attr), runner, context
        )
        with MonkeyPatch.context() as c:
            c.setattr(*self._synchronization_target_attr, synchronized_obj)
>           super().runtest()

..\..\..\..\AppData\Roaming\Python\Python314\site-packages\pytest_asyncio\plugin.py:469: 
_ _ _ _ _ _ _ _ _ _ _ _ _ _ _ _ _ _ _ _ _ _ _ _ _ _ _ _ _ _ _ _ _ _ _ _ _ _ _ _
..\..\..\..\AppData\Roaming\Python\Python314\site-packages\pytest_asyncio\plugin.py:716: in inner
    runner.run(coro, context=context)
_ _ _ _ _ _ _ _ _ _ _ _ _ _ _ _ _ _ _ _ _ _ _ _ _ _ _ _ _ _ _ _ _ _ _ _ _ _ _ _

self = <asyncio.runners.Runner object at 0x000002A01C4F0D50>
coro = <coroutine object test_engine_communication_clarity_metric at 0x000002A01E7C35E0>

    def run(self, coro, *, context=None):
        """Run code in the embedded event loop."""
        if events._get_running_loop() is not None:
            # fail fast with short traceback
>           raise RuntimeError(
                "Runner.run() cannot be called from a running event loop")
E           RuntimeError: Runner.run() cannot be called from a running event loop

C:\Python314\Lib\asyncio\runners.py:91: RuntimeError
_________________ test_engine_policy_violation_feedback_loop __________________

self = <Coroutine test_engine_policy_violation_feedback_loop>

    def runtest(self) -> None:
        runner_fixture_id = f"_{self._loop_scope}_scoped_runner"
        runner = self._request.getfixturevalue(runner_fixture_id)
        context = contextvars.copy_context()
        synchronized_obj = _synchronize_coroutine(
            getattr(*self._synchronization_target_attr), runner, context
        )
        with MonkeyPatch.context() as c:
            c.setattr(*self._synchronization_target_attr, synchronized_obj)
>           super().runtest()

..\..\..\..\AppData\Roaming\Python\Python314\site-packages\pytest_asyncio\plugin.py:469: 
_ _ _ _ _ _ _ _ _ _ _ _ _ _ _ _ _ _ _ _ _ _ _ _ _ _ _ _ _ _ _ _ _ _ _ _ _ _ _ _
..\..\..\..\AppData\Roaming\Python\Python314\site-packages\pytest_asyncio\plugin.py:716: in inner
    runner.run(coro, context=context)
_ _ _ _ _ _ _ _ _ _ _ _ _ _ _ _ _ _ _ _ _ _ _ _ _ _ _ _ _ _ _ _ _ _ _ _ _ _ _ _

self = <asyncio.runners.Runner object at 0x000002A01C8BA450>
coro = <coroutine object test_engine_policy_violation_feedback_loop at 0x000002A01E6EFD80>

    def run(self, coro, *, context=None):
        """Run code in the embedded event loop."""
        if events._get_running_loop() is not None:
            # fail fast with short traceback
>           raise RuntimeError(
                "Runner.run() cannot be called from a running event loop")
E           RuntimeError: Runner.run() cannot be called from a running event loop

C:\Python314\Lib\asyncio\runners.py:91: RuntimeError
____________________ test_engine_state_verification_metric ____________________

self = <Coroutine test_engine_state_verification_metric>

    def runtest(self) -> None:
        runner_fixture_id = f"_{self._loop_scope}_scoped_runner"
        runner = self._request.getfixturevalue(runner_fixture_id)
        context = contextvars.copy_context()
        synchronized_obj = _synchronize_coroutine(
            getattr(*self._synchronization_target_attr), runner, context
        )
        with MonkeyPatch.context() as c:
            c.setattr(*self._synchronization_target_attr, synchronized_obj)
>           super().runtest()

..\..\..\..\AppData\Roaming\Python\Python314\site-packages\pytest_asyncio\plugin.py:469: 
_ _ _ _ _ _ _ _ _ _ _ _ _ _ _ _ _ _ _ _ _ _ _ _ _ _ _ _ _ _ _ _ _ _ _ _ _ _ _ _
..\..\..\..\AppData\Roaming\Python\Python314\site-packages\pytest_asyncio\plugin.py:716: in inner
    runner.run(coro, context=context)
_ _ _ _ _ _ _ _ _ _ _ _ _ _ _ _ _ _ _ _ _ _ _ _ _ _ _ _ _ _ _ _ _ _ _ _ _ _ _ _

self = <asyncio.runners.Runner object at 0x000002A01B1BB950>
coro = <coroutine object test_engine_state_verification_metric at 0x000002A01E71E200>

    def run(self, coro, *, context=None):
        """Run code in the embedded event loop."""
        if events._get_running_loop() is not None:
            # fail fast with short traceback
>           raise RuntimeError(
                "Runner.run() cannot be called from a running event loop")
E           RuntimeError: Runner.run() cannot be called from a running event loop

C:\Python314\Lib\asyncio\runners.py:91: RuntimeError
_______________________ test_adapter_registry_discovery _______________________

self = <Coroutine test_adapter_registry_discovery>

    def runtest(self) -> None:
        runner_fixture_id = f"_{self._loop_scope}_scoped_runner"
        runner = self._request.getfixturevalue(runner_fixture_id)
        context = contextvars.copy_context()
        synchronized_obj = _synchronize_coroutine(
            getattr(*self._synchronization_target_attr), runner, context
        )
        with MonkeyPatch.context() as c:
            c.setattr(*self._synchronization_target_attr, synchronized_obj)
>           super().runtest()

..\..\..\..\AppData\Roaming\Python\Python314\site-packages\pytest_asyncio\plugin.py:469: 
_ _ _ _ _ _ _ _ _ _ _ _ _ _ _ _ _ _ _ _ _ _ _ _ _ _ _ _ _ _ _ _ _ _ _ _ _ _ _ _
..\..\..\..\AppData\Roaming\Python\Python314\site-packages\pytest_asyncio\plugin.py:716: in inner
    runner.run(coro, context=context)
_ _ _ _ _ _ _ _ _ _ _ _ _ _ _ _ _ _ _ _ _ _ _ _ _ _ _ _ _ _ _ _ _ _ _ _ _ _ _ _

self = <asyncio.runners.Runner object at 0x000002A01C4F18D0>
coro = <coroutine object test_adapter_registry_discovery at 0x000002A01FB3F400>

    def run(self, coro, *, context=None):
        """Run code in the embedded event loop."""
        if events._get_running_loop() is not None:
            # fail fast with short traceback
>           raise RuntimeError(
                "Runner.run() cannot be called from a running event loop")
E           RuntimeError: Runner.run() cannot be called from a running event loop

C:\Python314\Lib\asyncio\runners.py:91: RuntimeError
______________________ test_adapter_registry_call_agent _______________________

self = <Coroutine test_adapter_registry_call_agent>

    def runtest(self) -> None:
        runner_fixture_id = f"_{self._loop_scope}_scoped_runner"
        runner = self._request.getfixturevalue(runner_fixture_id)
        context = contextvars.copy_context()
        synchronized_obj = _synchronize_coroutine(
            getattr(*self._synchronization_target_attr), runner, context
        )
        with MonkeyPatch.context() as c:
            c.setattr(*self._synchronization_target_attr, synchronized_obj)
>           super().runtest()

..\..\..\..\AppData\Roaming\Python\Python314\site-packages\pytest_asyncio\plugin.py:469: 
_ _ _ _ _ _ _ _ _ _ _ _ _ _ _ _ _ _ _ _ _ _ _ _ _ _ _ _ _ _ _ _ _ _ _ _ _ _ _ _
..\..\..\..\AppData\Roaming\Python\Python314\site-packages\pytest_asyncio\plugin.py:716: in inner
    runner.run(coro, context=context)
_ _ _ _ _ _ _ _ _ _ _ _ _ _ _ _ _ _ _ _ _ _ _ _ _ _ _ _ _ _ _ _ _ _ _ _ _ _ _ _

self = <asyncio.runners.Runner object at 0x000002A01C4F0E50>
coro = <coroutine object test_adapter_registry_call_agent at 0x000002A01FA8C160>

    def run(self, coro, *, context=None):
        """Run code in the embedded event loop."""
        if events._get_running_loop() is not None:
            # fail fast with short traceback
>           raise RuntimeError(
                "Runner.run() cannot be called from a running event loop")
E           RuntimeError: Runner.run() cannot be called from a running event loop

C:\Python314\Lib\asyncio\runners.py:91: RuntimeError
______________________ test_run_evaluation_caps_attempts ______________________

self = <Coroutine test_run_evaluation_caps_attempts>

    def runtest(self) -> None:
        runner_fixture_id = f"_{self._loop_scope}_scoped_runner"
        runner = self._request.getfixturevalue(runner_fixture_id)
        context = contextvars.copy_context()
        synchronized_obj = _synchronize_coroutine(
            getattr(*self._synchronization_target_attr), runner, context
        )
        with MonkeyPatch.context() as c:
            c.setattr(*self._synchronization_target_attr, synchronized_obj)
>           super().runtest()

..\..\..\..\AppData\Roaming\Python\Python314\site-packages\pytest_asyncio\plugin.py:469: 
_ _ _ _ _ _ _ _ _ _ _ _ _ _ _ _ _ _ _ _ _ _ _ _ _ _ _ _ _ _ _ _ _ _ _ _ _ _ _ _
..\..\..\..\AppData\Roaming\Python\Python314\site-packages\pytest_asyncio\plugin.py:716: in inner
    runner.run(coro, context=context)
_ _ _ _ _ _ _ _ _ _ _ _ _ _ _ _ _ _ _ _ _ _ _ _ _ _ _ _ _ _ _ _ _ _ _ _ _ _ _ _

self = <asyncio.runners.Runner object at 0x000002A01B1CC9D0>
coro = <coroutine object test_run_evaluation_caps_attempts at 0x000002A01E9EA500>

    def run(self, coro, *, context=None):
        """Run code in the embedded event loop."""
        if events._get_running_loop() is not None:
            # fail fast with short traceback
>           raise RuntimeError(
                "Runner.run() cannot be called from a running event loop")
E           RuntimeError: Runner.run() cannot be called from a running event loop

C:\Python314\Lib\asyncio\runners.py:91: RuntimeError
________________________ test_default_runner_pass_at_k ________________________

self = <Coroutine test_default_runner_pass_at_k>

    def runtest(self) -> None:
        runner_fixture_id = f"_{self._loop_scope}_scoped_runner"
        runner = self._request.getfixturevalue(runner_fixture_id)
        context = contextvars.copy_context()
        synchronized_obj = _synchronize_coroutine(
            getattr(*self._synchronization_target_attr), runner, context
        )
        with MonkeyPatch.context() as c:
            c.setattr(*self._synchronization_target_attr, synchronized_obj)
>           super().runtest()

..\..\..\..\AppData\Roaming\Python\Python314\site-packages\pytest_asyncio\plugin.py:469: 
_ _ _ _ _ _ _ _ _ _ _ _ _ _ _ _ _ _ _ _ _ _ _ _ _ _ _ _ _ _ _ _ _ _ _ _ _ _ _ _
..\..\..\..\AppData\Roaming\Python\Python314\site-packages\pytest_asyncio\plugin.py:716: in inner
    runner.run(coro, context=context)
_ _ _ _ _ _ _ _ _ _ _ _ _ _ _ _ _ _ _ _ _ _ _ _ _ _ _ _ _ _ _ _ _ _ _ _ _ _ _ _

self = <asyncio.runners.Runner object at 0x000002A01B1CCAD0>
coro = <coroutine object test_default_runner_pass_at_k at 0x000002A01FA84040>

    def run(self, coro, *, context=None):
        """Run code in the embedded event loop."""
        if events._get_running_loop() is not None:
            # fail fast with short traceback
>           raise RuntimeError(
                "Runner.run() cannot be called from a running event loop")
E           RuntimeError: Runner.run() cannot be called from a running event loop

C:\Python314\Lib\asyncio\runners.py:91: RuntimeError
_________________________ test_default_runner_events __________________________

self = <Coroutine test_default_runner_events>

    def runtest(self) -> None:
        runner_fixture_id = f"_{self._loop_scope}_scoped_runner"
        runner = self._request.getfixturevalue(runner_fixture_id)
        context = contextvars.copy_context()
        synchronized_obj = _synchronize_coroutine(
            getattr(*self._synchronization_target_attr), runner, context
        )
        with MonkeyPatch.context() as c:
            c.setattr(*self._synchronization_target_attr, synchronized_obj)
>           super().runtest()

..\..\..\..\AppData\Roaming\Python\Python314\site-packages\pytest_asyncio\plugin.py:469: 
_ _ _ _ _ _ _ _ _ _ _ _ _ _ _ _ _ _ _ _ _ _ _ _ _ _ _ _ _ _ _ _ _ _ _ _ _ _ _ _
..\..\..\..\AppData\Roaming\Python\Python314\site-packages\pytest_asyncio\plugin.py:716: in inner
    runner.run(coro, context=context)
_ _ _ _ _ _ _ _ _ _ _ _ _ _ _ _ _ _ _ _ _ _ _ _ _ _ _ _ _ _ _ _ _ _ _ _ _ _ _ _

self = <asyncio.runners.Runner object at 0x000002A01B1CC850>
coro = <coroutine object test_default_runner_events at 0x000002A01C5D5180>

    def run(self, coro, *, context=None):
        """Run code in the embedded event loop."""
        if events._get_running_loop() is not None:
            # fail fast with short traceback
>           raise RuntimeError(
                "Runner.run() cannot be called from a running event loop")
E           RuntimeError: Runner.run() cannot be called from a running event loop

C:\Python314\Lib\asyncio\runners.py:91: RuntimeError
_______________________ test_run_evaluation_plugin_init _______________________

self = <Coroutine test_run_evaluation_plugin_init>

    def runtest(self) -> None:
        runner_fixture_id = f"_{self._loop_scope}_scoped_runner"
        runner = self._request.getfixturevalue(runner_fixture_id)
        context = contextvars.copy_context()
        synchronized_obj = _synchronize_coroutine(
            getattr(*self._synchronization_target_attr), runner, context
        )
        with MonkeyPatch.context() as c:
            c.setattr(*self._synchronization_target_attr, synchronized_obj)
>           super().runtest()

..\..\..\..\AppData\Roaming\Python\Python314\site-packages\pytest_asyncio\plugin.py:469: 
_ _ _ _ _ _ _ _ _ _ _ _ _ _ _ _ _ _ _ _ _ _ _ _ _ _ _ _ _ _ _ _ _ _ _ _ _ _ _ _
..\..\..\..\AppData\Roaming\Python\Python314\site-packages\pytest_asyncio\plugin.py:716: in inner
    runner.run(coro, context=context)
_ _ _ _ _ _ _ _ _ _ _ _ _ _ _ _ _ _ _ _ _ _ _ _ _ _ _ _ _ _ _ _ _ _ _ _ _ _ _ _

self = <asyncio.runners.Runner object at 0x000002A01B1CC050>
coro = <coroutine object test_run_evaluation_plugin_init at 0x000002A01FB1D080>

    def run(self, coro, *, context=None):
        """Run code in the embedded event loop."""
        if events._get_running_loop() is not None:
            # fail fast with short traceback
>           raise RuntimeError(
                "Runner.run() cannot be called from a running event loop")
E           RuntimeError: Runner.run() cannot be called from a running event loop

C:\Python314\Lib\asyncio\runners.py:91: RuntimeError
____________________________ test_ollama_provider _____________________________

self = <Coroutine test_ollama_provider>

    def runtest(self) -> None:
        runner_fixture_id = f"_{self._loop_scope}_scoped_runner"
        runner = self._request.getfixturevalue(runner_fixture_id)
        context = contextvars.copy_context()
        synchronized_obj = _synchronize_coroutine(
            getattr(*self._synchronization_target_attr), runner, context
        )
        with MonkeyPatch.context() as c:
            c.setattr(*self._synchronization_target_attr, synchronized_obj)
>           super().runtest()

..\..\..\..\AppData\Roaming\Python\Python314\site-packages\pytest_asyncio\plugin.py:469: 
_ _ _ _ _ _ _ _ _ _ _ _ _ _ _ _ _ _ _ _ _ _ _ _ _ _ _ _ _ _ _ _ _ _ _ _ _ _ _ _
..\..\..\..\AppData\Roaming\Python\Python314\site-packages\pytest_asyncio\plugin.py:716: in inner
    runner.run(coro, context=context)
_ _ _ _ _ _ _ _ _ _ _ _ _ _ _ _ _ _ _ _ _ _ _ _ _ _ _ _ _ _ _ _ _ _ _ _ _ _ _ _

self = <asyncio.runners.Runner object at 0x000002A01FA97BD0>
coro = <coroutine object test_ollama_provider at 0x000002A01EA21340>

    def run(self, coro, *, context=None):
        """Run code in the embedded event loop."""
        if events._get_running_loop() is not None:
            # fail fast with short traceback
>           raise RuntimeError(
                "Runner.run() cannot be called from a running event loop")
E           RuntimeError: Runner.run() cannot be called from a running event loop

C:\Python314\Lib\asyncio\runners.py:91: RuntimeError
____________________________ test_openai_provider _____________________________

self = <Coroutine test_openai_provider>

    def runtest(self) -> None:
        runner_fixture_id = f"_{self._loop_scope}_scoped_runner"
        runner = self._request.getfixturevalue(runner_fixture_id)
        context = contextvars.copy_context()
        synchronized_obj = _synchronize_coroutine(
            getattr(*self._synchronization_target_attr), runner, context
        )
        with MonkeyPatch.context() as c:
            c.setattr(*self._synchronization_target_attr, synchronized_obj)
>           super().runtest()

..\..\..\..\AppData\Roaming\Python\Python314\site-packages\pytest_asyncio\plugin.py:469: 
_ _ _ _ _ _ _ _ _ _ _ _ _ _ _ _ _ _ _ _ _ _ _ _ _ _ _ _ _ _ _ _ _ _ _ _ _ _ _ _
..\..\..\..\AppData\Roaming\Python\Python314\site-packages\pytest_asyncio\plugin.py:716: in inner
    runner.run(coro, context=context)
_ _ _ _ _ _ _ _ _ _ _ _ _ _ _ _ _ _ _ _ _ _ _ _ _ _ _ _ _ _ _ _ _ _ _ _ _ _ _ _

self = <asyncio.runners.Runner object at 0x000002A01FB14050>
coro = <coroutine object test_openai_provider at 0x000002A01EA22FC0>

    def run(self, coro, *, context=None):
        """Run code in the embedded event loop."""
        if events._get_running_loop() is not None:
            # fail fast with short traceback
>           raise RuntimeError(
                "Runner.run() cannot be called from a running event loop")
E           RuntimeError: Runner.run() cannot be called from a running event loop

C:\Python314\Lib\asyncio\runners.py:91: RuntimeError
___________________________ test_anthropic_provider ___________________________

self = <Coroutine test_anthropic_provider>

    def runtest(self) -> None:
        runner_fixture_id = f"_{self._loop_scope}_scoped_runner"
        runner = self._request.getfixturevalue(runner_fixture_id)
        context = contextvars.copy_context()
        synchronized_obj = _synchronize_coroutine(
            getattr(*self._synchronization_target_attr), runner, context
        )
        with MonkeyPatch.context() as c:
            c.setattr(*self._synchronization_target_attr, synchronized_obj)
>           super().runtest()

..\..\..\..\AppData\Roaming\Python\Python314\site-packages\pytest_asyncio\plugin.py:469: 
_ _ _ _ _ _ _ _ _ _ _ _ _ _ _ _ _ _ _ _ _ _ _ _ _ _ _ _ _ _ _ _ _ _ _ _ _ _ _ _
..\..\..\..\AppData\Roaming\Python\Python314\site-packages\pytest_asyncio\plugin.py:716: in inner
    runner.run(coro, context=context)
_ _ _ _ _ _ _ _ _ _ _ _ _ _ _ _ _ _ _ _ _ _ _ _ _ _ _ _ _ _ _ _ _ _ _ _ _ _ _ _

self = <asyncio.runners.Runner object at 0x000002A01FAD2A50>
coro = <coroutine object test_anthropic_provider at 0x000002A01EA23350>

    def run(self, coro, *, context=None):
        """Run code in the embedded event loop."""
        if events._get_running_loop() is not None:
            # fail fast with short traceback
>           raise RuntimeError(
                "Runner.run() cannot be called from a running event loop")
E           RuntimeError: Runner.run() cannot be called from a running event loop

C:\Python314\Lib\asyncio\runners.py:91: RuntimeError
____________________________ test_gemini_provider _____________________________

self = <Coroutine test_gemini_provider>

    def runtest(self) -> None:
        runner_fixture_id = f"_{self._loop_scope}_scoped_runner"
        runner = self._request.getfixturevalue(runner_fixture_id)
        context = contextvars.copy_context()
        synchronized_obj = _synchronize_coroutine(
            getattr(*self._synchronization_target_attr), runner, context
        )
        with MonkeyPatch.context() as c:
            c.setattr(*self._synchronization_target_attr, synchronized_obj)
>           super().runtest()

..\..\..\..\AppData\Roaming\Python\Python314\site-packages\pytest_asyncio\plugin.py:469: 
_ _ _ _ _ _ _ _ _ _ _ _ _ _ _ _ _ _ _ _ _ _ _ _ _ _ _ _ _ _ _ _ _ _ _ _ _ _ _ _
..\..\..\..\AppData\Roaming\Python\Python314\site-packages\pytest_asyncio\plugin.py:716: in inner
    runner.run(coro, context=context)
_ _ _ _ _ _ _ _ _ _ _ _ _ _ _ _ _ _ _ _ _ _ _ _ _ _ _ _ _ _ _ _ _ _ _ _ _ _ _ _

self = <asyncio.runners.Runner object at 0x000002A01FA94250>
coro = <coroutine object test_gemini_provider at 0x000002A01FB1DD00>

    def run(self, coro, *, context=None):
        """Run code in the embedded event loop."""
        if events._get_running_loop() is not None:
            # fail fast with short traceback
>           raise RuntimeError(
                "Runner.run() cannot be called from a running event loop")
E           RuntimeError: Runner.run() cannot be called from a running event loop

C:\Python314\Lib\asyncio\runners.py:91: RuntimeError
___________________________ test_ollama_list_models ___________________________

self = <Coroutine test_ollama_list_models>

    def runtest(self) -> None:
        runner_fixture_id = f"_{self._loop_scope}_scoped_runner"
        runner = self._request.getfixturevalue(runner_fixture_id)
        context = contextvars.copy_context()
        synchronized_obj = _synchronize_coroutine(
            getattr(*self._synchronization_target_attr), runner, context
        )
        with MonkeyPatch.context() as c:
            c.setattr(*self._synchronization_target_attr, synchronized_obj)
>           super().runtest()

..\..\..\..\AppData\Roaming\Python\Python314\site-packages\pytest_asyncio\plugin.py:469: 
_ _ _ _ _ _ _ _ _ _ _ _ _ _ _ _ _ _ _ _ _ _ _ _ _ _ _ _ _ _ _ _ _ _ _ _ _ _ _ _
..\..\..\..\AppData\Roaming\Python\Python314\site-packages\pytest_asyncio\plugin.py:716: in inner
    runner.run(coro, context=context)
_ _ _ _ _ _ _ _ _ _ _ _ _ _ _ _ _ _ _ _ _ _ _ _ _ _ _ _ _ _ _ _ _ _ _ _ _ _ _ _

self = <asyncio.runners.Runner object at 0x000002A01FAD1ED0>
coro = <coroutine object test_ollama_list_models at 0x000002A01E9ED220>

    def run(self, coro, *, context=None):
        """Run code in the embedded event loop."""
        if events._get_running_loop() is not None:
            # fail fast with short traceback
>           raise RuntimeError(
                "Runner.run() cannot be called from a running event loop")
E           RuntimeError: Runner.run() cannot be called from a running event loop

C:\Python314\Lib\asyncio\runners.py:91: RuntimeError
________________________ test_ollama_list_models_error ________________________

self = <Coroutine test_ollama_list_models_error>

    def runtest(self) -> None:
        runner_fixture_id = f"_{self._loop_scope}_scoped_runner"
        runner = self._request.getfixturevalue(runner_fixture_id)
        context = contextvars.copy_context()
        synchronized_obj = _synchronize_coroutine(
            getattr(*self._synchronization_target_attr), runner, context
        )
        with MonkeyPatch.context() as c:
            c.setattr(*self._synchronization_target_attr, synchronized_obj)
>           super().runtest()

..\..\..\..\AppData\Roaming\Python\Python314\site-packages\pytest_asyncio\plugin.py:469: 
_ _ _ _ _ _ _ _ _ _ _ _ _ _ _ _ _ _ _ _ _ _ _ _ _ _ _ _ _ _ _ _ _ _ _ _ _ _ _ _
..\..\..\..\AppData\Roaming\Python\Python314\site-packages\pytest_asyncio\plugin.py:716: in inner
    runner.run(coro, context=context)
_ _ _ _ _ _ _ _ _ _ _ _ _ _ _ _ _ _ _ _ _ _ _ _ _ _ _ _ _ _ _ _ _ _ _ _ _ _ _ _

self = <asyncio.runners.Runner object at 0x000002A01FA97AD0>
coro = <coroutine object test_ollama_list_models_error at 0x000002A01FB5F400>

    def run(self, coro, *, context=None):
        """Run code in the embedded event loop."""
        if events._get_running_loop() is not None:
            # fail fast with short traceback
>           raise RuntimeError(
                "Runner.run() cannot be called from a running event loop")
E           RuntimeError: Runner.run() cannot be called from a running event loop

C:\Python314\Lib\asyncio\runners.py:91: RuntimeError
_________________________ test_ollama_generate_error __________________________

self = <Coroutine test_ollama_generate_error>

    def runtest(self) -> None:
        runner_fixture_id = f"_{self._loop_scope}_scoped_runner"
        runner = self._request.getfixturevalue(runner_fixture_id)
        context = contextvars.copy_context()
        synchronized_obj = _synchronize_coroutine(
            getattr(*self._synchronization_target_attr), runner, context
        )
        with MonkeyPatch.context() as c:
            c.setattr(*self._synchronization_target_attr, synchronized_obj)
>           super().runtest()

..\..\..\..\AppData\Roaming\Python\Python314\site-packages\pytest_asyncio\plugin.py:469: 
_ _ _ _ _ _ _ _ _ _ _ _ _ _ _ _ _ _ _ _ _ _ _ _ _ _ _ _ _ _ _ _ _ _ _ _ _ _ _ _
..\..\..\..\AppData\Roaming\Python\Python314\site-packages\pytest_asyncio\plugin.py:716: in inner
    runner.run(coro, context=context)
_ _ _ _ _ _ _ _ _ _ _ _ _ _ _ _ _ _ _ _ _ _ _ _ _ _ _ _ _ _ _ _ _ _ _ _ _ _ _ _

self = <asyncio.runners.Runner object at 0x000002A01FAD0E50>
coro = <coroutine object test_ollama_generate_error at 0x000002A01FB76C50>

    def run(self, coro, *, context=None):
        """Run code in the embedded event loop."""
        if events._get_running_loop() is not None:
            # fail fast with short traceback
>           raise RuntimeError(
                "Runner.run() cannot be called from a running event loop")
E           RuntimeError: Runner.run() cannot be called from a running event loop

C:\Python314\Lib\asyncio\runners.py:91: RuntimeError
___________________________ test_openai_missing_key ___________________________

self = <Coroutine test_openai_missing_key>

    def runtest(self) -> None:
        runner_fixture_id = f"_{self._loop_scope}_scoped_runner"
        runner = self._request.getfixturevalue(runner_fixture_id)
        context = contextvars.copy_context()
        synchronized_obj = _synchronize_coroutine(
            getattr(*self._synchronization_target_attr), runner, context
        )
        with MonkeyPatch.context() as c:
            c.setattr(*self._synchronization_target_attr, synchronized_obj)
>           super().runtest()

..\..\..\..\AppData\Roaming\Python\Python314\site-packages\pytest_asyncio\plugin.py:469: 
_ _ _ _ _ _ _ _ _ _ _ _ _ _ _ _ _ _ _ _ _ _ _ _ _ _ _ _ _ _ _ _ _ _ _ _ _ _ _ _
..\..\..\..\AppData\Roaming\Python\Python314\site-packages\pytest_asyncio\plugin.py:716: in inner
    runner.run(coro, context=context)
_ _ _ _ _ _ _ _ _ _ _ _ _ _ _ _ _ _ _ _ _ _ _ _ _ _ _ _ _ _ _ _ _ _ _ _ _ _ _ _

self = <asyncio.runners.Runner object at 0x000002A01FAE9FD0>
coro = <coroutine object test_openai_missing_key at 0x000002A01FB77C40>

    def run(self, coro, *, context=None):
        """Run code in the embedded event loop."""
        if events._get_running_loop() is not None:
            # fail fast with short traceback
>           raise RuntimeError(
                "Runner.run() cannot be called from a running event loop")
E           RuntimeError: Runner.run() cannot be called from a running event loop

C:\Python314\Lib\asyncio\runners.py:91: RuntimeError
_________________________ test_openai_malformed_json __________________________

self = <Coroutine test_openai_malformed_json>

    def runtest(self) -> None:
        runner_fixture_id = f"_{self._loop_scope}_scoped_runner"
        runner = self._request.getfixturevalue(runner_fixture_id)
        context = contextvars.copy_context()
        synchronized_obj = _synchronize_coroutine(
            getattr(*self._synchronization_target_attr), runner, context
        )
        with MonkeyPatch.context() as c:
            c.setattr(*self._synchronization_target_attr, synchronized_obj)
>           super().runtest()

..\..\..\..\AppData\Roaming\Python\Python314\site-packages\pytest_asyncio\plugin.py:469: 
_ _ _ _ _ _ _ _ _ _ _ _ _ _ _ _ _ _ _ _ _ _ _ _ _ _ _ _ _ _ _ _ _ _ _ _ _ _ _ _
..\..\..\..\AppData\Roaming\Python\Python314\site-packages\pytest_asyncio\plugin.py:716: in inner
    runner.run(coro, context=context)
_ _ _ _ _ _ _ _ _ _ _ _ _ _ _ _ _ _ _ _ _ _ _ _ _ _ _ _ _ _ _ _ _ _ _ _ _ _ _ _

self = <asyncio.runners.Runner object at 0x000002A01FB14B50>
coro = <coroutine object test_openai_malformed_json at 0x000002A01FB39030>

    def run(self, coro, *, context=None):
        """Run code in the embedded event loop."""
        if events._get_running_loop() is not None:
            # fail fast with short traceback
>           raise RuntimeError(
                "Runner.run() cannot be called from a running event loop")
E           RuntimeError: Runner.run() cannot be called from a running event loop

C:\Python314\Lib\asyncio\runners.py:91: RuntimeError
___________________________ test_openai_list_models ___________________________

self = <Coroutine test_openai_list_models>

    def runtest(self) -> None:
        runner_fixture_id = f"_{self._loop_scope}_scoped_runner"
        runner = self._request.getfixturevalue(runner_fixture_id)
        context = contextvars.copy_context()
        synchronized_obj = _synchronize_coroutine(
            getattr(*self._synchronization_target_attr), runner, context
        )
        with MonkeyPatch.context() as c:
            c.setattr(*self._synchronization_target_attr, synchronized_obj)
>           super().runtest()

..\..\..\..\AppData\Roaming\Python\Python314\site-packages\pytest_asyncio\plugin.py:469: 
_ _ _ _ _ _ _ _ _ _ _ _ _ _ _ _ _ _ _ _ _ _ _ _ _ _ _ _ _ _ _ _ _ _ _ _ _ _ _ _
..\..\..\..\AppData\Roaming\Python\Python314\site-packages\pytest_asyncio\plugin.py:716: in inner
    runner.run(coro, context=context)
_ _ _ _ _ _ _ _ _ _ _ _ _ _ _ _ _ _ _ _ _ _ _ _ _ _ _ _ _ _ _ _ _ _ _ _ _ _ _ _

self = <asyncio.runners.Runner object at 0x000002A01FAD3CD0>
coro = <coroutine object test_openai_list_models at 0x000002A01FB0E200>

    def run(self, coro, *, context=None):
        """Run code in the embedded event loop."""
        if events._get_running_loop() is not None:
            # fail fast with short traceback
>           raise RuntimeError(
                "Runner.run() cannot be called from a running event loop")
E           RuntimeError: Runner.run() cannot be called from a running event loop

C:\Python314\Lib\asyncio\runners.py:91: RuntimeError
_______________________ test_openai_list_models_no_key ________________________

self = <Coroutine test_openai_list_models_no_key>

    def runtest(self) -> None:
        runner_fixture_id = f"_{self._loop_scope}_scoped_runner"
        runner = self._request.getfixturevalue(runner_fixture_id)
        context = contextvars.copy_context()
        synchronized_obj = _synchronize_coroutine(
            getattr(*self._synchronization_target_attr), runner, context
        )
        with MonkeyPatch.context() as c:
            c.setattr(*self._synchronization_target_attr, synchronized_obj)
>           super().runtest()

..\..\..\..\AppData\Roaming\Python\Python314\site-packages\pytest_asyncio\plugin.py:469: 
_ _ _ _ _ _ _ _ _ _ _ _ _ _ _ _ _ _ _ _ _ _ _ _ _ _ _ _ _ _ _ _ _ _ _ _ _ _ _ _
..\..\..\..\AppData\Roaming\Python\Python314\site-packages\pytest_asyncio\plugin.py:716: in inner
    runner.run(coro, context=context)
_ _ _ _ _ _ _ _ _ _ _ _ _ _ _ _ _ _ _ _ _ _ _ _ _ _ _ _ _ _ _ _ _ _ _ _ _ _ _ _

self = <asyncio.runners.Runner object at 0x000002A01FAEAFD0>
coro = <coroutine object test_openai_list_models_no_key at 0x000002A01E9EA650>

    def run(self, coro, *, context=None):
        """Run code in the embedded event loop."""
        if events._get_running_loop() is not None:
            # fail fast with short traceback
>           raise RuntimeError(
                "Runner.run() cannot be called from a running event loop")
E           RuntimeError: Runner.run() cannot be called from a running event loop

C:\Python314\Lib\asyncio\runners.py:91: RuntimeError
_________________________ test_anthropic_missing_key __________________________

self = <Coroutine test_anthropic_missing_key>

    def runtest(self) -> None:
        runner_fixture_id = f"_{self._loop_scope}_scoped_runner"
        runner = self._request.getfixturevalue(runner_fixture_id)
        context = contextvars.copy_context()
        synchronized_obj = _synchronize_coroutine(
            getattr(*self._synchronization_target_attr), runner, context
        )
        with MonkeyPatch.context() as c:
            c.setattr(*self._synchronization_target_attr, synchronized_obj)
>           super().runtest()

..\..\..\..\AppData\Roaming\Python\Python314\site-packages\pytest_asyncio\plugin.py:469: 
_ _ _ _ _ _ _ _ _ _ _ _ _ _ _ _ _ _ _ _ _ _ _ _ _ _ _ _ _ _ _ _ _ _ _ _ _ _ _ _
..\..\..\..\AppData\Roaming\Python\Python314\site-packages\pytest_asyncio\plugin.py:716: in inner
    runner.run(coro, context=context)
_ _ _ _ _ _ _ _ _ _ _ _ _ _ _ _ _ _ _ _ _ _ _ _ _ _ _ _ _ _ _ _ _ _ _ _ _ _ _ _

self = <asyncio.runners.Runner object at 0x000002A01FA96550>
coro = <coroutine object test_anthropic_missing_key at 0x000002A01FB08220>

    def run(self, coro, *, context=None):
        """Run code in the embedded event loop."""
        if events._get_running_loop() is not None:
            # fail fast with short traceback
>           raise RuntimeError(
                "Runner.run() cannot be called from a running event loop")
E           RuntimeError: Runner.run() cannot be called from a running event loop

C:\Python314\Lib\asyncio\runners.py:91: RuntimeError
________________________ test_anthropic_malformed_json ________________________

self = <Coroutine test_anthropic_malformed_json>

    def runtest(self) -> None:
        runner_fixture_id = f"_{self._loop_scope}_scoped_runner"
        runner = self._request.getfixturevalue(runner_fixture_id)
        context = contextvars.copy_context()
        synchronized_obj = _synchronize_coroutine(
            getattr(*self._synchronization_target_attr), runner, context
        )
        with MonkeyPatch.context() as c:
            c.setattr(*self._synchronization_target_attr, synchronized_obj)
>           super().runtest()

..\..\..\..\AppData\Roaming\Python\Python314\site-packages\pytest_asyncio\plugin.py:469: 
_ _ _ _ _ _ _ _ _ _ _ _ _ _ _ _ _ _ _ _ _ _ _ _ _ _ _ _ _ _ _ _ _ _ _ _ _ _ _ _
..\..\..\..\AppData\Roaming\Python\Python314\site-packages\pytest_asyncio\plugin.py:716: in inner
    runner.run(coro, context=context)
_ _ _ _ _ _ _ _ _ _ _ _ _ _ _ _ _ _ _ _ _ _ _ _ _ _ _ _ _ _ _ _ _ _ _ _ _ _ _ _

self = <asyncio.runners.Runner object at 0x000002A01FB17750>
coro = <coroutine object test_anthropic_malformed_json at 0x000002A01FB095D0>

    def run(self, coro, *, context=None):
        """Run code in the embedded event loop."""
        if events._get_running_loop() is not None:
            # fail fast with short traceback
>           raise RuntimeError(
                "Runner.run() cannot be called from a running event loop")
E           RuntimeError: Runner.run() cannot be called from a running event loop

C:\Python314\Lib\asyncio\runners.py:91: RuntimeError
_________________________ test_anthropic_list_models __________________________

self = <Coroutine test_anthropic_list_models>

    def runtest(self) -> None:
        runner_fixture_id = f"_{self._loop_scope}_scoped_runner"
        runner = self._request.getfixturevalue(runner_fixture_id)
        context = contextvars.copy_context()
        synchronized_obj = _synchronize_coroutine(
            getattr(*self._synchronization_target_attr), runner, context
        )
        with MonkeyPatch.context() as c:
            c.setattr(*self._synchronization_target_attr, synchronized_obj)
>           super().runtest()

..\..\..\..\AppData\Roaming\Python\Python314\site-packages\pytest_asyncio\plugin.py:469: 
_ _ _ _ _ _ _ _ _ _ _ _ _ _ _ _ _ _ _ _ _ _ _ _ _ _ _ _ _ _ _ _ _ _ _ _ _ _ _ _
..\..\..\..\AppData\Roaming\Python\Python314\site-packages\pytest_asyncio\plugin.py:716: in inner
    runner.run(coro, context=context)
_ _ _ _ _ _ _ _ _ _ _ _ _ _ _ _ _ _ _ _ _ _ _ _ _ _ _ _ _ _ _ _ _ _ _ _ _ _ _ _

self = <asyncio.runners.Runner object at 0x000002A01FBCD350>
coro = <coroutine object test_anthropic_list_models at 0x000002A01EA71E70>

    def run(self, coro, *, context=None):
        """Run code in the embedded event loop."""
        if events._get_running_loop() is not None:
            # fail fast with short traceback
>           raise RuntimeError(
                "Runner.run() cannot be called from a running event loop")
E           RuntimeError: Runner.run() cannot be called from a running event loop

C:\Python314\Lib\asyncio\runners.py:91: RuntimeError
___________________________ test_gemini_missing_key ___________________________

self = <Coroutine test_gemini_missing_key>

    def runtest(self) -> None:
        runner_fixture_id = f"_{self._loop_scope}_scoped_runner"
        runner = self._request.getfixturevalue(runner_fixture_id)
        context = contextvars.copy_context()
        synchronized_obj = _synchronize_coroutine(
            getattr(*self._synchronization_target_attr), runner, context
        )
        with MonkeyPatch.context() as c:
            c.setattr(*self._synchronization_target_attr, synchronized_obj)
>           super().runtest()

..\..\..\..\AppData\Roaming\Python\Python314\site-packages\pytest_asyncio\plugin.py:469: 
_ _ _ _ _ _ _ _ _ _ _ _ _ _ _ _ _ _ _ _ _ _ _ _ _ _ _ _ _ _ _ _ _ _ _ _ _ _ _ _
..\..\..\..\AppData\Roaming\Python\Python314\site-packages\pytest_asyncio\plugin.py:716: in inner
    runner.run(coro, context=context)
_ _ _ _ _ _ _ _ _ _ _ _ _ _ _ _ _ _ _ _ _ _ _ _ _ _ _ _ _ _ _ _ _ _ _ _ _ _ _ _

self = <asyncio.runners.Runner object at 0x000002A01FB16350>
coro = <coroutine object test_gemini_missing_key at 0x000002A01FB0B6A0>

    def run(self, coro, *, context=None):
        """Run code in the embedded event loop."""
        if events._get_running_loop() is not None:
            # fail fast with short traceback
>           raise RuntimeError(
                "Runner.run() cannot be called from a running event loop")
E           RuntimeError: Runner.run() cannot be called from a running event loop

C:\Python314\Lib\asyncio\runners.py:91: RuntimeError
_______________________ test_gemini_model_normalization _______________________

self = <Coroutine test_gemini_model_normalization>

    def runtest(self) -> None:
        runner_fixture_id = f"_{self._loop_scope}_scoped_runner"
        runner = self._request.getfixturevalue(runner_fixture_id)
        context = contextvars.copy_context()
        synchronized_obj = _synchronize_coroutine(
            getattr(*self._synchronization_target_attr), runner, context
        )
        with MonkeyPatch.context() as c:
            c.setattr(*self._synchronization_target_attr, synchronized_obj)
>           super().runtest()

..\..\..\..\AppData\Roaming\Python\Python314\site-packages\pytest_asyncio\plugin.py:469: 
_ _ _ _ _ _ _ _ _ _ _ _ _ _ _ _ _ _ _ _ _ _ _ _ _ _ _ _ _ _ _ _ _ _ _ _ _ _ _ _
..\..\..\..\AppData\Roaming\Python\Python314\site-packages\pytest_asyncio\plugin.py:716: in inner
    runner.run(coro, context=context)
_ _ _ _ _ _ _ _ _ _ _ _ _ _ _ _ _ _ _ _ _ _ _ _ _ _ _ _ _ _ _ _ _ _ _ _ _ _ _ _

self = <asyncio.runners.Runner object at 0x000002A01FB88750>
coro = <coroutine object test_gemini_model_normalization at 0x000002A01FB1FC40>

    def run(self, coro, *, context=None):
        """Run code in the embedded event loop."""
        if events._get_running_loop() is not None:
            # fail fast with short traceback
>           raise RuntimeError(
                "Runner.run() cannot be called from a running event loop")
E           RuntimeError: Runner.run() cannot be called from a running event loop

C:\Python314\Lib\asyncio\runners.py:91: RuntimeError
_________________________ test_gemini_empty_response __________________________

self = <Coroutine test_gemini_empty_response>

    def runtest(self) -> None:
        runner_fixture_id = f"_{self._loop_scope}_scoped_runner"
        runner = self._request.getfixturevalue(runner_fixture_id)
        context = contextvars.copy_context()
        synchronized_obj = _synchronize_coroutine(
            getattr(*self._synchronization_target_attr), runner, context
        )
        with MonkeyPatch.context() as c:
            c.setattr(*self._synchronization_target_attr, synchronized_obj)
>           super().runtest()

..\..\..\..\AppData\Roaming\Python\Python314\site-packages\pytest_asyncio\plugin.py:469: 
_ _ _ _ _ _ _ _ _ _ _ _ _ _ _ _ _ _ _ _ _ _ _ _ _ _ _ _ _ _ _ _ _ _ _ _ _ _ _ _
..\..\..\..\AppData\Roaming\Python\Python314\site-packages\pytest_asyncio\plugin.py:716: in inner
    runner.run(coro, context=context)
_ _ _ _ _ _ _ _ _ _ _ _ _ _ _ _ _ _ _ _ _ _ _ _ _ _ _ _ _ _ _ _ _ _ _ _ _ _ _ _

self = <asyncio.runners.Runner object at 0x000002A01DA26F50>
coro = <coroutine object test_gemini_empty_response at 0x000002A01DA80D00>

    def run(self, coro, *, context=None):
        """Run code in the embedded event loop."""
        if events._get_running_loop() is not None:
            # fail fast with short traceback
>           raise RuntimeError(
                "Runner.run() cannot be called from a running event loop")
E           RuntimeError: Runner.run() cannot be called from a running event loop

C:\Python314\Lib\asyncio\runners.py:91: RuntimeError
___________________________ test_gemini_list_models ___________________________

self = <Coroutine test_gemini_list_models>

    def runtest(self) -> None:
        runner_fixture_id = f"_{self._loop_scope}_scoped_runner"
        runner = self._request.getfixturevalue(runner_fixture_id)
        context = contextvars.copy_context()
        synchronized_obj = _synchronize_coroutine(
            getattr(*self._synchronization_target_attr), runner, context
        )
        with MonkeyPatch.context() as c:
            c.setattr(*self._synchronization_target_attr, synchronized_obj)
>           super().runtest()

..\..\..\..\AppData\Roaming\Python\Python314\site-packages\pytest_asyncio\plugin.py:469: 
_ _ _ _ _ _ _ _ _ _ _ _ _ _ _ _ _ _ _ _ _ _ _ _ _ _ _ _ _ _ _ _ _ _ _ _ _ _ _ _
..\..\..\..\AppData\Roaming\Python\Python314\site-packages\pytest_asyncio\plugin.py:716: in inner
    runner.run(coro, context=context)
_ _ _ _ _ _ _ _ _ _ _ _ _ _ _ _ _ _ _ _ _ _ _ _ _ _ _ _ _ _ _ _ _ _ _ _ _ _ _ _

self = <asyncio.runners.Runner object at 0x000002A01FAD1750>
coro = <coroutine object test_gemini_list_models at 0x000002A01E04E8C0>

    def run(self, coro, *, context=None):
        """Run code in the embedded event loop."""
        if events._get_running_loop() is not None:
            # fail fast with short traceback
>           raise RuntimeError(
                "Runner.run() cannot be called from a running event loop")
E           RuntimeError: Runner.run() cannot be called from a running event loop

C:\Python314\Lib\asyncio\runners.py:91: RuntimeError
_______________________ test_gemini_list_models_no_key ________________________

self = <Coroutine test_gemini_list_models_no_key>

    def runtest(self) -> None:
        runner_fixture_id = f"_{self._loop_scope}_scoped_runner"
        runner = self._request.getfixturevalue(runner_fixture_id)
        context = contextvars.copy_context()
        synchronized_obj = _synchronize_coroutine(
            getattr(*self._synchronization_target_attr), runner, context
        )
        with MonkeyPatch.context() as c:
            c.setattr(*self._synchronization_target_attr, synchronized_obj)
>           super().runtest()

..\..\..\..\AppData\Roaming\Python\Python314\site-packages\pytest_asyncio\plugin.py:469: 
_ _ _ _ _ _ _ _ _ _ _ _ _ _ _ _ _ _ _ _ _ _ _ _ _ _ _ _ _ _ _ _ _ _ _ _ _ _ _ _
..\..\..\..\AppData\Roaming\Python\Python314\site-packages\pytest_asyncio\plugin.py:716: in inner
    runner.run(coro, context=context)
_ _ _ _ _ _ _ _ _ _ _ _ _ _ _ _ _ _ _ _ _ _ _ _ _ _ _ _ _ _ _ _ _ _ _ _ _ _ _ _

self = <asyncio.runners.Runner object at 0x000002A01FB8A650>
coro = <coroutine object test_gemini_list_models_no_key at 0x000002A01E1096C0>

    def run(self, coro, *, context=None):
        """Run code in the embedded event loop."""
        if events._get_running_loop() is not None:
            # fail fast with short traceback
>           raise RuntimeError(
                "Runner.run() cannot be called from a running event loop")
E           RuntimeError: Runner.run() cannot be called from a running event loop

C:\Python314\Lib\asyncio\runners.py:91: RuntimeError
____________________________ test_grok_list_models ____________________________

self = <Coroutine test_grok_list_models>

    def runtest(self) -> None:
        runner_fixture_id = f"_{self._loop_scope}_scoped_runner"
        runner = self._request.getfixturevalue(runner_fixture_id)
        context = contextvars.copy_context()
        synchronized_obj = _synchronize_coroutine(
            getattr(*self._synchronization_target_attr), runner, context
        )
        with MonkeyPatch.context() as c:
            c.setattr(*self._synchronization_target_attr, synchronized_obj)
>           super().runtest()

..\..\..\..\AppData\Roaming\Python\Python314\site-packages\pytest_asyncio\plugin.py:469: 
_ _ _ _ _ _ _ _ _ _ _ _ _ _ _ _ _ _ _ _ _ _ _ _ _ _ _ _ _ _ _ _ _ _ _ _ _ _ _ _
..\..\..\..\AppData\Roaming\Python\Python314\site-packages\pytest_asyncio\plugin.py:716: in inner
    runner.run(coro, context=context)
_ _ _ _ _ _ _ _ _ _ _ _ _ _ _ _ _ _ _ _ _ _ _ _ _ _ _ _ _ _ _ _ _ _ _ _ _ _ _ _

self = <asyncio.runners.Runner object at 0x000002A01FAD10D0>
coro = <coroutine object test_grok_list_models at 0x000002A01E108160>

    def run(self, coro, *, context=None):
        """Run code in the embedded event loop."""
        if events._get_running_loop() is not None:
            # fail fast with short traceback
>           raise RuntimeError(
                "Runner.run() cannot be called from a running event loop")
E           RuntimeError: Runner.run() cannot be called from a running event loop

C:\Python314\Lib\asyncio\runners.py:91: RuntimeError
____________________________ test_factory_variants ____________________________

self = <Coroutine test_factory_variants>

    def runtest(self) -> None:
        runner_fixture_id = f"_{self._loop_scope}_scoped_runner"
        runner = self._request.getfixturevalue(runner_fixture_id)
        context = contextvars.copy_context()
        synchronized_obj = _synchronize_coroutine(
            getattr(*self._synchronization_target_attr), runner, context
        )
        with MonkeyPatch.context() as c:
            c.setattr(*self._synchronization_target_attr, synchronized_obj)
>           super().runtest()

..\..\..\..\AppData\Roaming\Python\Python314\site-packages\pytest_asyncio\plugin.py:469: 
_ _ _ _ _ _ _ _ _ _ _ _ _ _ _ _ _ _ _ _ _ _ _ _ _ _ _ _ _ _ _ _ _ _ _ _ _ _ _ _
..\..\..\..\AppData\Roaming\Python\Python314\site-packages\pytest_asyncio\plugin.py:716: in inner
    runner.run(coro, context=context)
_ _ _ _ _ _ _ _ _ _ _ _ _ _ _ _ _ _ _ _ _ _ _ _ _ _ _ _ _ _ _ _ _ _ _ _ _ _ _ _

self = <asyncio.runners.Runner object at 0x000002A01FAD1FD0>
coro = <coroutine object test_factory_variants at 0x000002A01E977CC0>

    def run(self, coro, *, context=None):
        """Run code in the embedded event loop."""
        if events._get_running_loop() is not None:
            # fail fast with short traceback
>           raise RuntimeError(
                "Runner.run() cannot be called from a running event loop")
E           RuntimeError: Runner.run() cannot be called from a running event loop

C:\Python314\Lib\asyncio\runners.py:91: RuntimeError
_______________________ test_anthropic_provider_success _______________________

self = <Coroutine test_anthropic_provider_success>

    def runtest(self) -> None:
        runner_fixture_id = f"_{self._loop_scope}_scoped_runner"
        runner = self._request.getfixturevalue(runner_fixture_id)
        context = contextvars.copy_context()
        synchronized_obj = _synchronize_coroutine(
            getattr(*self._synchronization_target_attr), runner, context
        )
        with MonkeyPatch.context() as c:
            c.setattr(*self._synchronization_target_attr, synchronized_obj)
>           super().runtest()

..\..\..\..\AppData\Roaming\Python\Python314\site-packages\pytest_asyncio\plugin.py:469: 
_ _ _ _ _ _ _ _ _ _ _ _ _ _ _ _ _ _ _ _ _ _ _ _ _ _ _ _ _ _ _ _ _ _ _ _ _ _ _ _
..\..\..\..\AppData\Roaming\Python\Python314\site-packages\pytest_asyncio\plugin.py:716: in inner
    runner.run(coro, context=context)
_ _ _ _ _ _ _ _ _ _ _ _ _ _ _ _ _ _ _ _ _ _ _ _ _ _ _ _ _ _ _ _ _ _ _ _ _ _ _ _

self = <asyncio.runners.Runner object at 0x000002A01E5E3950>
coro = <coroutine object test_anthropic_provider_success at 0x000002A01E121B60>

    def run(self, coro, *, context=None):
        """Run code in the embedded event loop."""
        if events._get_running_loop() is not None:
            # fail fast with short traceback
>           raise RuntimeError(
                "Runner.run() cannot be called from a running event loop")
E           RuntimeError: Runner.run() cannot be called from a running event loop

C:\Python314\Lib\asyncio\runners.py:91: RuntimeError
________________________ test_gemini_provider_success _________________________

self = <Coroutine test_gemini_provider_success>

    def runtest(self) -> None:
        runner_fixture_id = f"_{self._loop_scope}_scoped_runner"
        runner = self._request.getfixturevalue(runner_fixture_id)
        context = contextvars.copy_context()
        synchronized_obj = _synchronize_coroutine(
            getattr(*self._synchronization_target_attr), runner, context
        )
        with MonkeyPatch.context() as c:
            c.setattr(*self._synchronization_target_attr, synchronized_obj)
>           super().runtest()

..\..\..\..\AppData\Roaming\Python\Python314\site-packages\pytest_asyncio\plugin.py:469: 
_ _ _ _ _ _ _ _ _ _ _ _ _ _ _ _ _ _ _ _ _ _ _ _ _ _ _ _ _ _ _ _ _ _ _ _ _ _ _ _
..\..\..\..\AppData\Roaming\Python\Python314\site-packages\pytest_asyncio\plugin.py:716: in inner
    runner.run(coro, context=context)
_ _ _ _ _ _ _ _ _ _ _ _ _ _ _ _ _ _ _ _ _ _ _ _ _ _ _ _ _ _ _ _ _ _ _ _ _ _ _ _

self = <asyncio.runners.Runner object at 0x000002A01C4A42D0>
coro = <coroutine object test_gemini_provider_success at 0x000002A01DF50040>

    def run(self, coro, *, context=None):
        """Run code in the embedded event loop."""
        if events._get_running_loop() is not None:
            # fail fast with short traceback
>           raise RuntimeError(
                "Runner.run() cannot be called from a running event loop")
E           RuntimeError: Runner.run() cannot be called from a running event loop

C:\Python314\Lib\asyncio\runners.py:91: RuntimeError
____________________________ test_provider_factory ____________________________

self = <Coroutine test_provider_factory>

    def runtest(self) -> None:
        runner_fixture_id = f"_{self._loop_scope}_scoped_runner"
        runner = self._request.getfixturevalue(runner_fixture_id)
        context = contextvars.copy_context()
        synchronized_obj = _synchronize_coroutine(
            getattr(*self._synchronization_target_attr), runner, context
        )
        with MonkeyPatch.context() as c:
            c.setattr(*self._synchronization_target_attr, synchronized_obj)
>           super().runtest()

..\..\..\..\AppData\Roaming\Python\Python314\site-packages\pytest_asyncio\plugin.py:469: 
_ _ _ _ _ _ _ _ _ _ _ _ _ _ _ _ _ _ _ _ _ _ _ _ _ _ _ _ _ _ _ _ _ _ _ _ _ _ _ _
..\..\..\..\AppData\Roaming\Python\Python314\site-packages\pytest_asyncio\plugin.py:716: in inner
    runner.run(coro, context=context)
_ _ _ _ _ _ _ _ _ _ _ _ _ _ _ _ _ _ _ _ _ _ _ _ _ _ _ _ _ _ _ _ _ _ _ _ _ _ _ _

self = <asyncio.runners.Runner object at 0x000002A01C645D50>
coro = <coroutine object test_provider_factory at 0x000002A01E977E20>

    def run(self, coro, *, context=None):
        """Run code in the embedded event loop."""
        if events._get_running_loop() is not None:
            # fail fast with short traceback
>           raise RuntimeError(
                "Runner.run() cannot be called from a running event loop")
E           RuntimeError: Runner.run() cannot be called from a running event loop

C:\Python314\Lib\asyncio\runners.py:91: RuntimeError
____________________ test_calculate_luna_judge_score_mock _____________________

self = <Coroutine test_calculate_luna_judge_score_mock>

    def runtest(self) -> None:
        runner_fixture_id = f"_{self._loop_scope}_scoped_runner"
        runner = self._request.getfixturevalue(runner_fixture_id)
        context = contextvars.copy_context()
        synchronized_obj = _synchronize_coroutine(
            getattr(*self._synchronization_target_attr), runner, context
        )
        with MonkeyPatch.context() as c:
            c.setattr(*self._synchronization_target_attr, synchronized_obj)
>           super().runtest()

..\..\..\..\AppData\Roaming\Python\Python314\site-packages\pytest_asyncio\plugin.py:469: 
_ _ _ _ _ _ _ _ _ _ _ _ _ _ _ _ _ _ _ _ _ _ _ _ _ _ _ _ _ _ _ _ _ _ _ _ _ _ _ _
..\..\..\..\AppData\Roaming\Python\Python314\site-packages\pytest_asyncio\plugin.py:716: in inner
    runner.run(coro, context=context)
_ _ _ _ _ _ _ _ _ _ _ _ _ _ _ _ _ _ _ _ _ _ _ _ _ _ _ _ _ _ _ _ _ _ _ _ _ _ _ _

self = <asyncio.runners.Runner object at 0x000002A01E0D1F50>
coro = <coroutine object test_calculate_luna_judge_score_mock at 0x000002A01E9E8190>

    def run(self, coro, *, context=None):
        """Run code in the embedded event loop."""
        if events._get_running_loop() is not None:
            # fail fast with short traceback
>           raise RuntimeError(
                "Runner.run() cannot be called from a running event loop")
E           RuntimeError: Runner.run() cannot be called from a running event loop

C:\Python314\Lib\asyncio\runners.py:91: RuntimeError
__________________ test_calculate_luna_judge_score_fallback ___________________

self = <Coroutine test_calculate_luna_judge_score_fallback>

    def runtest(self) -> None:
        runner_fixture_id = f"_{self._loop_scope}_scoped_runner"
        runner = self._request.getfixturevalue(runner_fixture_id)
        context = contextvars.copy_context()
        synchronized_obj = _synchronize_coroutine(
            getattr(*self._synchronization_target_attr), runner, context
        )
        with MonkeyPatch.context() as c:
            c.setattr(*self._synchronization_target_attr, synchronized_obj)
>           super().runtest()

..\..\..\..\AppData\Roaming\Python\Python314\site-packages\pytest_asyncio\plugin.py:469: 
_ _ _ _ _ _ _ _ _ _ _ _ _ _ _ _ _ _ _ _ _ _ _ _ _ _ _ _ _ _ _ _ _ _ _ _ _ _ _ _
..\..\..\..\AppData\Roaming\Python\Python314\site-packages\pytest_asyncio\plugin.py:716: in inner
    runner.run(coro, context=context)
_ _ _ _ _ _ _ _ _ _ _ _ _ _ _ _ _ _ _ _ _ _ _ _ _ _ _ _ _ _ _ _ _ _ _ _ _ _ _ _

self = <asyncio.runners.Runner object at 0x000002A01FBCF650>
coro = <coroutine object test_calculate_luna_judge_score_fallback at 0x000002A01E8674C0>

    def run(self, coro, *, context=None):
        """Run code in the embedded event loop."""
        if events._get_running_loop() is not None:
            # fail fast with short traceback
>           raise RuntimeError(
                "Runner.run() cannot be called from a running event loop")
E           RuntimeError: Runner.run() cannot be called from a running event loop

C:\Python314\Lib\asyncio\runners.py:91: RuntimeError
____________________________ test_luna_judge_score ____________________________

self = <Coroutine test_luna_judge_score>

    def runtest(self) -> None:
        runner_fixture_id = f"_{self._loop_scope}_scoped_runner"
        runner = self._request.getfixturevalue(runner_fixture_id)
        context = contextvars.copy_context()
        synchronized_obj = _synchronize_coroutine(
            getattr(*self._synchronization_target_attr), runner, context
        )
        with MonkeyPatch.context() as c:
            c.setattr(*self._synchronization_target_attr, synchronized_obj)
>           super().runtest()

..\..\..\..\AppData\Roaming\Python\Python314\site-packages\pytest_asyncio\plugin.py:469: 
_ _ _ _ _ _ _ _ _ _ _ _ _ _ _ _ _ _ _ _ _ _ _ _ _ _ _ _ _ _ _ _ _ _ _ _ _ _ _ _
..\..\..\..\AppData\Roaming\Python\Python314\site-packages\pytest_asyncio\plugin.py:716: in inner
    runner.run(coro, context=context)
_ _ _ _ _ _ _ _ _ _ _ _ _ _ _ _ _ _ _ _ _ _ _ _ _ _ _ _ _ _ _ _ _ _ _ _ _ _ _ _

self = <asyncio.runners.Runner object at 0x000002A01DFC4D50>
coro = <coroutine object test_luna_judge_score at 0x000002A01DF49470>

    def run(self, coro, *, context=None):
        """Run code in the embedded event loop."""
        if events._get_running_loop() is not None:
            # fail fast with short traceback
>           raise RuntimeError(
                "Runner.run() cannot be called from a running event loop")
E           RuntimeError: Runner.run() cannot be called from a running event loop

C:\Python314\Lib\asyncio\runners.py:91: RuntimeError
______________________ test_luna_judge_with_mock_ollama _______________________

self = <Coroutine test_luna_judge_with_mock_ollama>

    def runtest(self) -> None:
        runner_fixture_id = f"_{self._loop_scope}_scoped_runner"
        runner = self._request.getfixturevalue(runner_fixture_id)
        context = contextvars.copy_context()
        synchronized_obj = _synchronize_coroutine(
            getattr(*self._synchronization_target_attr), runner, context
        )
        with MonkeyPatch.context() as c:
            c.setattr(*self._synchronization_target_attr, synchronized_obj)
>           super().runtest()

..\..\..\..\AppData\Roaming\Python\Python314\site-packages\pytest_asyncio\plugin.py:469: 
_ _ _ _ _ _ _ _ _ _ _ _ _ _ _ _ _ _ _ _ _ _ _ _ _ _ _ _ _ _ _ _ _ _ _ _ _ _ _ _
..\..\..\..\AppData\Roaming\Python\Python314\site-packages\pytest_asyncio\plugin.py:716: in inner
    runner.run(coro, context=context)
_ _ _ _ _ _ _ _ _ _ _ _ _ _ _ _ _ _ _ _ _ _ _ _ _ _ _ _ _ _ _ _ _ _ _ _ _ _ _ _

self = <asyncio.runners.Runner object at 0x000002A01E0D3250>
coro = <coroutine object test_luna_judge_with_mock_ollama at 0x000002A01DF7A340>

    def run(self, coro, *, context=None):
        """Run code in the embedded event loop."""
        if events._get_running_loop() is not None:
            # fail fast with short traceback
>           raise RuntimeError(
                "Runner.run() cannot be called from a running event loop")
E           RuntimeError: Runner.run() cannot be called from a running event loop

C:\Python314\Lib\asyncio\runners.py:91: RuntimeError
__________________ test_calculate_luna_judge_score_branches ___________________

self = <Coroutine test_calculate_luna_judge_score_branches>

    def runtest(self) -> None:
        runner_fixture_id = f"_{self._loop_scope}_scoped_runner"
        runner = self._request.getfixturevalue(runner_fixture_id)
        context = contextvars.copy_context()
        synchronized_obj = _synchronize_coroutine(
            getattr(*self._synchronization_target_attr), runner, context
        )
        with MonkeyPatch.context() as c:
            c.setattr(*self._synchronization_target_attr, synchronized_obj)
>           super().runtest()

..\..\..\..\AppData\Roaming\Python\Python314\site-packages\pytest_asyncio\plugin.py:469: 
_ _ _ _ _ _ _ _ _ _ _ _ _ _ _ _ _ _ _ _ _ _ _ _ _ _ _ _ _ _ _ _ _ _ _ _ _ _ _ _
..\..\..\..\AppData\Roaming\Python\Python314\site-packages\pytest_asyncio\plugin.py:716: in inner
    runner.run(coro, context=context)
_ _ _ _ _ _ _ _ _ _ _ _ _ _ _ _ _ _ _ _ _ _ _ _ _ _ _ _ _ _ _ _ _ _ _ _ _ _ _ _

self = <asyncio.runners.Runner object at 0x000002A01FBCE9D0>
coro = <coroutine object test_calculate_luna_judge_score_branches at 0x000002A01C2DF740>

    def run(self, coro, *, context=None):
        """Run code in the embedded event loop."""
        if events._get_running_loop() is not None:
            # fail fast with short traceback
>           raise RuntimeError(
                "Runner.run() cannot be called from a running event loop")
E           RuntimeError: Runner.run() cannot be called from a running event loop

C:\Python314\Lib\asyncio\runners.py:91: RuntimeError
_________________________ test_defense_metric_branch __________________________

self = <Coroutine test_defense_metric_branch>

    def runtest(self) -> None:
        runner_fixture_id = f"_{self._loop_scope}_scoped_runner"
        runner = self._request.getfixturevalue(runner_fixture_id)
        context = contextvars.copy_context()
        synchronized_obj = _synchronize_coroutine(
            getattr(*self._synchronization_target_attr), runner, context
        )
        with MonkeyPatch.context() as c:
            c.setattr(*self._synchronization_target_attr, synchronized_obj)
>           super().runtest()

..\..\..\..\AppData\Roaming\Python\Python314\site-packages\pytest_asyncio\plugin.py:469: 
_ _ _ _ _ _ _ _ _ _ _ _ _ _ _ _ _ _ _ _ _ _ _ _ _ _ _ _ _ _ _ _ _ _ _ _ _ _ _ _
..\..\..\..\AppData\Roaming\Python\Python314\site-packages\pytest_asyncio\plugin.py:716: in inner
    runner.run(coro, context=context)
_ _ _ _ _ _ _ _ _ _ _ _ _ _ _ _ _ _ _ _ _ _ _ _ _ _ _ _ _ _ _ _ _ _ _ _ _ _ _ _

self = <asyncio.runners.Runner object at 0x000002A01FAD0150>
coro = <coroutine object test_defense_metric_branch at 0x000002A01E9EC300>

    def run(self, coro, *, context=None):
        """Run code in the embedded event loop."""
        if events._get_running_loop() is not None:
            # fail fast with short traceback
>           raise RuntimeError(
                "Runner.run() cannot be called from a running event loop")
E           RuntimeError: Runner.run() cannot be called from a running event loop

C:\Python314\Lib\asyncio\runners.py:91: RuntimeError
________________________ test_technical_metric_branch _________________________

self = <Coroutine test_technical_metric_branch>

    def runtest(self) -> None:
        runner_fixture_id = f"_{self._loop_scope}_scoped_runner"
        runner = self._request.getfixturevalue(runner_fixture_id)
        context = contextvars.copy_context()
        synchronized_obj = _synchronize_coroutine(
            getattr(*self._synchronization_target_attr), runner, context
        )
        with MonkeyPatch.context() as c:
            c.setattr(*self._synchronization_target_attr, synchronized_obj)
>           super().runtest()

..\..\..\..\AppData\Roaming\Python\Python314\site-packages\pytest_asyncio\plugin.py:469: 
_ _ _ _ _ _ _ _ _ _ _ _ _ _ _ _ _ _ _ _ _ _ _ _ _ _ _ _ _ _ _ _ _ _ _ _ _ _ _ _
..\..\..\..\AppData\Roaming\Python\Python314\site-packages\pytest_asyncio\plugin.py:716: in inner
    runner.run(coro, context=context)
_ _ _ _ _ _ _ _ _ _ _ _ _ _ _ _ _ _ _ _ _ _ _ _ _ _ _ _ _ _ _ _ _ _ _ _ _ _ _ _

self = <asyncio.runners.Runner object at 0x000002A01FB8AB50>
coro = <coroutine object test_technical_metric_branch at 0x000002A01E9EC5C0>

    def run(self, coro, *, context=None):
        """Run code in the embedded event loop."""
        if events._get_running_loop() is not None:
            # fail fast with short traceback
>           raise RuntimeError(
                "Runner.run() cannot be called from a running event loop")
E           RuntimeError: Runner.run() cannot be called from a running event loop

C:\Python314\Lib\asyncio\runners.py:91: RuntimeError
__________________ test_planning_quality_uses_correct_rubric __________________

self = <Coroutine test_planning_quality_uses_correct_rubric>

    def runtest(self) -> None:
        runner_fixture_id = f"_{self._loop_scope}_scoped_runner"
        runner = self._request.getfixturevalue(runner_fixture_id)
        context = contextvars.copy_context()
        synchronized_obj = _synchronize_coroutine(
            getattr(*self._synchronization_target_attr), runner, context
        )
        with MonkeyPatch.context() as c:
            c.setattr(*self._synchronization_target_attr, synchronized_obj)
>           super().runtest()

..\..\..\..\AppData\Roaming\Python\Python314\site-packages\pytest_asyncio\plugin.py:469: 
_ _ _ _ _ _ _ _ _ _ _ _ _ _ _ _ _ _ _ _ _ _ _ _ _ _ _ _ _ _ _ _ _ _ _ _ _ _ _ _
..\..\..\..\AppData\Roaming\Python\Python314\site-packages\pytest_asyncio\plugin.py:716: in inner
    runner.run(coro, context=context)
_ _ _ _ _ _ _ _ _ _ _ _ _ _ _ _ _ _ _ _ _ _ _ _ _ _ _ _ _ _ _ _ _ _ _ _ _ _ _ _

self = <asyncio.runners.Runner object at 0x000002A01E0D0DD0>
coro = <coroutine object test_planning_quality_uses_correct_rubric at 0x000002A01DEE85E0>

    def run(self, coro, *, context=None):
        """Run code in the embedded event loop."""
        if events._get_running_loop() is not None:
            # fail fast with short traceback
>           raise RuntimeError(
                "Runner.run() cannot be called from a running event loop")
E           RuntimeError: Runner.run() cannot be called from a running event loop

C:\Python314\Lib\asyncio\runners.py:91: RuntimeError
_______________________ test_calculate_planning_quality _______________________

self = <Coroutine test_calculate_planning_quality>

    def runtest(self) -> None:
        runner_fixture_id = f"_{self._loop_scope}_scoped_runner"
        runner = self._request.getfixturevalue(runner_fixture_id)
        context = contextvars.copy_context()
        synchronized_obj = _synchronize_coroutine(
            getattr(*self._synchronization_target_attr), runner, context
        )
        with MonkeyPatch.context() as c:
            c.setattr(*self._synchronization_target_attr, synchronized_obj)
>           super().runtest()

..\..\..\..\AppData\Roaming\Python\Python314\site-packages\pytest_asyncio\plugin.py:469: 
_ _ _ _ _ _ _ _ _ _ _ _ _ _ _ _ _ _ _ _ _ _ _ _ _ _ _ _ _ _ _ _ _ _ _ _ _ _ _ _
..\..\..\..\AppData\Roaming\Python\Python314\site-packages\pytest_asyncio\plugin.py:716: in inner
    runner.run(coro, context=context)
_ _ _ _ _ _ _ _ _ _ _ _ _ _ _ _ _ _ _ _ _ _ _ _ _ _ _ _ _ _ _ _ _ _ _ _ _ _ _ _

self = <asyncio.runners.Runner object at 0x000002A01DE5F7D0>
coro = <coroutine object test_calculate_planning_quality at 0x000002A01E9EC720>

    def run(self, coro, *, context=None):
        """Run code in the embedded event loop."""
        if events._get_running_loop() is not None:
            # fail fast with short traceback
>           raise RuntimeError(
                "Runner.run() cannot be called from a running event loop")
E           RuntimeError: Runner.run() cannot be called from a running event loop

C:\Python314\Lib\asyncio\runners.py:91: RuntimeError
_____________________ test_calculate_root_cause_analysis ______________________

self = <Coroutine test_calculate_root_cause_analysis>

    def runtest(self) -> None:
        runner_fixture_id = f"_{self._loop_scope}_scoped_runner"
        runner = self._request.getfixturevalue(runner_fixture_id)
        context = contextvars.copy_context()
        synchronized_obj = _synchronize_coroutine(
            getattr(*self._synchronization_target_attr), runner, context
        )
        with MonkeyPatch.context() as c:
            c.setattr(*self._synchronization_target_attr, synchronized_obj)
>           super().runtest()

..\..\..\..\AppData\Roaming\Python\Python314\site-packages\pytest_asyncio\plugin.py:469: 
_ _ _ _ _ _ _ _ _ _ _ _ _ _ _ _ _ _ _ _ _ _ _ _ _ _ _ _ _ _ _ _ _ _ _ _ _ _ _ _
..\..\..\..\AppData\Roaming\Python\Python314\site-packages\pytest_asyncio\plugin.py:716: in inner
    runner.run(coro, context=context)
_ _ _ _ _ _ _ _ _ _ _ _ _ _ _ _ _ _ _ _ _ _ _ _ _ _ _ _ _ _ _ _ _ _ _ _ _ _ _ _

self = <asyncio.runners.Runner object at 0x000002A01DB40E50>
coro = <coroutine object test_calculate_root_cause_analysis at 0x000002A01E9ED380>

    def run(self, coro, *, context=None):
        """Run code in the embedded event loop."""
        if events._get_running_loop() is not None:
            # fail fast with short traceback
>           raise RuntimeError(
                "Runner.run() cannot be called from a running event loop")
E           RuntimeError: Runner.run() cannot be called from a running event loop

C:\Python314\Lib\asyncio\runners.py:91: RuntimeError
___________________ test_engine_captures_state_transitions ____________________

self = <Coroutine test_engine_captures_state_transitions>

    def runtest(self) -> None:
        runner_fixture_id = f"_{self._loop_scope}_scoped_runner"
        runner = self._request.getfixturevalue(runner_fixture_id)
        context = contextvars.copy_context()
        synchronized_obj = _synchronize_coroutine(
            getattr(*self._synchronization_target_attr), runner, context
        )
        with MonkeyPatch.context() as c:
            c.setattr(*self._synchronization_target_attr, synchronized_obj)
>           super().runtest()

..\..\..\..\AppData\Roaming\Python\Python314\site-packages\pytest_asyncio\plugin.py:469: 
_ _ _ _ _ _ _ _ _ _ _ _ _ _ _ _ _ _ _ _ _ _ _ _ _ _ _ _ _ _ _ _ _ _ _ _ _ _ _ _
..\..\..\..\AppData\Roaming\Python\Python314\site-packages\pytest_asyncio\plugin.py:716: in inner
    runner.run(coro, context=context)
_ _ _ _ _ _ _ _ _ _ _ _ _ _ _ _ _ _ _ _ _ _ _ _ _ _ _ _ _ _ _ _ _ _ _ _ _ _ _ _

self = <asyncio.runners.Runner object at 0x000002A01DBC3750>
coro = <coroutine object test_engine_captures_state_transitions at 0x000002A01DE0D9C0>

    def run(self, coro, *, context=None):
        """Run code in the embedded event loop."""
        if events._get_running_loop() is not None:
            # fail fast with short traceback
>           raise RuntimeError(
                "Runner.run() cannot be called from a running event loop")
E           RuntimeError: Runner.run() cannot be called from a running event loop

C:\Python314\Lib\asyncio\runners.py:91: RuntimeError
_________________________ test_hitl_interactive_input _________________________

self = <Coroutine test_hitl_interactive_input>

    def runtest(self) -> None:
        runner_fixture_id = f"_{self._loop_scope}_scoped_runner"
        runner = self._request.getfixturevalue(runner_fixture_id)
        context = contextvars.copy_context()
        synchronized_obj = _synchronize_coroutine(
            getattr(*self._synchronization_target_attr), runner, context
        )
        with MonkeyPatch.context() as c:
            c.setattr(*self._synchronization_target_attr, synchronized_obj)
>           super().runtest()

..\..\..\..\AppData\Roaming\Python\Python314\site-packages\pytest_asyncio\plugin.py:469: 
_ _ _ _ _ _ _ _ _ _ _ _ _ _ _ _ _ _ _ _ _ _ _ _ _ _ _ _ _ _ _ _ _ _ _ _ _ _ _ _
..\..\..\..\AppData\Roaming\Python\Python314\site-packages\pytest_asyncio\plugin.py:716: in inner
    runner.run(coro, context=context)
_ _ _ _ _ _ _ _ _ _ _ _ _ _ _ _ _ _ _ _ _ _ _ _ _ _ _ _ _ _ _ _ _ _ _ _ _ _ _ _

self = <asyncio.runners.Runner object at 0x000002A01E0C0C50>
coro = <coroutine object test_hitl_interactive_input at 0x000002A01DE0D540>

    def run(self, coro, *, context=None):
        """Run code in the embedded event loop."""
        if events._get_running_loop() is not None:
            # fail fast with short traceback
>           raise RuntimeError(
                "Runner.run() cannot be called from a running event loop")
E           RuntimeError: Runner.run() cannot be called from a running event loop

C:\Python314\Lib\asyncio\runners.py:91: RuntimeError
__________________________ test_hitl_ci_auto_resume ___________________________

self = <Coroutine test_hitl_ci_auto_resume>

    def runtest(self) -> None:
        runner_fixture_id = f"_{self._loop_scope}_scoped_runner"
        runner = self._request.getfixturevalue(runner_fixture_id)
        context = contextvars.copy_context()
        synchronized_obj = _synchronize_coroutine(
            getattr(*self._synchronization_target_attr), runner, context
        )
        with MonkeyPatch.context() as c:
            c.setattr(*self._synchronization_target_attr, synchronized_obj)
>           super().runtest()

..\..\..\..\AppData\Roaming\Python\Python314\site-packages\pytest_asyncio\plugin.py:469: 
_ _ _ _ _ _ _ _ _ _ _ _ _ _ _ _ _ _ _ _ _ _ _ _ _ _ _ _ _ _ _ _ _ _ _ _ _ _ _ _
..\..\..\..\AppData\Roaming\Python\Python314\site-packages\pytest_asyncio\plugin.py:716: in inner
    runner.run(coro, context=context)
_ _ _ _ _ _ _ _ _ _ _ _ _ _ _ _ _ _ _ _ _ _ _ _ _ _ _ _ _ _ _ _ _ _ _ _ _ _ _ _

self = <asyncio.runners.Runner object at 0x000002A01E1B11D0>
coro = <coroutine object test_hitl_ci_auto_resume at 0x000002A01E9EC9E0>

    def run(self, coro, *, context=None):
        """Run code in the embedded event loop."""
        if events._get_running_loop() is not None:
            # fail fast with short traceback
>           raise RuntimeError(
                "Runner.run() cannot be called from a running event loop")
E           RuntimeError: Runner.run() cannot be called from a running event loop

C:\Python314\Lib\asyncio\runners.py:91: RuntimeError
_____________________ test_reporting_plugin_notifications _____________________

self = <Coroutine test_reporting_plugin_notifications>

    def runtest(self) -> None:
        runner_fixture_id = f"_{self._loop_scope}_scoped_runner"
        runner = self._request.getfixturevalue(runner_fixture_id)
        context = contextvars.copy_context()
        synchronized_obj = _synchronize_coroutine(
            getattr(*self._synchronization_target_attr), runner, context
        )
        with MonkeyPatch.context() as c:
            c.setattr(*self._synchronization_target_attr, synchronized_obj)
>           super().runtest()

..\..\..\..\AppData\Roaming\Python\Python314\site-packages\pytest_asyncio\plugin.py:469: 
_ _ _ _ _ _ _ _ _ _ _ _ _ _ _ _ _ _ _ _ _ _ _ _ _ _ _ _ _ _ _ _ _ _ _ _ _ _ _ _
..\..\..\..\AppData\Roaming\Python\Python314\site-packages\pytest_asyncio\plugin.py:716: in inner
    runner.run(coro, context=context)
_ _ _ _ _ _ _ _ _ _ _ _ _ _ _ _ _ _ _ _ _ _ _ _ _ _ _ _ _ _ _ _ _ _ _ _ _ _ _ _

self = <asyncio.runners.Runner object at 0x000002A0202187D0>
coro = <coroutine object test_reporting_plugin_notifications at 0x000002A020159A80>

    def run(self, coro, *, context=None):
        """Run code in the embedded event loop."""
        if events._get_running_loop() is not None:
            # fail fast with short traceback
>           raise RuntimeError(
                "Runner.run() cannot be called from a running event loop")
E           RuntimeError: Runner.run() cannot be called from a running event loop

C:\Python314\Lib\asyncio\runners.py:91: RuntimeError
_____________________________ test_adapter_guards _____________________________

self = <Coroutine test_adapter_guards>

    def runtest(self) -> None:
        runner_fixture_id = f"_{self._loop_scope}_scoped_runner"
        runner = self._request.getfixturevalue(runner_fixture_id)
        context = contextvars.copy_context()
        synchronized_obj = _synchronize_coroutine(
            getattr(*self._synchronization_target_attr), runner, context
        )
        with MonkeyPatch.context() as c:
            c.setattr(*self._synchronization_target_attr, synchronized_obj)
>           super().runtest()

..\..\..\..\AppData\Roaming\Python\Python314\site-packages\pytest_asyncio\plugin.py:469: 
_ _ _ _ _ _ _ _ _ _ _ _ _ _ _ _ _ _ _ _ _ _ _ _ _ _ _ _ _ _ _ _ _ _ _ _ _ _ _ _
..\..\..\..\AppData\Roaming\Python\Python314\site-packages\pytest_asyncio\plugin.py:716: in inner
    runner.run(coro, context=context)
_ _ _ _ _ _ _ _ _ _ _ _ _ _ _ _ _ _ _ _ _ _ _ _ _ _ _ _ _ _ _ _ _ _ _ _ _ _ _ _

self = <asyncio.runners.Runner object at 0x000002A01C94A750>
coro = <coroutine object test_adapter_guards at 0x000002A020159930>

    def run(self, coro, *, context=None):
        """Run code in the embedded event loop."""
        if events._get_running_loop() is not None:
            # fail fast with short traceback
>           raise RuntimeError(
                "Runner.run() cannot be called from a running event loop")
E           RuntimeError: Runner.run() cannot be called from a running event loop

C:\Python314\Lib\asyncio\runners.py:91: RuntimeError
________________ TestSession.test_execute_tasks_empty_workflow ________________

self = <Coroutine test_execute_tasks_empty_workflow>

    def runtest(self) -> None:
        runner_fixture_id = f"_{self._loop_scope}_scoped_runner"
        runner = self._request.getfixturevalue(runner_fixture_id)
        context = contextvars.copy_context()
        synchronized_obj = _synchronize_coroutine(
            getattr(*self._synchronization_target_attr), runner, context
        )
        with MonkeyPatch.context() as c:
            c.setattr(*self._synchronization_target_attr, synchronized_obj)
>           super().runtest()

..\..\..\..\AppData\Roaming\Python\Python314\site-packages\pytest_asyncio\plugin.py:469: 
_ _ _ _ _ _ _ _ _ _ _ _ _ _ _ _ _ _ _ _ _ _ _ _ _ _ _ _ _ _ _ _ _ _ _ _ _ _ _ _
..\..\..\..\AppData\Roaming\Python\Python314\site-packages\pytest_asyncio\plugin.py:716: in inner
    runner.run(coro, context=context)
_ _ _ _ _ _ _ _ _ _ _ _ _ _ _ _ _ _ _ _ _ _ _ _ _ _ _ _ _ _ _ _ _ _ _ _ _ _ _ _

self = <asyncio.runners.Runner object at 0x000002A01DE5F850>
coro = <coroutine object TestSession.test_execute_tasks_empty_workflow at 0x000002A020491460>

    def run(self, coro, *, context=None):
        """Run code in the embedded event loop."""
        if events._get_running_loop() is not None:
            # fail fast with short traceback
>           raise RuntimeError(
                "Runner.run() cannot be called from a running event loop")
E           RuntimeError: Runner.run() cannot be called from a running event loop

C:\Python314\Lib\asyncio\runners.py:91: RuntimeError
_________________ TestSession.test_execute_tasks_cycle_error __________________

self = <Coroutine test_execute_tasks_cycle_error>

    def runtest(self) -> None:
        runner_fixture_id = f"_{self._loop_scope}_scoped_runner"
        runner = self._request.getfixturevalue(runner_fixture_id)
        context = contextvars.copy_context()
        synchronized_obj = _synchronize_coroutine(
            getattr(*self._synchronization_target_attr), runner, context
        )
        with MonkeyPatch.context() as c:
            c.setattr(*self._synchronization_target_attr, synchronized_obj)
>           super().runtest()

..\..\..\..\AppData\Roaming\Python\Python314\site-packages\pytest_asyncio\plugin.py:469: 
_ _ _ _ _ _ _ _ _ _ _ _ _ _ _ _ _ _ _ _ _ _ _ _ _ _ _ _ _ _ _ _ _ _ _ _ _ _ _ _
..\..\..\..\AppData\Roaming\Python\Python314\site-packages\pytest_asyncio\plugin.py:716: in inner
    runner.run(coro, context=context)
_ _ _ _ _ _ _ _ _ _ _ _ _ _ _ _ _ _ _ _ _ _ _ _ _ _ _ _ _ _ _ _ _ _ _ _ _ _ _ _

self = <asyncio.runners.Runner object at 0x000002A02021BED0>
coro = <coroutine object TestSession.test_execute_tasks_cycle_error at 0x000002A0204915D0>

    def run(self, coro, *, context=None):
        """Run code in the embedded event loop."""
        if events._get_running_loop() is not None:
            # fail fast with short traceback
>           raise RuntimeError(
                "Runner.run() cannot be called from a running event loop")
E           RuntimeError: Runner.run() cannot be called from a running event loop

C:\Python314\Lib\asyncio\runners.py:91: RuntimeError
__________________ TestSession.test_execute_tasks_happy_path __________________

self = <Coroutine test_execute_tasks_happy_path>

    def runtest(self) -> None:
        runner_fixture_id = f"_{self._loop_scope}_scoped_runner"
        runner = self._request.getfixturevalue(runner_fixture_id)
        context = contextvars.copy_context()
        synchronized_obj = _synchronize_coroutine(
            getattr(*self._synchronization_target_attr), runner, context
        )
        with MonkeyPatch.context() as c:
            c.setattr(*self._synchronization_target_attr, synchronized_obj)
>           super().runtest()

..\..\..\..\AppData\Roaming\Python\Python314\site-packages\pytest_asyncio\plugin.py:469: 
_ _ _ _ _ _ _ _ _ _ _ _ _ _ _ _ _ _ _ _ _ _ _ _ _ _ _ _ _ _ _ _ _ _ _ _ _ _ _ _
..\..\..\..\AppData\Roaming\Python\Python314\site-packages\pytest_asyncio\plugin.py:716: in inner
    runner.run(coro, context=context)
_ _ _ _ _ _ _ _ _ _ _ _ _ _ _ _ _ _ _ _ _ _ _ _ _ _ _ _ _ _ _ _ _ _ _ _ _ _ _ _

self = <asyncio.runners.Runner object at 0x000002A02021B550>
coro = <coroutine object TestSession.test_execute_tasks_happy_path at 0x000002A0184B7C10>

    def run(self, coro, *, context=None):
        """Run code in the embedded event loop."""
        if events._get_running_loop() is not None:
            # fail fast with short traceback
>           raise RuntimeError(
                "Runner.run() cannot be called from a running event loop")
E           RuntimeError: Runner.run() cannot be called from a running event loop

C:\Python314\Lib\asyncio\runners.py:91: RuntimeError
_________________ TestSession.test_execute_tasks_agent_error __________________

self = <Coroutine test_execute_tasks_agent_error>

    def runtest(self) -> None:
        runner_fixture_id = f"_{self._loop_scope}_scoped_runner"
        runner = self._request.getfixturevalue(runner_fixture_id)
        context = contextvars.copy_context()
        synchronized_obj = _synchronize_coroutine(
            getattr(*self._synchronization_target_attr), runner, context
        )
        with MonkeyPatch.context() as c:
            c.setattr(*self._synchronization_target_attr, synchronized_obj)
>           super().runtest()

..\..\..\..\AppData\Roaming\Python\Python314\site-packages\pytest_asyncio\plugin.py:469: 
_ _ _ _ _ _ _ _ _ _ _ _ _ _ _ _ _ _ _ _ _ _ _ _ _ _ _ _ _ _ _ _ _ _ _ _ _ _ _ _
..\..\..\..\AppData\Roaming\Python\Python314\site-packages\pytest_asyncio\plugin.py:716: in inner
    runner.run(coro, context=context)
_ _ _ _ _ _ _ _ _ _ _ _ _ _ _ _ _ _ _ _ _ _ _ _ _ _ _ _ _ _ _ _ _ _ _ _ _ _ _ _

self = <asyncio.runners.Runner object at 0x000002A02056BDD0>
coro = <coroutine object TestSession.test_execute_tasks_agent_error at 0x000002A0201D43A0>

    def run(self, coro, *, context=None):
        """Run code in the embedded event loop."""
        if events._get_running_loop() is not None:
            # fail fast with short traceback
>           raise RuntimeError(
                "Runner.run() cannot be called from a running event loop")
E           RuntimeError: Runner.run() cannot be called from a running event loop

C:\Python314\Lib\asyncio\runners.py:91: RuntimeError
__________________ TestSession.test_handle_tool_call_blocked __________________

self = <Coroutine test_handle_tool_call_blocked>

    def runtest(self) -> None:
        runner_fixture_id = f"_{self._loop_scope}_scoped_runner"
        runner = self._request.getfixturevalue(runner_fixture_id)
        context = contextvars.copy_context()
        synchronized_obj = _synchronize_coroutine(
            getattr(*self._synchronization_target_attr), runner, context
        )
        with MonkeyPatch.context() as c:
            c.setattr(*self._synchronization_target_attr, synchronized_obj)
>           super().runtest()

..\..\..\..\AppData\Roaming\Python\Python314\site-packages\pytest_asyncio\plugin.py:469: 
_ _ _ _ _ _ _ _ _ _ _ _ _ _ _ _ _ _ _ _ _ _ _ _ _ _ _ _ _ _ _ _ _ _ _ _ _ _ _ _
..\..\..\..\AppData\Roaming\Python\Python314\site-packages\pytest_asyncio\plugin.py:716: in inner
    runner.run(coro, context=context)
_ _ _ _ _ _ _ _ _ _ _ _ _ _ _ _ _ _ _ _ _ _ _ _ _ _ _ _ _ _ _ _ _ _ _ _ _ _ _ _

self = <asyncio.runners.Runner object at 0x000002A02032AE50>
coro = <coroutine object TestSession.test_handle_tool_call_blocked at 0x000002A0201D4550>

    def run(self, coro, *, context=None):
        """Run code in the embedded event loop."""
        if events._get_running_loop() is not None:
            # fail fast with short traceback
>           raise RuntimeError(
                "Runner.run() cannot be called from a running event loop")
E           RuntimeError: Runner.run() cannot be called from a running event loop

C:\Python314\Lib\asyncio\runners.py:91: RuntimeError
__________________ TestSession.test_handle_tool_call_success __________________

self = <Coroutine test_handle_tool_call_success>

    def runtest(self) -> None:
        runner_fixture_id = f"_{self._loop_scope}_scoped_runner"
        runner = self._request.getfixturevalue(runner_fixture_id)
        context = contextvars.copy_context()
        synchronized_obj = _synchronize_coroutine(
            getattr(*self._synchronization_target_attr), runner, context
        )
        with MonkeyPatch.context() as c:
            c.setattr(*self._synchronization_target_attr, synchronized_obj)
>           super().runtest()

..\..\..\..\AppData\Roaming\Python\Python314\site-packages\pytest_asyncio\plugin.py:469: 
_ _ _ _ _ _ _ _ _ _ _ _ _ _ _ _ _ _ _ _ _ _ _ _ _ _ _ _ _ _ _ _ _ _ _ _ _ _ _ _
..\..\..\..\AppData\Roaming\Python\Python314\site-packages\pytest_asyncio\plugin.py:716: in inner
    runner.run(coro, context=context)
_ _ _ _ _ _ _ _ _ _ _ _ _ _ _ _ _ _ _ _ _ _ _ _ _ _ _ _ _ _ _ _ _ _ _ _ _ _ _ _

self = <asyncio.runners.Runner object at 0x000002A02032AED0>
coro = <coroutine object TestSession.test_handle_tool_call_success at 0x000002A020520040>

    def run(self, coro, *, context=None):
        """Run code in the embedded event loop."""
        if events._get_running_loop() is not None:
            # fail fast with short traceback
>           raise RuntimeError(
                "Runner.run() cannot be called from a running event loop")
E           RuntimeError: Runner.run() cannot be called from a running event loop

C:\Python314\Lib\asyncio\runners.py:91: RuntimeError
___________________ TestSession.test_handle_multiple_tools ____________________

self = <Coroutine test_handle_multiple_tools>

    def runtest(self) -> None:
        runner_fixture_id = f"_{self._loop_scope}_scoped_runner"
        runner = self._request.getfixturevalue(runner_fixture_id)
        context = contextvars.copy_context()
        synchronized_obj = _synchronize_coroutine(
            getattr(*self._synchronization_target_attr), runner, context
        )
        with MonkeyPatch.context() as c:
            c.setattr(*self._synchronization_target_attr, synchronized_obj)
>           super().runtest()

..\..\..\..\AppData\Roaming\Python\Python314\site-packages\pytest_asyncio\plugin.py:469: 
_ _ _ _ _ _ _ _ _ _ _ _ _ _ _ _ _ _ _ _ _ _ _ _ _ _ _ _ _ _ _ _ _ _ _ _ _ _ _ _
..\..\..\..\AppData\Roaming\Python\Python314\site-packages\pytest_asyncio\plugin.py:716: in inner
    runner.run(coro, context=context)
_ _ _ _ _ _ _ _ _ _ _ _ _ _ _ _ _ _ _ _ _ _ _ _ _ _ _ _ _ _ _ _ _ _ _ _ _ _ _ _

self = <asyncio.runners.Runner object at 0x000002A0205E4850>
coro = <coroutine object TestSession.test_handle_multiple_tools at 0x000002A0205201E0>

    def run(self, coro, *, context=None):
        """Run code in the embedded event loop."""
        if events._get_running_loop() is not None:
            # fail fast with short traceback
>           raise RuntimeError(
                "Runner.run() cannot be called from a running event loop")
E           RuntimeError: Runner.run() cannot be called from a running event loop

C:\Python314\Lib\asyncio\runners.py:91: RuntimeError
_______________________ TestSession.test_handle_hitl_ci _______________________

self = <Coroutine test_handle_hitl_ci>

    def runtest(self) -> None:
        runner_fixture_id = f"_{self._loop_scope}_scoped_runner"
        runner = self._request.getfixturevalue(runner_fixture_id)
        context = contextvars.copy_context()
        synchronized_obj = _synchronize_coroutine(
            getattr(*self._synchronization_target_attr), runner, context
        )
        with MonkeyPatch.context() as c:
            c.setattr(*self._synchronization_target_attr, synchronized_obj)
>           super().runtest()

..\..\..\..\AppData\Roaming\Python\Python314\site-packages\pytest_asyncio\plugin.py:469: 
_ _ _ _ _ _ _ _ _ _ _ _ _ _ _ _ _ _ _ _ _ _ _ _ _ _ _ _ _ _ _ _ _ _ _ _ _ _ _ _
..\..\..\..\AppData\Roaming\Python\Python314\site-packages\pytest_asyncio\plugin.py:716: in inner
    runner.run(coro, context=context)
_ _ _ _ _ _ _ _ _ _ _ _ _ _ _ _ _ _ _ _ _ _ _ _ _ _ _ _ _ _ _ _ _ _ _ _ _ _ _ _

self = <asyncio.runners.Runner object at 0x000002A02029E4D0>
coro = <coroutine object TestSession.test_handle_hitl_ci at 0x000002A02018DF80>

    def run(self, coro, *, context=None):
        """Run code in the embedded event loop."""
        if events._get_running_loop() is not None:
            # fail fast with short traceback
>           raise RuntimeError(
                "Runner.run() cannot be called from a running event loop")
E           RuntimeError: Runner.run() cannot be called from a running event loop

C:\Python314\Lib\asyncio\runners.py:91: RuntimeError
______________________ TestSession.test_handle_hitl_tty _______________________

self = <Coroutine test_handle_hitl_tty>

    def runtest(self) -> None:
        runner_fixture_id = f"_{self._loop_scope}_scoped_runner"
        runner = self._request.getfixturevalue(runner_fixture_id)
        context = contextvars.copy_context()
        synchronized_obj = _synchronize_coroutine(
            getattr(*self._synchronization_target_attr), runner, context
        )
        with MonkeyPatch.context() as c:
            c.setattr(*self._synchronization_target_attr, synchronized_obj)
>           super().runtest()

..\..\..\..\AppData\Roaming\Python\Python314\site-packages\pytest_asyncio\plugin.py:469: 
_ _ _ _ _ _ _ _ _ _ _ _ _ _ _ _ _ _ _ _ _ _ _ _ _ _ _ _ _ _ _ _ _ _ _ _ _ _ _ _
..\..\..\..\AppData\Roaming\Python\Python314\site-packages\pytest_asyncio\plugin.py:716: in inner
    runner.run(coro, context=context)
_ _ _ _ _ _ _ _ _ _ _ _ _ _ _ _ _ _ _ _ _ _ _ _ _ _ _ _ _ _ _ _ _ _ _ _ _ _ _ _

self = <asyncio.runners.Runner object at 0x000002A02029DA50>
coro = <coroutine object TestSession.test_handle_hitl_tty at 0x000002A0203A34C0>

    def run(self, coro, *, context=None):
        """Run code in the embedded event loop."""
        if events._get_running_loop() is not None:
            # fail fast with short traceback
>           raise RuntimeError(
                "Runner.run() cannot be called from a running event loop")
E           RuntimeError: Runner.run() cannot be called from a running event loop

C:\Python314\Lib\asyncio\runners.py:91: RuntimeError
________________ TestSession.test_handle_hitl_non_interactive _________________

self = <Coroutine test_handle_hitl_non_interactive>

    def runtest(self) -> None:
        runner_fixture_id = f"_{self._loop_scope}_scoped_runner"
        runner = self._request.getfixturevalue(runner_fixture_id)
        context = contextvars.copy_context()
        synchronized_obj = _synchronize_coroutine(
            getattr(*self._synchronization_target_attr), runner, context
        )
        with MonkeyPatch.context() as c:
            c.setattr(*self._synchronization_target_attr, synchronized_obj)
>           super().runtest()

..\..\..\..\AppData\Roaming\Python\Python314\site-packages\pytest_asyncio\plugin.py:469: 
_ _ _ _ _ _ _ _ _ _ _ _ _ _ _ _ _ _ _ _ _ _ _ _ _ _ _ _ _ _ _ _ _ _ _ _ _ _ _ _
..\..\..\..\AppData\Roaming\Python\Python314\site-packages\pytest_asyncio\plugin.py:716: in inner
    runner.run(coro, context=context)
_ _ _ _ _ _ _ _ _ _ _ _ _ _ _ _ _ _ _ _ _ _ _ _ _ _ _ _ _ _ _ _ _ _ _ _ _ _ _ _

self = <asyncio.runners.Runner object at 0x000002A02029CDD0>
coro = <coroutine object TestSession.test_handle_hitl_non_interactive at 0x000002A02018D940>

    def run(self, coro, *, context=None):
        """Run code in the embedded event loop."""
        if events._get_running_loop() is not None:
            # fail fast with short traceback
>           raise RuntimeError(
                "Runner.run() cannot be called from a running event loop")
E           RuntimeError: Runner.run() cannot be called from a running event loop

C:\Python314\Lib\asyncio\runners.py:91: RuntimeError
______________ TestSession.test_calculate_metrics_state_hygiene _______________

self = <Coroutine test_calculate_metrics_state_hygiene>

    def runtest(self) -> None:
        runner_fixture_id = f"_{self._loop_scope}_scoped_runner"
        runner = self._request.getfixturevalue(runner_fixture_id)
        context = contextvars.copy_context()
        synchronized_obj = _synchronize_coroutine(
            getattr(*self._synchronization_target_attr), runner, context
        )
        with MonkeyPatch.context() as c:
            c.setattr(*self._synchronization_target_attr, synchronized_obj)
>           super().runtest()

..\..\..\..\AppData\Roaming\Python\Python314\site-packages\pytest_asyncio\plugin.py:469: 
_ _ _ _ _ _ _ _ _ _ _ _ _ _ _ _ _ _ _ _ _ _ _ _ _ _ _ _ _ _ _ _ _ _ _ _ _ _ _ _
..\..\..\..\AppData\Roaming\Python\Python314\site-packages\pytest_asyncio\plugin.py:716: in inner
    runner.run(coro, context=context)
_ _ _ _ _ _ _ _ _ _ _ _ _ _ _ _ _ _ _ _ _ _ _ _ _ _ _ _ _ _ _ _ _ _ _ _ _ _ _ _

self = <asyncio.runners.Runner object at 0x000002A01C930150>
coro = <coroutine object TestSession.test_calculate_metrics_state_hygiene at 0x000002A01E9E4CC0>

    def run(self, coro, *, context=None):
        """Run code in the embedded event loop."""
        if events._get_running_loop() is not None:
            # fail fast with short traceback
>           raise RuntimeError(
                "Runner.run() cannot be called from a running event loop")
E           RuntimeError: Runner.run() cannot be called from a running event loop

C:\Python314\Lib\asyncio\runners.py:91: RuntimeError
____________________ TestSession.test_get_last_env_message ____________________

self = <Coroutine test_get_last_env_message>

    def runtest(self) -> None:
        runner_fixture_id = f"_{self._loop_scope}_scoped_runner"
        runner = self._request.getfixturevalue(runner_fixture_id)
        context = contextvars.copy_context()
        synchronized_obj = _synchronize_coroutine(
            getattr(*self._synchronization_target_attr), runner, context
        )
        with MonkeyPatch.context() as c:
            c.setattr(*self._synchronization_target_attr, synchronized_obj)
>           super().runtest()

..\..\..\..\AppData\Roaming\Python\Python314\site-packages\pytest_asyncio\plugin.py:469: 
_ _ _ _ _ _ _ _ _ _ _ _ _ _ _ _ _ _ _ _ _ _ _ _ _ _ _ _ _ _ _ _ _ _ _ _ _ _ _ _
..\..\..\..\AppData\Roaming\Python\Python314\site-packages\pytest_asyncio\plugin.py:716: in inner
    runner.run(coro, context=context)
_ _ _ _ _ _ _ _ _ _ _ _ _ _ _ _ _ _ _ _ _ _ _ _ _ _ _ _ _ _ _ _ _ _ _ _ _ _ _ _

self = <asyncio.runners.Runner object at 0x000002A01C949250>
coro = <coroutine object TestSession.test_get_last_env_message at 0x000002A01E9ECB40>

    def run(self, coro, *, context=None):
        """Run code in the embedded event loop."""
        if events._get_running_loop() is not None:
            # fail fast with short traceback
>           raise RuntimeError(
                "Runner.run() cannot be called from a running event loop")
E           RuntimeError: Runner.run() cannot be called from a running event loop

C:\Python314\Lib\asyncio\runners.py:91: RuntimeError
__________________ TestSession.test_calculate_metrics_errors __________________

self = <Coroutine test_calculate_metrics_errors>

    def runtest(self) -> None:
        runner_fixture_id = f"_{self._loop_scope}_scoped_runner"
        runner = self._request.getfixturevalue(runner_fixture_id)
        context = contextvars.copy_context()
        synchronized_obj = _synchronize_coroutine(
            getattr(*self._synchronization_target_attr), runner, context
        )
        with MonkeyPatch.context() as c:
            c.setattr(*self._synchronization_target_attr, synchronized_obj)
>           super().runtest()

..\..\..\..\AppData\Roaming\Python\Python314\site-packages\pytest_asyncio\plugin.py:469: 
_ _ _ _ _ _ _ _ _ _ _ _ _ _ _ _ _ _ _ _ _ _ _ _ _ _ _ _ _ _ _ _ _ _ _ _ _ _ _ _
..\..\..\..\AppData\Roaming\Python\Python314\site-packages\pytest_asyncio\plugin.py:716: in inner
    runner.run(coro, context=context)
_ _ _ _ _ _ _ _ _ _ _ _ _ _ _ _ _ _ _ _ _ _ _ _ _ _ _ _ _ _ _ _ _ _ _ _ _ _ _ _

self = <asyncio.runners.Runner object at 0x000002A01C380350>
coro = <coroutine object TestSession.test_calculate_metrics_errors at 0x000002A01DB0D010>

    def run(self, coro, *, context=None):
        """Run code in the embedded event loop."""
        if events._get_running_loop() is not None:
            # fail fast with short traceback
>           raise RuntimeError(
                "Runner.run() cannot be called from a running event loop")
E           RuntimeError: Runner.run() cannot be called from a running event loop

C:\Python314\Lib\asyncio\runners.py:91: RuntimeError
________________ TestSession.test_execute_tasks_loop_variants _________________

self = <Coroutine test_execute_tasks_loop_variants>

    def runtest(self) -> None:
        runner_fixture_id = f"_{self._loop_scope}_scoped_runner"
        runner = self._request.getfixturevalue(runner_fixture_id)
        context = contextvars.copy_context()
        synchronized_obj = _synchronize_coroutine(
            getattr(*self._synchronization_target_attr), runner, context
        )
        with MonkeyPatch.context() as c:
            c.setattr(*self._synchronization_target_attr, synchronized_obj)
>           super().runtest()

..\..\..\..\AppData\Roaming\Python\Python314\site-packages\pytest_asyncio\plugin.py:469: 
_ _ _ _ _ _ _ _ _ _ _ _ _ _ _ _ _ _ _ _ _ _ _ _ _ _ _ _ _ _ _ _ _ _ _ _ _ _ _ _
..\..\..\..\AppData\Roaming\Python\Python314\site-packages\pytest_asyncio\plugin.py:716: in inner
    runner.run(coro, context=context)
_ _ _ _ _ _ _ _ _ _ _ _ _ _ _ _ _ _ _ _ _ _ _ _ _ _ _ _ _ _ _ _ _ _ _ _ _ _ _ _

self = <asyncio.runners.Runner object at 0x000002A01FBCEC50>
coro = <coroutine object TestSession.test_execute_tasks_loop_variants at 0x000002A01DB0CD30>

    def run(self, coro, *, context=None):
        """Run code in the embedded event loop."""
        if events._get_running_loop() is not None:
            # fail fast with short traceback
>           raise RuntimeError(
                "Runner.run() cannot be called from a running event loop")
E           RuntimeError: Runner.run() cannot be called from a running event loop

C:\Python314\Lib\asyncio\runners.py:91: RuntimeError
______________ TestSession.test_execute_tasks_protocol_defaults _______________

self = <Coroutine test_execute_tasks_protocol_defaults>

    def runtest(self) -> None:
        runner_fixture_id = f"_{self._loop_scope}_scoped_runner"
        runner = self._request.getfixturevalue(runner_fixture_id)
        context = contextvars.copy_context()
        synchronized_obj = _synchronize_coroutine(
            getattr(*self._synchronization_target_attr), runner, context
        )
        with MonkeyPatch.context() as c:
            c.setattr(*self._synchronization_target_attr, synchronized_obj)
>           super().runtest()

..\..\..\..\AppData\Roaming\Python\Python314\site-packages\pytest_asyncio\plugin.py:469: 
_ _ _ _ _ _ _ _ _ _ _ _ _ _ _ _ _ _ _ _ _ _ _ _ _ _ _ _ _ _ _ _ _ _ _ _ _ _ _ _
..\..\..\..\AppData\Roaming\Python\Python314\site-packages\pytest_asyncio\plugin.py:716: in inner
    runner.run(coro, context=context)
_ _ _ _ _ _ _ _ _ _ _ _ _ _ _ _ _ _ _ _ _ _ _ _ _ _ _ _ _ _ _ _ _ _ _ _ _ _ _ _

self = <asyncio.runners.Runner object at 0x000002A013F96CD0>
coro = <coroutine object TestSession.test_execute_tasks_protocol_defaults at 0x000002A01DE9D3F0>

    def run(self, coro, *, context=None):
        """Run code in the embedded event loop."""
        if events._get_running_loop() is not None:
            # fail fast with short traceback
>           raise RuntimeError(
                "Runner.run() cannot be called from a running event loop")
E           RuntimeError: Runner.run() cannot be called from a running event loop

C:\Python314\Lib\asyncio\runners.py:91: RuntimeError
__________________________ test_parse_valid_markdown __________________________

    def test_parse_valid_markdown():
        markdown = """# PRD: Test Scenario
    **Industry:** telecom
    **Use Case:** support
    **Core Function:** billing
    
    ## Scenario Overview
    A test overview.
    
    ## Tasks
    ### 1. Task One
    Description of task one.
    - **Expected Outcome:** Success
    - **Tools:** tool1, tool2
    - **Criteria:** generic_accuracy (0.9)
    
    ## Agent Topology
    - **agent1:** writes to ns1, reads from ns2
    
    ## Policies
    - **tool1:** {"max_limit": 10}
    """
        scenario = parse_markdown_to_scenario(markdown)
    
>       assert scenario["metadata"]["name"] == "Test Scenario"
               ^^^^^^^^^^^^^^^^^^^^
E       TypeError: 'coroutine' object is not subscriptable

tests\unit\core\test_spec_parser.py:28: TypeError
_________________________ test_parse_missing_sections _________________________

    def test_parse_missing_sections():
        markdown = "# PRD: Minimal\n## Tasks\n### 1. T1\n- **Tools:** t1"
        scenario = parse_markdown_to_scenario(markdown)
>       assert scenario["metadata"]["name"] == "Minimal"
               ^^^^^^^^^^^^^^^^^^^^
E       TypeError: 'coroutine' object is not subscriptable

tests\unit\core\test_spec_parser.py:40: TypeError
__________ TestSpecParser.test_parse_markdown_llm_synthesis_failure ___________

self = <test_spec_parser_all.TestSpecParser testMethod=test_parse_markdown_llm_synthesis_failure>
mock_synth = <AsyncMock name='synthesize_tasks_from_prd' id='2886719888016'>

    @patch(
        "eval_runner.spec_parser.synthesize_tasks_from_prd",
        side_effect=Exception("Synthesis failure"),
    )
    def test_parse_markdown_llm_synthesis_failure(self, mock_synth):
        md = "# Failure Test\n## Tasks\n(Empty)"
        scenario = spec_parser.parse_markdown_to_scenario(md)
>       self.assertEqual(len(scenario["workflow"]["nodes"]), 1)
                             ^^^^^^^^^^^^^^^^^^^^
E       TypeError: 'coroutine' object is not subscriptable

tests\unit\core\test_spec_parser_all.py:97: TypeError
___________ TestSpecParser.test_parse_markdown_llm_synthesis_logic ____________

self = <test_spec_parser_all.TestSpecParser testMethod=test_parse_markdown_llm_synthesis_logic>
mock_synth = <AsyncMock name='synthesize_tasks_from_prd' id='2886719887680'>

    @patch("eval_runner.spec_parser.synthesize_tasks_from_prd")
    def test_parse_markdown_llm_synthesis_logic(self, mock_synth):
        mock_synth.return_value = [
            {"task_id": "T1", "description": "LLM Task 1", "expected_outcome": "OK"},
            {"title": "No ID Task"},
        ]
    
        md = "# LLM Test\n## Tasks\n(No H3 headers here)"
        scenario = spec_parser.parse_markdown_to_scenario(md)
>       self.assertEqual(len(scenario["workflow"]["nodes"]), 2)
                             ^^^^^^^^^^^^^^^^^^^^
E       TypeError: 'coroutine' object is not subscriptable

tests\unit\core\test_spec_parser_all.py:85: TypeError
____________ TestSpecParser.test_parse_markdown_minimal_and_empty _____________

self = <test_spec_parser_all.TestSpecParser testMethod=test_parse_markdown_minimal_and_empty>

        def test_parse_markdown_minimal_and_empty(self):
            md = """
    # Minimal
    ## Overview
    ## Tasks
    ## Topology
    Invalid line here.
    ## Policies
    """
            scenario = spec_parser.parse_markdown_to_scenario(md)
>           self.assertEqual(scenario["metadata"]["name"], "Minimal")
                             ^^^^^^^^^^^^^^^^^^^^
E           TypeError: 'coroutine' object is not subscriptable

tests\unit\core\test_spec_parser_all.py:69: TypeError
__________ TestSpecParser.test_parse_markdown_to_scenario_structured __________

self = <test_spec_parser_all.TestSpecParser testMethod=test_parse_markdown_to_scenario_structured>

        def test_parse_markdown_to_scenario_structured(self):
            md = """
    # PRD: My Awesome App
    **Industry:** Fintech
    **Use Case:** Loan Approval
    **Core Function:** Credit Scoring
    
    ## Overview
    This is a test \uc571.
    
    ## Tasks
    ### 1. Verification
    Verify the user's ID.
    ### 2. Scoring
    Calculate the score.
    
    ## Topology
    **AgentA:** writes to [topic1], reads from topic2
    **AgentB:** reads from [topic1, topic3]
    
    ## Policies
    - **Retries:** {"count": 3}
    - **Broken:** {not-json}
    """
            scenario = spec_parser.parse_markdown_to_scenario(md)
    
>           self.assertEqual(scenario["metadata"]["name"], "My Awesome App")
                             ^^^^^^^^^^^^^^^^^^^^
E           TypeError: 'coroutine' object is not subscriptable

tests\unit\core\test_spec_parser_all.py:37: TypeError
__________ TestSpecParser.test_synthesize_tasks_from_prd_llm_warning __________

self = <test_spec_parser_all.TestSpecParser testMethod=test_synthesize_tasks_from_prd_llm_warning>
mock_gemini_cls = <MagicMock name='GeminiProvider' id='2886732287680'>

    @patch("eval_runner.spec_parser.GeminiProvider")
    @patch("eval_runner.config.GOOGLE_API_KEY", "mock-key")
    def test_synthesize_tasks_from_prd_llm_warning(self, mock_gemini_cls):
        mock_provider = AsyncMock()
        mock_provider.generate.side_effect = Exception("LLM Error")
        mock_gemini_cls.return_value = mock_provider
    
        with patch.dict("os.environ", {"GOOGLE_API_KEY": "env-key"}):
            # Fixed: Use asyncio.run for Target 5 resilience
>           tasks = asyncio.run(spec_parser.synthesize_tasks_from_prd("md content"))
                    ^^^^^^^^^^^^^^^^^^^^^^^^^^^^^^^^^^^^^^^^^^^^^^^^^^^^^^^^^^^^^^^^

tests\unit\core\test_spec_parser_all.py:129: 
_ _ _ _ _ _ _ _ _ _ _ _ _ _ _ _ _ _ _ _ _ _ _ _ _ _ _ _ _ _ _ _ _ _ _ _ _ _ _ _

main = <coroutine object synthesize_tasks_from_prd at 0x000002A01BFA6B00>

    def run(main, *, debug=None, loop_factory=None):
        """Execute the coroutine and return the result.
    
        This function runs the passed coroutine, taking care of
        managing the asyncio event loop, finalizing asynchronous
        generators and closing the default executor.
    
        This function cannot be called when another asyncio event loop is
        running in the same thread.
    
        If debug is True, the event loop will be run in debug mode.
        If loop_factory is passed, it is used for new event loop creation.
    
        This function always creates a new event loop and closes it at the end.
        It should be used as a main entry point for asyncio programs, and should
        ideally only be called once.
    
        The executor is given a timeout duration of 5 minutes to shutdown.
        If the executor hasn't finished within that duration, a warning is
        emitted and the executor is closed.
    
        Example:
    
            async def main():
                await asyncio.sleep(1)
                print('hello')
    
            asyncio.run(main())
        """
        if events._get_running_loop() is not None:
            # fail fast with short traceback
>           raise RuntimeError(
                "asyncio.run() cannot be called from a running event loop")
E           RuntimeError: asyncio.run() cannot be called from a running event loop

C:\Python314\Lib\asyncio\runners.py:200: RuntimeError
____________ TestSpecParser.test_synthesize_tasks_from_prd_no_key _____________

self = <test_spec_parser_all.TestSpecParser testMethod=test_synthesize_tasks_from_prd_no_key>

    @patch("eval_runner.config.GOOGLE_API_KEY", None)
    @patch.dict("os.environ", {}, clear=True)
    def test_synthesize_tasks_from_prd_no_key(self):
>       tasks = asyncio.run(spec_parser.synthesize_tasks_from_prd("md content"))
                ^^^^^^^^^^^^^^^^^^^^^^^^^^^^^^^^^^^^^^^^^^^^^^^^^^^^^^^^^^^^^^^^

tests\unit\core\test_spec_parser_all.py:117: 
_ _ _ _ _ _ _ _ _ _ _ _ _ _ _ _ _ _ _ _ _ _ _ _ _ _ _ _ _ _ _ _ _ _ _ _ _ _ _ _

main = <coroutine object synthesize_tasks_from_prd at 0x000002A01FB683A0>

    def run(main, *, debug=None, loop_factory=None):
        """Execute the coroutine and return the result.
    
        This function runs the passed coroutine, taking care of
        managing the asyncio event loop, finalizing asynchronous
        generators and closing the default executor.
    
        This function cannot be called when another asyncio event loop is
        running in the same thread.
    
        If debug is True, the event loop will be run in debug mode.
        If loop_factory is passed, it is used for new event loop creation.
    
        This function always creates a new event loop and closes it at the end.
        It should be used as a main entry point for asyncio programs, and should
        ideally only be called once.
    
        The executor is given a timeout duration of 5 minutes to shutdown.
        If the executor hasn't finished within that duration, a warning is
        emitted and the executor is closed.
    
        Example:
    
            async def main():
                await asyncio.sleep(1)
                print('hello')
    
            asyncio.run(main())
        """
        if events._get_running_loop() is not None:
            # fail fast with short traceback
>           raise RuntimeError(
                "asyncio.run() cannot be called from a running event loop")
E           RuntimeError: asyncio.run() cannot be called from a running event loop

C:\Python314\Lib\asyncio\runners.py:200: RuntimeError
____________ TestSpecParser.test_synthesize_tasks_from_prd_success ____________

self = <test_spec_parser_all.TestSpecParser testMethod=test_synthesize_tasks_from_prd_success>
mock_gemini_cls = <MagicMock name='GeminiProvider' id='2886719887344'>

    @patch("eval_runner.spec_parser.GeminiProvider")
    @patch("eval_runner.config.GOOGLE_API_KEY", "mock-key")
    def test_synthesize_tasks_from_prd_success(self, mock_gemini_cls):
        mock_provider = AsyncMock()
        mock_provider.generate.return_value = (
            '```json\n[{"task_id": "T1", "title": "T1 Title"}]\n```'
        )
        mock_gemini_cls.return_value = mock_provider
    
>       tasks = asyncio.run(spec_parser.synthesize_tasks_from_prd("md content"))
                ^^^^^^^^^^^^^^^^^^^^^^^^^^^^^^^^^^^^^^^^^^^^^^^^^^^^^^^^^^^^^^^^

tests\unit\core\test_spec_parser_all.py:109: 
_ _ _ _ _ _ _ _ _ _ _ _ _ _ _ _ _ _ _ _ _ _ _ _ _ _ _ _ _ _ _ _ _ _ _ _ _ _ _ _

main = <coroutine object synthesize_tasks_from_prd at 0x000002A01FB69120>

    def run(main, *, debug=None, loop_factory=None):
        """Execute the coroutine and return the result.
    
        This function runs the passed coroutine, taking care of
        managing the asyncio event loop, finalizing asynchronous
        generators and closing the default executor.
    
        This function cannot be called when another asyncio event loop is
        running in the same thread.
    
        If debug is True, the event loop will be run in debug mode.
        If loop_factory is passed, it is used for new event loop creation.
    
        This function always creates a new event loop and closes it at the end.
        It should be used as a main entry point for asyncio programs, and should
        ideally only be called once.
    
        The executor is given a timeout duration of 5 minutes to shutdown.
        If the executor hasn't finished within that duration, a warning is
        emitted and the executor is closed.
    
        Example:
    
            async def main():
                await asyncio.sleep(1)
                print('hello')
    
            asyncio.run(main())
        """
        if events._get_running_loop() is not None:
            # fail fast with short traceback
>           raise RuntimeError(
                "asyncio.run() cannot be called from a running event loop")
E           RuntimeError: asyncio.run() cannot be called from a running event loop

C:\Python314\Lib\asyncio\runners.py:200: RuntimeError
________________________ test_record_interaction_error ________________________

self = <Coroutine test_record_interaction_error>

    def runtest(self) -> None:
        runner_fixture_id = f"_{self._loop_scope}_scoped_runner"
        runner = self._request.getfixturevalue(runner_fixture_id)
        context = contextvars.copy_context()
        synchronized_obj = _synchronize_coroutine(
            getattr(*self._synchronization_target_attr), runner, context
        )
        with MonkeyPatch.context() as c:
            c.setattr(*self._synchronization_target_attr, synchronized_obj)
>           super().runtest()

..\..\..\..\AppData\Roaming\Python\Python314\site-packages\pytest_asyncio\plugin.py:469: 
_ _ _ _ _ _ _ _ _ _ _ _ _ _ _ _ _ _ _ _ _ _ _ _ _ _ _ _ _ _ _ _ _ _ _ _ _ _ _ _
..\..\..\..\AppData\Roaming\Python\Python314\site-packages\pytest_asyncio\plugin.py:716: in inner
    runner.run(coro, context=context)
_ _ _ _ _ _ _ _ _ _ _ _ _ _ _ _ _ _ _ _ _ _ _ _ _ _ _ _ _ _ _ _ _ _ _ _ _ _ _ _

self = <asyncio.runners.Runner object at 0x000002A0205E7D50>
coro = <coroutine object test_record_interaction_error at 0x000002A01C138A40>

    def run(self, coro, *, context=None):
        """Run code in the embedded event loop."""
        if events._get_running_loop() is not None:
            # fail fast with short traceback
>           raise RuntimeError(
                "Runner.run() cannot be called from a running event loop")
E           RuntimeError: Runner.run() cannot be called from a running event loop

C:\Python314\Lib\asyncio\runners.py:91: RuntimeError
_______________________ test_doctor_runs_without_error ________________________

self = <Coroutine test_doctor_runs_without_error>

    def runtest(self) -> None:
        runner_fixture_id = f"_{self._loop_scope}_scoped_runner"
        runner = self._request.getfixturevalue(runner_fixture_id)
        context = contextvars.copy_context()
        synchronized_obj = _synchronize_coroutine(
            getattr(*self._synchronization_target_attr), runner, context
        )
        with MonkeyPatch.context() as c:
            c.setattr(*self._synchronization_target_attr, synchronized_obj)
>           super().runtest()

..\..\..\..\AppData\Roaming\Python\Python314\site-packages\pytest_asyncio\plugin.py:469: 
_ _ _ _ _ _ _ _ _ _ _ _ _ _ _ _ _ _ _ _ _ _ _ _ _ _ _ _ _ _ _ _ _ _ _ _ _ _ _ _
..\..\..\..\AppData\Roaming\Python\Python314\site-packages\pytest_asyncio\plugin.py:716: in inner
    runner.run(coro, context=context)
_ _ _ _ _ _ _ _ _ _ _ _ _ _ _ _ _ _ _ _ _ _ _ _ _ _ _ _ _ _ _ _ _ _ _ _ _ _ _ _

self = <asyncio.runners.Runner object at 0x000002A01DFC6550>
coro = <coroutine object test_doctor_runs_without_error at 0x000002A01C1BC110>

    def run(self, coro, *, context=None):
        """Run code in the embedded event loop."""
        if events._get_running_loop() is not None:
            # fail fast with short traceback
>           raise RuntimeError(
                "Runner.run() cannot be called from a running event loop")
E           RuntimeError: Runner.run() cannot be called from a running event loop

C:\Python314\Lib\asyncio\runners.py:91: RuntimeError
_________________________ test_aes_validation_success _________________________

self = <Coroutine test_aes_validation_success>

    def runtest(self) -> None:
        runner_fixture_id = f"_{self._loop_scope}_scoped_runner"
        runner = self._request.getfixturevalue(runner_fixture_id)
        context = contextvars.copy_context()
        synchronized_obj = _synchronize_coroutine(
            getattr(*self._synchronization_target_attr), runner, context
        )
        with MonkeyPatch.context() as c:
            c.setattr(*self._synchronization_target_attr, synchronized_obj)
>           super().runtest()

..\..\..\..\AppData\Roaming\Python\Python314\site-packages\pytest_asyncio\plugin.py:469: 
_ _ _ _ _ _ _ _ _ _ _ _ _ _ _ _ _ _ _ _ _ _ _ _ _ _ _ _ _ _ _ _ _ _ _ _ _ _ _ _
..\..\..\..\AppData\Roaming\Python\Python314\site-packages\pytest_asyncio\plugin.py:716: in inner
    runner.run(coro, context=context)
_ _ _ _ _ _ _ _ _ _ _ _ _ _ _ _ _ _ _ _ _ _ _ _ _ _ _ _ _ _ _ _ _ _ _ _ _ _ _ _

self = <asyncio.runners.Runner object at 0x000002A01FB16B50>
coro = <coroutine object test_aes_validation_success at 0x000002A01C6FAEC0>

    def run(self, coro, *, context=None):
        """Run code in the embedded event loop."""
        if events._get_running_loop() is not None:
            # fail fast with short traceback
>           raise RuntimeError(
                "Runner.run() cannot be called from a running event loop")
E           RuntimeError: Runner.run() cannot be called from a running event loop

C:\Python314\Lib\asyncio\runners.py:91: RuntimeError
_________________________ test_aes_validation_failure _________________________

self = <Coroutine test_aes_validation_failure>

    def runtest(self) -> None:
        runner_fixture_id = f"_{self._loop_scope}_scoped_runner"
        runner = self._request.getfixturevalue(runner_fixture_id)
        context = contextvars.copy_context()
        synchronized_obj = _synchronize_coroutine(
            getattr(*self._synchronization_target_attr), runner, context
        )
        with MonkeyPatch.context() as c:
            c.setattr(*self._synchronization_target_attr, synchronized_obj)
>           super().runtest()

..\..\..\..\AppData\Roaming\Python\Python314\site-packages\pytest_asyncio\plugin.py:469: 
_ _ _ _ _ _ _ _ _ _ _ _ _ _ _ _ _ _ _ _ _ _ _ _ _ _ _ _ _ _ _ _ _ _ _ _ _ _ _ _
..\..\..\..\AppData\Roaming\Python\Python314\site-packages\pytest_asyncio\plugin.py:716: in inner
    runner.run(coro, context=context)
_ _ _ _ _ _ _ _ _ _ _ _ _ _ _ _ _ _ _ _ _ _ _ _ _ _ _ _ _ _ _ _ _ _ _ _ _ _ _ _

self = <asyncio.runners.Runner object at 0x000002A01B1BB950>
coro = <coroutine object test_aes_validation_failure at 0x000002A01DE9DBD0>

    def run(self, coro, *, context=None):
        """Run code in the embedded event loop."""
        if events._get_running_loop() is not None:
            # fail fast with short traceback
>           raise RuntimeError(
                "Runner.run() cannot be called from a running event loop")
E           RuntimeError: Runner.run() cannot be called from a running event loop

C:\Python314\Lib\asyncio\runners.py:91: RuntimeError
__________________ test_aes_validation_with_complexity_level __________________

self = <Coroutine test_aes_validation_with_complexity_level>

    def runtest(self) -> None:
        runner_fixture_id = f"_{self._loop_scope}_scoped_runner"
        runner = self._request.getfixturevalue(runner_fixture_id)
        context = contextvars.copy_context()
        synchronized_obj = _synchronize_coroutine(
            getattr(*self._synchronization_target_attr), runner, context
        )
        with MonkeyPatch.context() as c:
            c.setattr(*self._synchronization_target_attr, synchronized_obj)
>           super().runtest()

..\..\..\..\AppData\Roaming\Python\Python314\site-packages\pytest_asyncio\plugin.py:469: 
_ _ _ _ _ _ _ _ _ _ _ _ _ _ _ _ _ _ _ _ _ _ _ _ _ _ _ _ _ _ _ _ _ _ _ _ _ _ _ _
..\..\..\..\AppData\Roaming\Python\Python314\site-packages\pytest_asyncio\plugin.py:716: in inner
    runner.run(coro, context=context)
_ _ _ _ _ _ _ _ _ _ _ _ _ _ _ _ _ _ _ _ _ _ _ _ _ _ _ _ _ _ _ _ _ _ _ _ _ _ _ _

self = <asyncio.runners.Runner object at 0x000002A01FB15450>
coro = <coroutine object test_aes_validation_with_complexity_level at 0x000002A01C6FA440>

    def run(self, coro, *, context=None):
        """Run code in the embedded event loop."""
        if events._get_running_loop() is not None:
            # fail fast with short traceback
>           raise RuntimeError(
                "Runner.run() cannot be called from a running event loop")
E           RuntimeError: Runner.run() cannot be called from a running event loop

C:\Python314\Lib\asyncio\runners.py:91: RuntimeError
____________________________ test_explain_command _____________________________

    def test_explain_command():
        """Verify explain command handler uses --path."""
        with patch("eval_runner.handlers.analysis.handle_explain") as mock_explain:
            with patch("sys.argv", ["multiagent-eval", "explain", "--path", "runs/run.jsonl"]):
                with patch("eval_runner.cli.safe_run_async") as mock_safe:
                    cli.main()
                    mock_explain.assert_called_once()
>                   mock_safe.assert_called_once()

tests\unit\handlers\test_cli.py:93: 
_ _ _ _ _ _ _ _ _ _ _ _ _ _ _ _ _ _ _ _ _ _ _ _ _ _ _ _ _ _ _ _ _ _ _ _ _ _ _ _

self = <MagicMock name='safe_run_async' id='2886731739696'>

    def assert_called_once(self):
        """assert that the mock was called only once.
        """
        if not self.call_count == 1:
            msg = ("Expected '%s' to have been called once. Called %s times.%s"
                   % (self._mock_name or 'mock',
                      self.call_count,
                      self._calls_repr()))
>           raise AssertionError(msg)
E           AssertionError: Expected 'safe_run_async' to have been called once. Called 0 times.

C:\Python314\Lib\unittest\mock.py:964: AssertionError
---------------------------- Captured stdout call -----------------------------
      [Plugin] Registering OpenAI adapter via on_discover_adapters hook.
      [Plugin] Registering Gemini adapter via on_discover_adapters hook.
      [Plugin] Registering Claude adapter via on_discover_adapters hook.
      [Plugin] Registering Ollama adapter via on_discover_adapters hook.
      [Plugin] Registering Grok adapter via on_discover_adapters hook.
      [Plugin] Registering AutoGen adapters (v1) via on_discover_adapters hook.
      [Plugin] Registering CrewAI adapters (v1) via on_discover_adapters hook.
      [Plugin] Registering LangGraph adapters (v2) via on_discover_adapters hook.
      [Plugin] Registering LangChain adapters (v1) via on_discover_adapters hook.
_____________________________ test_report_command _____________________________

    def test_report_command():
        """Verify report command handler uses --path."""
        with patch("eval_runner.handlers.analysis.handle_report") as mock_report:
            with patch("sys.argv", ["multiagent-eval", "report", "--path", "runs/run.jsonl"]):
                with patch("eval_runner.cli.safe_run_async") as mock_safe:
                    cli.main()
                    mock_report.assert_called_once()
>                   mock_safe.assert_called_once()

tests\unit\handlers\test_cli.py:113: 
_ _ _ _ _ _ _ _ _ _ _ _ _ _ _ _ _ _ _ _ _ _ _ _ _ _ _ _ _ _ _ _ _ _ _ _ _ _ _ _

self = <MagicMock name='safe_run_async' id='2886731735664'>

    def assert_called_once(self):
        """assert that the mock was called only once.
        """
        if not self.call_count == 1:
            msg = ("Expected '%s' to have been called once. Called %s times.%s"
                   % (self._mock_name or 'mock',
                      self.call_count,
                      self._calls_repr()))
>           raise AssertionError(msg)
E           AssertionError: Expected 'safe_run_async' to have been called once. Called 0 times.

C:\Python314\Lib\unittest\mock.py:964: AssertionError
---------------------------- Captured stdout call -----------------------------
      [Plugin] Registering OpenAI adapter via on_discover_adapters hook.
      [Plugin] Registering Gemini adapter via on_discover_adapters hook.
      [Plugin] Registering Claude adapter via on_discover_adapters hook.
      [Plugin] Registering Ollama adapter via on_discover_adapters hook.
      [Plugin] Registering Grok adapter via on_discover_adapters hook.
      [Plugin] Registering AutoGen adapters (v1) via on_discover_adapters hook.
      [Plugin] Registering CrewAI adapters (v1) via on_discover_adapters hook.
      [Plugin] Registering LangGraph adapters (v2) via on_discover_adapters hook.
      [Plugin] Registering LangChain adapters (v1) via on_discover_adapters hook.
__________________________ test_handle_init_success ___________________________

self = <Coroutine test_handle_init_success>

    def runtest(self) -> None:
        runner_fixture_id = f"_{self._loop_scope}_scoped_runner"
        runner = self._request.getfixturevalue(runner_fixture_id)
        context = contextvars.copy_context()
        synchronized_obj = _synchronize_coroutine(
            getattr(*self._synchronization_target_attr), runner, context
        )
        with MonkeyPatch.context() as c:
            c.setattr(*self._synchronization_target_attr, synchronized_obj)
>           super().runtest()

..\..\..\..\AppData\Roaming\Python\Python314\site-packages\pytest_asyncio\plugin.py:469: 
_ _ _ _ _ _ _ _ _ _ _ _ _ _ _ _ _ _ _ _ _ _ _ _ _ _ _ _ _ _ _ _ _ _ _ _ _ _ _ _
..\..\..\..\AppData\Roaming\Python\Python314\site-packages\pytest_asyncio\plugin.py:716: in inner
    runner.run(coro, context=context)
_ _ _ _ _ _ _ _ _ _ _ _ _ _ _ _ _ _ _ _ _ _ _ _ _ _ _ _ _ _ _ _ _ _ _ _ _ _ _ _

self = <asyncio.runners.Runner object at 0x000002A01C7562D0>
coro = <coroutine object test_handle_init_success at 0x000002A01C55FBE0>

    def run(self, coro, *, context=None):
        """Run code in the embedded event loop."""
        if events._get_running_loop() is not None:
            # fail fast with short traceback
>           raise RuntimeError(
                "Runner.run() cannot be called from a running event loop")
E           RuntimeError: Runner.run() cannot be called from a running event loop

C:\Python314\Lib\asyncio\runners.py:91: RuntimeError
___________________________ test_calibrate_command ____________________________

    def test_calibrate_command():
        """Verify calibrate command handler uses --path."""
        with patch("eval_runner.handlers.analysis.handle_calibrate") as mock_cal:
            with patch("sys.argv", ["multiagent-eval", "calibrate", "--path", "runs/run.jsonl"]):
                with patch("eval_runner.cli.safe_run_async") as mock_safe:
                    cli.main()
                    mock_cal.assert_called_once()
>                   mock_safe.assert_called_once()

tests\unit\handlers\test_cli.py:146: 
_ _ _ _ _ _ _ _ _ _ _ _ _ _ _ _ _ _ _ _ _ _ _ _ _ _ _ _ _ _ _ _ _ _ _ _ _ _ _ _

self = <MagicMock name='safe_run_async' id='2886731730960'>

    def assert_called_once(self):
        """assert that the mock was called only once.
        """
        if not self.call_count == 1:
            msg = ("Expected '%s' to have been called once. Called %s times.%s"
                   % (self._mock_name or 'mock',
                      self.call_count,
                      self._calls_repr()))
>           raise AssertionError(msg)
E           AssertionError: Expected 'safe_run_async' to have been called once. Called 0 times.

C:\Python314\Lib\unittest\mock.py:964: AssertionError
---------------------------- Captured stdout call -----------------------------
      [Plugin] Registering OpenAI adapter via on_discover_adapters hook.
      [Plugin] Registering Gemini adapter via on_discover_adapters hook.
      [Plugin] Registering Claude adapter via on_discover_adapters hook.
      [Plugin] Registering Ollama adapter via on_discover_adapters hook.
      [Plugin] Registering Grok adapter via on_discover_adapters hook.
      [Plugin] Registering AutoGen adapters (v1) via on_discover_adapters hook.
      [Plugin] Registering CrewAI adapters (v1) via on_discover_adapters hook.
      [Plugin] Registering LangGraph adapters (v2) via on_discover_adapters hook.
      [Plugin] Registering LangChain adapters (v1) via on_discover_adapters hook.
________________________ test_handle_init_scaffolding _________________________

self = <Coroutine test_handle_init_scaffolding>

    def runtest(self) -> None:
        runner_fixture_id = f"_{self._loop_scope}_scoped_runner"
        runner = self._request.getfixturevalue(runner_fixture_id)
        context = contextvars.copy_context()
        synchronized_obj = _synchronize_coroutine(
            getattr(*self._synchronization_target_attr), runner, context
        )
        with MonkeyPatch.context() as c:
            c.setattr(*self._synchronization_target_attr, synchronized_obj)
>           super().runtest()

..\..\..\..\AppData\Roaming\Python\Python314\site-packages\pytest_asyncio\plugin.py:469: 
_ _ _ _ _ _ _ _ _ _ _ _ _ _ _ _ _ _ _ _ _ _ _ _ _ _ _ _ _ _ _ _ _ _ _ _ _ _ _ _
..\..\..\..\AppData\Roaming\Python\Python314\site-packages\pytest_asyncio\plugin.py:716: in inner
    runner.run(coro, context=context)
_ _ _ _ _ _ _ _ _ _ _ _ _ _ _ _ _ _ _ _ _ _ _ _ _ _ _ _ _ _ _ _ _ _ _ _ _ _ _ _

self = <asyncio.runners.Runner object at 0x000002A020905150>
coro = <coroutine object test_handle_init_scaffolding at 0x000002A01E9ECF60>

    def run(self, coro, *, context=None):
        """Run code in the embedded event loop."""
        if events._get_running_loop() is not None:
            # fail fast with short traceback
>           raise RuntimeError(
                "Runner.run() cannot be called from a running event loop")
E           RuntimeError: Runner.run() cannot be called from a running event loop

C:\Python314\Lib\asyncio\runners.py:91: RuntimeError
________________________ test_handle_report_exceptions ________________________

self = <Coroutine test_handle_report_exceptions>

    def runtest(self) -> None:
        runner_fixture_id = f"_{self._loop_scope}_scoped_runner"
        runner = self._request.getfixturevalue(runner_fixture_id)
        context = contextvars.copy_context()
        synchronized_obj = _synchronize_coroutine(
            getattr(*self._synchronization_target_attr), runner, context
        )
        with MonkeyPatch.context() as c:
            c.setattr(*self._synchronization_target_attr, synchronized_obj)
>           super().runtest()

..\..\..\..\AppData\Roaming\Python\Python314\site-packages\pytest_asyncio\plugin.py:469: 
_ _ _ _ _ _ _ _ _ _ _ _ _ _ _ _ _ _ _ _ _ _ _ _ _ _ _ _ _ _ _ _ _ _ _ _ _ _ _ _
..\..\..\..\AppData\Roaming\Python\Python314\site-packages\pytest_asyncio\plugin.py:716: in inner
    runner.run(coro, context=context)
_ _ _ _ _ _ _ _ _ _ _ _ _ _ _ _ _ _ _ _ _ _ _ _ _ _ _ _ _ _ _ _ _ _ _ _ _ _ _ _

self = <asyncio.runners.Runner object at 0x000002A02074FE50>
coro = <coroutine object test_handle_report_exceptions at 0x000002A01C7CE790>

    def run(self, coro, *, context=None):
        """Run code in the embedded event loop."""
        if events._get_running_loop() is not None:
            # fail fast with short traceback
>           raise RuntimeError(
                "Runner.run() cannot be called from a running event loop")
E           RuntimeError: Runner.run() cannot be called from a running event loop

C:\Python314\Lib\asyncio\runners.py:91: RuntimeError
________________________ test_handle_replay_exceptions ________________________

self = <Coroutine test_handle_replay_exceptions>

    def runtest(self) -> None:
        runner_fixture_id = f"_{self._loop_scope}_scoped_runner"
        runner = self._request.getfixturevalue(runner_fixture_id)
        context = contextvars.copy_context()
        synchronized_obj = _synchronize_coroutine(
            getattr(*self._synchronization_target_attr), runner, context
        )
        with MonkeyPatch.context() as c:
            c.setattr(*self._synchronization_target_attr, synchronized_obj)
>           super().runtest()

..\..\..\..\AppData\Roaming\Python\Python314\site-packages\pytest_asyncio\plugin.py:469: 
_ _ _ _ _ _ _ _ _ _ _ _ _ _ _ _ _ _ _ _ _ _ _ _ _ _ _ _ _ _ _ _ _ _ _ _ _ _ _ _
..\..\..\..\AppData\Roaming\Python\Python314\site-packages\pytest_asyncio\plugin.py:716: in inner
    runner.run(coro, context=context)
_ _ _ _ _ _ _ _ _ _ _ _ _ _ _ _ _ _ _ _ _ _ _ _ _ _ _ _ _ _ _ _ _ _ _ _ _ _ _ _

self = <asyncio.runners.Runner object at 0x000002A02074D3D0>
coro = <coroutine object test_handle_replay_exceptions at 0x000002A01C7CE680>

    def run(self, coro, *, context=None):
        """Run code in the embedded event loop."""
        if events._get_running_loop() is not None:
            # fail fast with short traceback
>           raise RuntimeError(
                "Runner.run() cannot be called from a running event loop")
E           RuntimeError: Runner.run() cannot be called from a running event loop

C:\Python314\Lib\asyncio\runners.py:91: RuntimeError
_________________________ test_handle_run_extensions __________________________

self = <Coroutine test_handle_run_extensions>

    def runtest(self) -> None:
        runner_fixture_id = f"_{self._loop_scope}_scoped_runner"
        runner = self._request.getfixturevalue(runner_fixture_id)
        context = contextvars.copy_context()
        synchronized_obj = _synchronize_coroutine(
            getattr(*self._synchronization_target_attr), runner, context
        )
        with MonkeyPatch.context() as c:
            c.setattr(*self._synchronization_target_attr, synchronized_obj)
>           super().runtest()

..\..\..\..\AppData\Roaming\Python\Python314\site-packages\pytest_asyncio\plugin.py:469: 
_ _ _ _ _ _ _ _ _ _ _ _ _ _ _ _ _ _ _ _ _ _ _ _ _ _ _ _ _ _ _ _ _ _ _ _ _ _ _ _
..\..\..\..\AppData\Roaming\Python\Python314\site-packages\pytest_asyncio\plugin.py:716: in inner
    runner.run(coro, context=context)
_ _ _ _ _ _ _ _ _ _ _ _ _ _ _ _ _ _ _ _ _ _ _ _ _ _ _ _ _ _ _ _ _ _ _ _ _ _ _ _

self = <asyncio.runners.Runner object at 0x000002A02074CFD0>
coro = <coroutine object test_handle_run_extensions at 0x000002A01E9BF0A0>

    def run(self, coro, *, context=None):
        """Run code in the embedded event loop."""
        if events._get_running_loop() is not None:
            # fail fast with short traceback
>           raise RuntimeError(
                "Runner.run() cannot be called from a running event loop")
E           RuntimeError: Runner.run() cannot be called from a running event loop

C:\Python314\Lib\asyncio\runners.py:91: RuntimeError
_____________________ test_run_evaluate_complex_branches ______________________

self = <Coroutine test_run_evaluate_complex_branches>

    def runtest(self) -> None:
        runner_fixture_id = f"_{self._loop_scope}_scoped_runner"
        runner = self._request.getfixturevalue(runner_fixture_id)
        context = contextvars.copy_context()
        synchronized_obj = _synchronize_coroutine(
            getattr(*self._synchronization_target_attr), runner, context
        )
        with MonkeyPatch.context() as c:
            c.setattr(*self._synchronization_target_attr, synchronized_obj)
>           super().runtest()

..\..\..\..\AppData\Roaming\Python\Python314\site-packages\pytest_asyncio\plugin.py:469: 
_ _ _ _ _ _ _ _ _ _ _ _ _ _ _ _ _ _ _ _ _ _ _ _ _ _ _ _ _ _ _ _ _ _ _ _ _ _ _ _
..\..\..\..\AppData\Roaming\Python\Python314\site-packages\pytest_asyncio\plugin.py:716: in inner
    runner.run(coro, context=context)
_ _ _ _ _ _ _ _ _ _ _ _ _ _ _ _ _ _ _ _ _ _ _ _ _ _ _ _ _ _ _ _ _ _ _ _ _ _ _ _

self = <asyncio.runners.Runner object at 0x000002A01C2CBA50>
coro = <coroutine object test_run_evaluate_complex_branches at 0x000002A01C5D4040>

    def run(self, coro, *, context=None):
        """Run code in the embedded event loop."""
        if events._get_running_loop() is not None:
            # fail fast with short traceback
>           raise RuntimeError(
                "Runner.run() cannot be called from a running event loop")
E           RuntimeError: Runner.run() cannot be called from a running event loop

C:\Python314\Lib\asyncio\runners.py:91: RuntimeError
______________________ test_handle_aes_validate_complex _______________________

self = <Coroutine test_handle_aes_validate_complex>

    def runtest(self) -> None:
        runner_fixture_id = f"_{self._loop_scope}_scoped_runner"
        runner = self._request.getfixturevalue(runner_fixture_id)
        context = contextvars.copy_context()
        synchronized_obj = _synchronize_coroutine(
            getattr(*self._synchronization_target_attr), runner, context
        )
        with MonkeyPatch.context() as c:
            c.setattr(*self._synchronization_target_attr, synchronized_obj)
>           super().runtest()

..\..\..\..\AppData\Roaming\Python\Python314\site-packages\pytest_asyncio\plugin.py:469: 
_ _ _ _ _ _ _ _ _ _ _ _ _ _ _ _ _ _ _ _ _ _ _ _ _ _ _ _ _ _ _ _ _ _ _ _ _ _ _ _
..\..\..\..\AppData\Roaming\Python\Python314\site-packages\pytest_asyncio\plugin.py:716: in inner
    runner.run(coro, context=context)
_ _ _ _ _ _ _ _ _ _ _ _ _ _ _ _ _ _ _ _ _ _ _ _ _ _ _ _ _ _ _ _ _ _ _ _ _ _ _ _

self = <asyncio.runners.Runner object at 0x000002A01EA56350>
coro = <coroutine object test_handle_aes_validate_complex at 0x000002A02062E640>

    def run(self, coro, *, context=None):
        """Run code in the embedded event loop."""
        if events._get_running_loop() is not None:
            # fail fast with short traceback
>           raise RuntimeError(
                "Runner.run() cannot be called from a running event loop")
E           RuntimeError: Runner.run() cannot be called from a running event loop

C:\Python314\Lib\asyncio\runners.py:91: RuntimeError
_____________________ test_handle_spec_to_eval_exceptions _____________________

self = <Coroutine test_handle_spec_to_eval_exceptions>

    def runtest(self) -> None:
        runner_fixture_id = f"_{self._loop_scope}_scoped_runner"
        runner = self._request.getfixturevalue(runner_fixture_id)
        context = contextvars.copy_context()
        synchronized_obj = _synchronize_coroutine(
            getattr(*self._synchronization_target_attr), runner, context
        )
        with MonkeyPatch.context() as c:
            c.setattr(*self._synchronization_target_attr, synchronized_obj)
>           super().runtest()

..\..\..\..\AppData\Roaming\Python\Python314\site-packages\pytest_asyncio\plugin.py:469: 
_ _ _ _ _ _ _ _ _ _ _ _ _ _ _ _ _ _ _ _ _ _ _ _ _ _ _ _ _ _ _ _ _ _ _ _ _ _ _ _
..\..\..\..\AppData\Roaming\Python\Python314\site-packages\pytest_asyncio\plugin.py:716: in inner
    runner.run(coro, context=context)
_ _ _ _ _ _ _ _ _ _ _ _ _ _ _ _ _ _ _ _ _ _ _ _ _ _ _ _ _ _ _ _ _ _ _ _ _ _ _ _

self = <asyncio.runners.Runner object at 0x000002A02057E6D0>
coro = <coroutine object test_handle_spec_to_eval_exceptions at 0x000002A01C3C27A0>

    def run(self, coro, *, context=None):
        """Run code in the embedded event loop."""
        if events._get_running_loop() is not None:
            # fail fast with short traceback
>           raise RuntimeError(
                "Runner.run() cannot be called from a running event loop")
E           RuntimeError: Runner.run() cannot be called from a running event loop

C:\Python314\Lib\asyncio\runners.py:91: RuntimeError
________________________ test_handle_mutate_exceptions ________________________

self = <Coroutine test_handle_mutate_exceptions>

    def runtest(self) -> None:
        runner_fixture_id = f"_{self._loop_scope}_scoped_runner"
        runner = self._request.getfixturevalue(runner_fixture_id)
        context = contextvars.copy_context()
        synchronized_obj = _synchronize_coroutine(
            getattr(*self._synchronization_target_attr), runner, context
        )
        with MonkeyPatch.context() as c:
            c.setattr(*self._synchronization_target_attr, synchronized_obj)
>           super().runtest()

..\..\..\..\AppData\Roaming\Python\Python314\site-packages\pytest_asyncio\plugin.py:469: 
_ _ _ _ _ _ _ _ _ _ _ _ _ _ _ _ _ _ _ _ _ _ _ _ _ _ _ _ _ _ _ _ _ _ _ _ _ _ _ _
..\..\..\..\AppData\Roaming\Python\Python314\site-packages\pytest_asyncio\plugin.py:716: in inner
    runner.run(coro, context=context)
_ _ _ _ _ _ _ _ _ _ _ _ _ _ _ _ _ _ _ _ _ _ _ _ _ _ _ _ _ _ _ _ _ _ _ _ _ _ _ _

self = <asyncio.runners.Runner object at 0x000002A0206EE8D0>
coro = <coroutine object test_handle_mutate_exceptions at 0x000002A01BFF0180>

    def run(self, coro, *, context=None):
        """Run code in the embedded event loop."""
        if events._get_running_loop() is not None:
            # fail fast with short traceback
>           raise RuntimeError(
                "Runner.run() cannot be called from a running event loop")
E           RuntimeError: Runner.run() cannot be called from a running event loop

C:\Python314\Lib\asyncio\runners.py:91: RuntimeError
______________________ test_handle_failures_search_basic ______________________

self = <Coroutine test_handle_failures_search_basic>

    def runtest(self) -> None:
        runner_fixture_id = f"_{self._loop_scope}_scoped_runner"
        runner = self._request.getfixturevalue(runner_fixture_id)
        context = contextvars.copy_context()
        synchronized_obj = _synchronize_coroutine(
            getattr(*self._synchronization_target_attr), runner, context
        )
        with MonkeyPatch.context() as c:
            c.setattr(*self._synchronization_target_attr, synchronized_obj)
>           super().runtest()

..\..\..\..\AppData\Roaming\Python\Python314\site-packages\pytest_asyncio\plugin.py:469: 
_ _ _ _ _ _ _ _ _ _ _ _ _ _ _ _ _ _ _ _ _ _ _ _ _ _ _ _ _ _ _ _ _ _ _ _ _ _ _ _
..\..\..\..\AppData\Roaming\Python\Python314\site-packages\pytest_asyncio\plugin.py:716: in inner
    runner.run(coro, context=context)
_ _ _ _ _ _ _ _ _ _ _ _ _ _ _ _ _ _ _ _ _ _ _ _ _ _ _ _ _ _ _ _ _ _ _ _ _ _ _ _

self = <asyncio.runners.Runner object at 0x000002A02057D450>
coro = <coroutine object test_handle_failures_search_basic at 0x000002A01C7CE9B0>

    def run(self, coro, *, context=None):
        """Run code in the embedded event loop."""
        if events._get_running_loop() is not None:
            # fail fast with short traceback
>           raise RuntimeError(
                "Runner.run() cannot be called from a running event loop")
E           RuntimeError: Runner.run() cannot be called from a running event loop

C:\Python314\Lib\asyncio\runners.py:91: RuntimeError
__________________________ test_handle_explain_basic __________________________

self = <Coroutine test_handle_explain_basic>

    def runtest(self) -> None:
        runner_fixture_id = f"_{self._loop_scope}_scoped_runner"
        runner = self._request.getfixturevalue(runner_fixture_id)
        context = contextvars.copy_context()
        synchronized_obj = _synchronize_coroutine(
            getattr(*self._synchronization_target_attr), runner, context
        )
        with MonkeyPatch.context() as c:
            c.setattr(*self._synchronization_target_attr, synchronized_obj)
>           super().runtest()

..\..\..\..\AppData\Roaming\Python\Python314\site-packages\pytest_asyncio\plugin.py:469: 
_ _ _ _ _ _ _ _ _ _ _ _ _ _ _ _ _ _ _ _ _ _ _ _ _ _ _ _ _ _ _ _ _ _ _ _ _ _ _ _
..\..\..\..\AppData\Roaming\Python\Python314\site-packages\pytest_asyncio\plugin.py:716: in inner
    runner.run(coro, context=context)
_ _ _ _ _ _ _ _ _ _ _ _ _ _ _ _ _ _ _ _ _ _ _ _ _ _ _ _ _ _ _ _ _ _ _ _ _ _ _ _

self = <asyncio.runners.Runner object at 0x000002A01EA57F50>
coro = <coroutine object test_handle_explain_basic at 0x000002A02050BAC0>

    def run(self, coro, *, context=None):
        """Run code in the embedded event loop."""
        if events._get_running_loop() is not None:
            # fail fast with short traceback
>           raise RuntimeError(
                "Runner.run() cannot be called from a running event loop")
E           RuntimeError: Runner.run() cannot be called from a running event loop

C:\Python314\Lib\asyncio\runners.py:91: RuntimeError
_________________________ test_handle_calibrate_basic _________________________

self = <Coroutine test_handle_calibrate_basic>

    def runtest(self) -> None:
        runner_fixture_id = f"_{self._loop_scope}_scoped_runner"
        runner = self._request.getfixturevalue(runner_fixture_id)
        context = contextvars.copy_context()
        synchronized_obj = _synchronize_coroutine(
            getattr(*self._synchronization_target_attr), runner, context
        )
        with MonkeyPatch.context() as c:
            c.setattr(*self._synchronization_target_attr, synchronized_obj)
>           super().runtest()

..\..\..\..\AppData\Roaming\Python\Python314\site-packages\pytest_asyncio\plugin.py:469: 
_ _ _ _ _ _ _ _ _ _ _ _ _ _ _ _ _ _ _ _ _ _ _ _ _ _ _ _ _ _ _ _ _ _ _ _ _ _ _ _
..\..\..\..\AppData\Roaming\Python\Python314\site-packages\pytest_asyncio\plugin.py:716: in inner
    runner.run(coro, context=context)
_ _ _ _ _ _ _ _ _ _ _ _ _ _ _ _ _ _ _ _ _ _ _ _ _ _ _ _ _ _ _ _ _ _ _ _ _ _ _ _

self = <asyncio.runners.Runner object at 0x000002A01EA54350>
coro = <coroutine object test_handle_calibrate_basic at 0x000002A02062ED60>

    def run(self, coro, *, context=None):
        """Run code in the embedded event loop."""
        if events._get_running_loop() is not None:
            # fail fast with short traceback
>           raise RuntimeError(
                "Runner.run() cannot be called from a running event loop")
E           RuntimeError: Runner.run() cannot be called from a running event loop

C:\Python314\Lib\asyncio\runners.py:91: RuntimeError
________________________ test_handle_aes_validate_dir _________________________

self = <Coroutine test_handle_aes_validate_dir>

    def runtest(self) -> None:
        runner_fixture_id = f"_{self._loop_scope}_scoped_runner"
        runner = self._request.getfixturevalue(runner_fixture_id)
        context = contextvars.copy_context()
        synchronized_obj = _synchronize_coroutine(
            getattr(*self._synchronization_target_attr), runner, context
        )
        with MonkeyPatch.context() as c:
            c.setattr(*self._synchronization_target_attr, synchronized_obj)
>           super().runtest()

..\..\..\..\AppData\Roaming\Python\Python314\site-packages\pytest_asyncio\plugin.py:469: 
_ _ _ _ _ _ _ _ _ _ _ _ _ _ _ _ _ _ _ _ _ _ _ _ _ _ _ _ _ _ _ _ _ _ _ _ _ _ _ _
..\..\..\..\AppData\Roaming\Python\Python314\site-packages\pytest_asyncio\plugin.py:716: in inner
    runner.run(coro, context=context)
_ _ _ _ _ _ _ _ _ _ _ _ _ _ _ _ _ _ _ _ _ _ _ _ _ _ _ _ _ _ _ _ _ _ _ _ _ _ _ _

self = <asyncio.runners.Runner object at 0x000002A0206EFAD0>
coro = <coroutine object test_handle_aes_validate_dir at 0x000002A01C8988C0>

    def run(self, coro, *, context=None):
        """Run code in the embedded event loop."""
        if events._get_running_loop() is not None:
            # fail fast with short traceback
>           raise RuntimeError(
                "Runner.run() cannot be called from a running event loop")
E           RuntimeError: Runner.run() cannot be called from a running event loop

C:\Python314\Lib\asyncio\runners.py:91: RuntimeError
_________________________ test_handle_replay_success __________________________

self = <Coroutine test_handle_replay_success>

    def runtest(self) -> None:
        runner_fixture_id = f"_{self._loop_scope}_scoped_runner"
        runner = self._request.getfixturevalue(runner_fixture_id)
        context = contextvars.copy_context()
        synchronized_obj = _synchronize_coroutine(
            getattr(*self._synchronization_target_attr), runner, context
        )
        with MonkeyPatch.context() as c:
            c.setattr(*self._synchronization_target_attr, synchronized_obj)
>           super().runtest()

..\..\..\..\AppData\Roaming\Python\Python314\site-packages\pytest_asyncio\plugin.py:469: 
_ _ _ _ _ _ _ _ _ _ _ _ _ _ _ _ _ _ _ _ _ _ _ _ _ _ _ _ _ _ _ _ _ _ _ _ _ _ _ _
..\..\..\..\AppData\Roaming\Python\Python314\site-packages\pytest_asyncio\plugin.py:716: in inner
    runner.run(coro, context=context)
_ _ _ _ _ _ _ _ _ _ _ _ _ _ _ _ _ _ _ _ _ _ _ _ _ _ _ _ _ _ _ _ _ _ _ _ _ _ _ _

self = <asyncio.runners.Runner object at 0x000002A02057D2D0>
coro = <coroutine object test_handle_replay_success at 0x000002A01E9E3D80>

    def run(self, coro, *, context=None):
        """Run code in the embedded event loop."""
        if events._get_running_loop() is not None:
            # fail fast with short traceback
>           raise RuntimeError(
                "Runner.run() cannot be called from a running event loop")
E           RuntimeError: Runner.run() cannot be called from a running event loop

C:\Python314\Lib\asyncio\runners.py:91: RuntimeError
___________________________ test_handle_run_success ___________________________

self = <Coroutine test_handle_run_success>

    def runtest(self) -> None:
        runner_fixture_id = f"_{self._loop_scope}_scoped_runner"
        runner = self._request.getfixturevalue(runner_fixture_id)
        context = contextvars.copy_context()
        synchronized_obj = _synchronize_coroutine(
            getattr(*self._synchronization_target_attr), runner, context
        )
        with MonkeyPatch.context() as c:
            c.setattr(*self._synchronization_target_attr, synchronized_obj)
>           super().runtest()

..\..\..\..\AppData\Roaming\Python\Python314\site-packages\pytest_asyncio\plugin.py:469: 
_ _ _ _ _ _ _ _ _ _ _ _ _ _ _ _ _ _ _ _ _ _ _ _ _ _ _ _ _ _ _ _ _ _ _ _ _ _ _ _
..\..\..\..\AppData\Roaming\Python\Python314\site-packages\pytest_asyncio\plugin.py:716: in inner
    runner.run(coro, context=context)
_ _ _ _ _ _ _ _ _ _ _ _ _ _ _ _ _ _ _ _ _ _ _ _ _ _ _ _ _ _ _ _ _ _ _ _ _ _ _ _

self = <asyncio.runners.Runner object at 0x000002A0206C95D0>
coro = <coroutine object test_handle_run_success at 0x000002A02071A9E0>

    def run(self, coro, *, context=None):
        """Run code in the embedded event loop."""
        if events._get_running_loop() is not None:
            # fail fast with short traceback
>           raise RuntimeError(
                "Runner.run() cannot be called from a running event loop")
E           RuntimeError: Runner.run() cannot be called from a running event loop

C:\Python314\Lib\asyncio\runners.py:91: RuntimeError
__________________________ test_run_evaluate_success __________________________

self = <Coroutine test_run_evaluate_success>

    def runtest(self) -> None:
        runner_fixture_id = f"_{self._loop_scope}_scoped_runner"
        runner = self._request.getfixturevalue(runner_fixture_id)
        context = contextvars.copy_context()
        synchronized_obj = _synchronize_coroutine(
            getattr(*self._synchronization_target_attr), runner, context
        )
        with MonkeyPatch.context() as c:
            c.setattr(*self._synchronization_target_attr, synchronized_obj)
>           super().runtest()

..\..\..\..\AppData\Roaming\Python\Python314\site-packages\pytest_asyncio\plugin.py:469: 
_ _ _ _ _ _ _ _ _ _ _ _ _ _ _ _ _ _ _ _ _ _ _ _ _ _ _ _ _ _ _ _ _ _ _ _ _ _ _ _
..\..\..\..\AppData\Roaming\Python\Python314\site-packages\pytest_asyncio\plugin.py:716: in inner
    runner.run(coro, context=context)
_ _ _ _ _ _ _ _ _ _ _ _ _ _ _ _ _ _ _ _ _ _ _ _ _ _ _ _ _ _ _ _ _ _ _ _ _ _ _ _

self = <asyncio.runners.Runner object at 0x000002A0206EE5D0>
coro = <coroutine object test_run_evaluate_success at 0x000002A01C3C38B0>

    def run(self, coro, *, context=None):
        """Run code in the embedded event loop."""
        if events._get_running_loop() is not None:
            # fail fast with short traceback
>           raise RuntimeError(
                "Runner.run() cannot be called from a running event loop")
E           RuntimeError: Runner.run() cannot be called from a running event loop

C:\Python314\Lib\asyncio\runners.py:91: RuntimeError
_____________________ test_handle_auto_translate_success ______________________

self = <Coroutine test_handle_auto_translate_success>

    def runtest(self) -> None:
        runner_fixture_id = f"_{self._loop_scope}_scoped_runner"
        runner = self._request.getfixturevalue(runner_fixture_id)
        context = contextvars.copy_context()
        synchronized_obj = _synchronize_coroutine(
            getattr(*self._synchronization_target_attr), runner, context
        )
        with MonkeyPatch.context() as c:
            c.setattr(*self._synchronization_target_attr, synchronized_obj)
>           super().runtest()

..\..\..\..\AppData\Roaming\Python\Python314\site-packages\pytest_asyncio\plugin.py:469: 
_ _ _ _ _ _ _ _ _ _ _ _ _ _ _ _ _ _ _ _ _ _ _ _ _ _ _ _ _ _ _ _ _ _ _ _ _ _ _ _
..\..\..\..\AppData\Roaming\Python\Python314\site-packages\pytest_asyncio\plugin.py:716: in inner
    runner.run(coro, context=context)
_ _ _ _ _ _ _ _ _ _ _ _ _ _ _ _ _ _ _ _ _ _ _ _ _ _ _ _ _ _ _ _ _ _ _ _ _ _ _ _

self = <asyncio.runners.Runner object at 0x000002A01FB4EC50>
coro = <coroutine object test_handle_auto_translate_success at 0x000002A02062F480>

    def run(self, coro, *, context=None):
        """Run code in the embedded event loop."""
        if events._get_running_loop() is not None:
            # fail fast with short traceback
>           raise RuntimeError(
                "Runner.run() cannot be called from a running event loop")
E           RuntimeError: Runner.run() cannot be called from a running event loop

C:\Python314\Lib\asyncio\runners.py:91: RuntimeError
________________________ test_handle_calibrate_success ________________________

self = <Coroutine test_handle_calibrate_success>

    def runtest(self) -> None:
        runner_fixture_id = f"_{self._loop_scope}_scoped_runner"
        runner = self._request.getfixturevalue(runner_fixture_id)
        context = contextvars.copy_context()
        synchronized_obj = _synchronize_coroutine(
            getattr(*self._synchronization_target_attr), runner, context
        )
        with MonkeyPatch.context() as c:
            c.setattr(*self._synchronization_target_attr, synchronized_obj)
>           super().runtest()

..\..\..\..\AppData\Roaming\Python\Python314\site-packages\pytest_asyncio\plugin.py:469: 
_ _ _ _ _ _ _ _ _ _ _ _ _ _ _ _ _ _ _ _ _ _ _ _ _ _ _ _ _ _ _ _ _ _ _ _ _ _ _ _
..\..\..\..\AppData\Roaming\Python\Python314\site-packages\pytest_asyncio\plugin.py:716: in inner
    runner.run(coro, context=context)
_ _ _ _ _ _ _ _ _ _ _ _ _ _ _ _ _ _ _ _ _ _ _ _ _ _ _ _ _ _ _ _ _ _ _ _ _ _ _ _

self = <asyncio.runners.Runner object at 0x000002A02057EE50>
coro = <coroutine object test_handle_calibrate_success at 0x000002A02063CDC0>

    def run(self, coro, *, context=None):
        """Run code in the embedded event loop."""
        if events._get_running_loop() is not None:
            # fail fast with short traceback
>           raise RuntimeError(
                "Runner.run() cannot be called from a running event loop")
E           RuntimeError: Runner.run() cannot be called from a running event loop

C:\Python314\Lib\asyncio\runners.py:91: RuntimeError
_________________________ test_handle_calibrate_plot __________________________

self = <Coroutine test_handle_calibrate_plot>

    def runtest(self) -> None:
        runner_fixture_id = f"_{self._loop_scope}_scoped_runner"
        runner = self._request.getfixturevalue(runner_fixture_id)
        context = contextvars.copy_context()
        synchronized_obj = _synchronize_coroutine(
            getattr(*self._synchronization_target_attr), runner, context
        )
        with MonkeyPatch.context() as c:
            c.setattr(*self._synchronization_target_attr, synchronized_obj)
>           super().runtest()

..\..\..\..\AppData\Roaming\Python\Python314\site-packages\pytest_asyncio\plugin.py:469: 
_ _ _ _ _ _ _ _ _ _ _ _ _ _ _ _ _ _ _ _ _ _ _ _ _ _ _ _ _ _ _ _ _ _ _ _ _ _ _ _
..\..\..\..\AppData\Roaming\Python\Python314\site-packages\pytest_asyncio\plugin.py:716: in inner
    runner.run(coro, context=context)
_ _ _ _ _ _ _ _ _ _ _ _ _ _ _ _ _ _ _ _ _ _ _ _ _ _ _ _ _ _ _ _ _ _ _ _ _ _ _ _

self = <asyncio.runners.Runner object at 0x000002A0206CA8D0>
coro = <coroutine object test_handle_calibrate_plot at 0x000002A02063DA20>

    def run(self, coro, *, context=None):
        """Run code in the embedded event loop."""
        if events._get_running_loop() is not None:
            # fail fast with short traceback
>           raise RuntimeError(
                "Runner.run() cannot be called from a running event loop")
E           RuntimeError: Runner.run() cannot be called from a running event loop

C:\Python314\Lib\asyncio\runners.py:91: RuntimeError
______________________________ test_handle_list _______________________________

self = <Coroutine test_handle_list>

    def runtest(self) -> None:
        runner_fixture_id = f"_{self._loop_scope}_scoped_runner"
        runner = self._request.getfixturevalue(runner_fixture_id)
        context = contextvars.copy_context()
        synchronized_obj = _synchronize_coroutine(
            getattr(*self._synchronization_target_attr), runner, context
        )
        with MonkeyPatch.context() as c:
            c.setattr(*self._synchronization_target_attr, synchronized_obj)
>           super().runtest()

..\..\..\..\AppData\Roaming\Python\Python314\site-packages\pytest_asyncio\plugin.py:469: 
_ _ _ _ _ _ _ _ _ _ _ _ _ _ _ _ _ _ _ _ _ _ _ _ _ _ _ _ _ _ _ _ _ _ _ _ _ _ _ _
..\..\..\..\AppData\Roaming\Python\Python314\site-packages\pytest_asyncio\plugin.py:716: in inner
    runner.run(coro, context=context)
_ _ _ _ _ _ _ _ _ _ _ _ _ _ _ _ _ _ _ _ _ _ _ _ _ _ _ _ _ _ _ _ _ _ _ _ _ _ _ _

self = <asyncio.runners.Runner object at 0x000002A0206ED350>
coro = <coroutine object test_handle_list at 0x000002A020705140>

    def run(self, coro, *, context=None):
        """Run code in the embedded event loop."""
        if events._get_running_loop() is not None:
            # fail fast with short traceback
>           raise RuntimeError(
                "Runner.run() cannot be called from a running event loop")
E           RuntimeError: Runner.run() cannot be called from a running event loop

C:\Python314\Lib\asyncio\runners.py:91: RuntimeError
_____________________________ test_handle_doctor ______________________________

self = <Coroutine test_handle_doctor>

    def runtest(self) -> None:
        runner_fixture_id = f"_{self._loop_scope}_scoped_runner"
        runner = self._request.getfixturevalue(runner_fixture_id)
        context = contextvars.copy_context()
        synchronized_obj = _synchronize_coroutine(
            getattr(*self._synchronization_target_attr), runner, context
        )
        with MonkeyPatch.context() as c:
            c.setattr(*self._synchronization_target_attr, synchronized_obj)
>           super().runtest()

..\..\..\..\AppData\Roaming\Python\Python314\site-packages\pytest_asyncio\plugin.py:469: 
_ _ _ _ _ _ _ _ _ _ _ _ _ _ _ _ _ _ _ _ _ _ _ _ _ _ _ _ _ _ _ _ _ _ _ _ _ _ _ _
..\..\..\..\AppData\Roaming\Python\Python314\site-packages\pytest_asyncio\plugin.py:716: in inner
    runner.run(coro, context=context)
_ _ _ _ _ _ _ _ _ _ _ _ _ _ _ _ _ _ _ _ _ _ _ _ _ _ _ _ _ _ _ _ _ _ _ _ _ _ _ _

self = <asyncio.runners.Runner object at 0x000002A020A14550>
coro = <coroutine object test_handle_doctor at 0x000002A020705A40>

    def run(self, coro, *, context=None):
        """Run code in the embedded event loop."""
        if events._get_running_loop() is not None:
            # fail fast with short traceback
>           raise RuntimeError(
                "Runner.run() cannot be called from a running event loop")
E           RuntimeError: Runner.run() cannot be called from a running event loop

C:\Python314\Lib\asyncio\runners.py:91: RuntimeError
__________________________ test_handle_cleanup_runs ___________________________

self = <Coroutine test_handle_cleanup_runs>

    def runtest(self) -> None:
        runner_fixture_id = f"_{self._loop_scope}_scoped_runner"
        runner = self._request.getfixturevalue(runner_fixture_id)
        context = contextvars.copy_context()
        synchronized_obj = _synchronize_coroutine(
            getattr(*self._synchronization_target_attr), runner, context
        )
        with MonkeyPatch.context() as c:
            c.setattr(*self._synchronization_target_attr, synchronized_obj)
>           super().runtest()

..\..\..\..\AppData\Roaming\Python\Python314\site-packages\pytest_asyncio\plugin.py:469: 
_ _ _ _ _ _ _ _ _ _ _ _ _ _ _ _ _ _ _ _ _ _ _ _ _ _ _ _ _ _ _ _ _ _ _ _ _ _ _ _
..\..\..\..\AppData\Roaming\Python\Python314\site-packages\pytest_asyncio\plugin.py:716: in inner
    runner.run(coro, context=context)
_ _ _ _ _ _ _ _ _ _ _ _ _ _ _ _ _ _ _ _ _ _ _ _ _ _ _ _ _ _ _ _ _ _ _ _ _ _ _ _

self = <asyncio.runners.Runner object at 0x000002A0206C9CD0>
coro = <coroutine object test_handle_cleanup_runs at 0x000002A020706140>

    def run(self, coro, *, context=None):
        """Run code in the embedded event loop."""
        if events._get_running_loop() is not None:
            # fail fast with short traceback
>           raise RuntimeError(
                "Runner.run() cannot be called from a running event loop")
E           RuntimeError: Runner.run() cannot be called from a running event loop

C:\Python314\Lib\asyncio\runners.py:91: RuntimeError
_____________________________ test_handle_inspect _____________________________

self = <Coroutine test_handle_inspect>

    def runtest(self) -> None:
        runner_fixture_id = f"_{self._loop_scope}_scoped_runner"
        runner = self._request.getfixturevalue(runner_fixture_id)
        context = contextvars.copy_context()
        synchronized_obj = _synchronize_coroutine(
            getattr(*self._synchronization_target_attr), runner, context
        )
        with MonkeyPatch.context() as c:
            c.setattr(*self._synchronization_target_attr, synchronized_obj)
>           super().runtest()

..\..\..\..\AppData\Roaming\Python\Python314\site-packages\pytest_asyncio\plugin.py:469: 
_ _ _ _ _ _ _ _ _ _ _ _ _ _ _ _ _ _ _ _ _ _ _ _ _ _ _ _ _ _ _ _ _ _ _ _ _ _ _ _
..\..\..\..\AppData\Roaming\Python\Python314\site-packages\pytest_asyncio\plugin.py:716: in inner
    runner.run(coro, context=context)
_ _ _ _ _ _ _ _ _ _ _ _ _ _ _ _ _ _ _ _ _ _ _ _ _ _ _ _ _ _ _ _ _ _ _ _ _ _ _ _

self = <asyncio.runners.Runner object at 0x000002A0206CBED0>
coro = <coroutine object test_handle_inspect at 0x000002A01E83F9C0>

    def run(self, coro, *, context=None):
        """Run code in the embedded event loop."""
        if events._get_running_loop() is not None:
            # fail fast with short traceback
>           raise RuntimeError(
                "Runner.run() cannot be called from a running event loop")
E           RuntimeError: Runner.run() cannot be called from a running event loop

C:\Python314\Lib\asyncio\runners.py:91: RuntimeError
______________________________ test_handle_lint _______________________________

self = <Coroutine test_handle_lint>

    def runtest(self) -> None:
        runner_fixture_id = f"_{self._loop_scope}_scoped_runner"
        runner = self._request.getfixturevalue(runner_fixture_id)
        context = contextvars.copy_context()
        synchronized_obj = _synchronize_coroutine(
            getattr(*self._synchronization_target_attr), runner, context
        )
        with MonkeyPatch.context() as c:
            c.setattr(*self._synchronization_target_attr, synchronized_obj)
>           super().runtest()

..\..\..\..\AppData\Roaming\Python\Python314\site-packages\pytest_asyncio\plugin.py:469: 
_ _ _ _ _ _ _ _ _ _ _ _ _ _ _ _ _ _ _ _ _ _ _ _ _ _ _ _ _ _ _ _ _ _ _ _ _ _ _ _
..\..\..\..\AppData\Roaming\Python\Python314\site-packages\pytest_asyncio\plugin.py:716: in inner
    runner.run(coro, context=context)
_ _ _ _ _ _ _ _ _ _ _ _ _ _ _ _ _ _ _ _ _ _ _ _ _ _ _ _ _ _ _ _ _ _ _ _ _ _ _ _

self = <asyncio.runners.Runner object at 0x000002A01DFE6E50>
coro = <coroutine object test_handle_lint at 0x000002A01BFF2E80>

    def run(self, coro, *, context=None):
        """Run code in the embedded event loop."""
        if events._get_running_loop() is not None:
            # fail fast with short traceback
>           raise RuntimeError(
                "Runner.run() cannot be called from a running event loop")
E           RuntimeError: Runner.run() cannot be called from a running event loop

C:\Python314\Lib\asyncio\runners.py:91: RuntimeError
_____________________________ test_handle_export ______________________________

self = <Coroutine test_handle_export>

    def runtest(self) -> None:
        runner_fixture_id = f"_{self._loop_scope}_scoped_runner"
        runner = self._request.getfixturevalue(runner_fixture_id)
        context = contextvars.copy_context()
        synchronized_obj = _synchronize_coroutine(
            getattr(*self._synchronization_target_attr), runner, context
        )
        with MonkeyPatch.context() as c:
            c.setattr(*self._synchronization_target_attr, synchronized_obj)
>           super().runtest()

..\..\..\..\AppData\Roaming\Python\Python314\site-packages\pytest_asyncio\plugin.py:469: 
_ _ _ _ _ _ _ _ _ _ _ _ _ _ _ _ _ _ _ _ _ _ _ _ _ _ _ _ _ _ _ _ _ _ _ _ _ _ _ _
..\..\..\..\AppData\Roaming\Python\Python314\site-packages\pytest_asyncio\plugin.py:716: in inner
    runner.run(coro, context=context)
_ _ _ _ _ _ _ _ _ _ _ _ _ _ _ _ _ _ _ _ _ _ _ _ _ _ _ _ _ _ _ _ _ _ _ _ _ _ _ _

self = <asyncio.runners.Runner object at 0x000002A01E0C53D0>
coro = <coroutine object test_handle_export at 0x000002A020192C40>

    def run(self, coro, *, context=None):
        """Run code in the embedded event loop."""
        if events._get_running_loop() is not None:
            # fail fast with short traceback
>           raise RuntimeError(
                "Runner.run() cannot be called from a running event loop")
E           RuntimeError: Runner.run() cannot be called from a running event loop

C:\Python314\Lib\asyncio\runners.py:91: RuntimeError
____________________________ test_handle_taxonomy _____________________________

self = <Coroutine test_handle_taxonomy>

    def runtest(self) -> None:
        runner_fixture_id = f"_{self._loop_scope}_scoped_runner"
        runner = self._request.getfixturevalue(runner_fixture_id)
        context = contextvars.copy_context()
        synchronized_obj = _synchronize_coroutine(
            getattr(*self._synchronization_target_attr), runner, context
        )
        with MonkeyPatch.context() as c:
            c.setattr(*self._synchronization_target_attr, synchronized_obj)
>           super().runtest()

..\..\..\..\AppData\Roaming\Python\Python314\site-packages\pytest_asyncio\plugin.py:469: 
_ _ _ _ _ _ _ _ _ _ _ _ _ _ _ _ _ _ _ _ _ _ _ _ _ _ _ _ _ _ _ _ _ _ _ _ _ _ _ _
..\..\..\..\AppData\Roaming\Python\Python314\site-packages\pytest_asyncio\plugin.py:716: in inner
    runner.run(coro, context=context)
_ _ _ _ _ _ _ _ _ _ _ _ _ _ _ _ _ _ _ _ _ _ _ _ _ _ _ _ _ _ _ _ _ _ _ _ _ _ _ _

self = <asyncio.runners.Runner object at 0x000002A01E0C7E50>
coro = <coroutine object test_handle_taxonomy at 0x000002A020199F20>

    def run(self, coro, *, context=None):
        """Run code in the embedded event loop."""
        if events._get_running_loop() is not None:
            # fail fast with short traceback
>           raise RuntimeError(
                "Runner.run() cannot be called from a running event loop")
E           RuntimeError: Runner.run() cannot be called from a running event loop

C:\Python314\Lib\asyncio\runners.py:91: RuntimeError
_________________________ test_handle_verify_missing __________________________

self = <Coroutine test_handle_verify_missing>

    def runtest(self) -> None:
        runner_fixture_id = f"_{self._loop_scope}_scoped_runner"
        runner = self._request.getfixturevalue(runner_fixture_id)
        context = contextvars.copy_context()
        synchronized_obj = _synchronize_coroutine(
            getattr(*self._synchronization_target_attr), runner, context
        )
        with MonkeyPatch.context() as c:
            c.setattr(*self._synchronization_target_attr, synchronized_obj)
>           super().runtest()

..\..\..\..\AppData\Roaming\Python\Python314\site-packages\pytest_asyncio\plugin.py:469: 
_ _ _ _ _ _ _ _ _ _ _ _ _ _ _ _ _ _ _ _ _ _ _ _ _ _ _ _ _ _ _ _ _ _ _ _ _ _ _ _
..\..\..\..\AppData\Roaming\Python\Python314\site-packages\pytest_asyncio\plugin.py:716: in inner
    runner.run(coro, context=context)
_ _ _ _ _ _ _ _ _ _ _ _ _ _ _ _ _ _ _ _ _ _ _ _ _ _ _ _ _ _ _ _ _ _ _ _ _ _ _ _

self = <asyncio.runners.Runner object at 0x000002A01C7A36D0>
coro = <coroutine object test_handle_verify_missing at 0x000002A01EA20890>

    def run(self, coro, *, context=None):
        """Run code in the embedded event loop."""
        if events._get_running_loop() is not None:
            # fail fast with short traceback
>           raise RuntimeError(
                "Runner.run() cannot be called from a running event loop")
E           RuntimeError: Runner.run() cannot be called from a running event loop

C:\Python314\Lib\asyncio\runners.py:91: RuntimeError
__________________________ test_handle_import_drift ___________________________

self = <Coroutine test_handle_import_drift>

    def runtest(self) -> None:
        runner_fixture_id = f"_{self._loop_scope}_scoped_runner"
        runner = self._request.getfixturevalue(runner_fixture_id)
        context = contextvars.copy_context()
        synchronized_obj = _synchronize_coroutine(
            getattr(*self._synchronization_target_attr), runner, context
        )
        with MonkeyPatch.context() as c:
            c.setattr(*self._synchronization_target_attr, synchronized_obj)
>           super().runtest()

..\..\..\..\AppData\Roaming\Python\Python314\site-packages\pytest_asyncio\plugin.py:469: 
_ _ _ _ _ _ _ _ _ _ _ _ _ _ _ _ _ _ _ _ _ _ _ _ _ _ _ _ _ _ _ _ _ _ _ _ _ _ _ _
..\..\..\..\AppData\Roaming\Python\Python314\site-packages\pytest_asyncio\plugin.py:716: in inner
    runner.run(coro, context=context)
_ _ _ _ _ _ _ _ _ _ _ _ _ _ _ _ _ _ _ _ _ _ _ _ _ _ _ _ _ _ _ _ _ _ _ _ _ _ _ _

self = <asyncio.runners.Runner object at 0x000002A01C757250>
coro = <coroutine object test_handle_import_drift at 0x000002A020133890>

    def run(self, coro, *, context=None):
        """Run code in the embedded event loop."""
        if events._get_running_loop() is not None:
            # fail fast with short traceback
>           raise RuntimeError(
                "Runner.run() cannot be called from a running event loop")
E           RuntimeError: Runner.run() cannot be called from a running event loop

C:\Python314\Lib\asyncio\runners.py:91: RuntimeError
__________________________ test_handle_list_refresh ___________________________

self = <Coroutine test_handle_list_refresh>

    def runtest(self) -> None:
        runner_fixture_id = f"_{self._loop_scope}_scoped_runner"
        runner = self._request.getfixturevalue(runner_fixture_id)
        context = contextvars.copy_context()
        synchronized_obj = _synchronize_coroutine(
            getattr(*self._synchronization_target_attr), runner, context
        )
        with MonkeyPatch.context() as c:
            c.setattr(*self._synchronization_target_attr, synchronized_obj)
>           super().runtest()

..\..\..\..\AppData\Roaming\Python\Python314\site-packages\pytest_asyncio\plugin.py:469: 
_ _ _ _ _ _ _ _ _ _ _ _ _ _ _ _ _ _ _ _ _ _ _ _ _ _ _ _ _ _ _ _ _ _ _ _ _ _ _ _
..\..\..\..\AppData\Roaming\Python\Python314\site-packages\pytest_asyncio\plugin.py:716: in inner
    runner.run(coro, context=context)
_ _ _ _ _ _ _ _ _ _ _ _ _ _ _ _ _ _ _ _ _ _ _ _ _ _ _ _ _ _ _ _ _ _ _ _ _ _ _ _

self = <asyncio.runners.Runner object at 0x000002A01DB40ED0>
coro = <coroutine object test_handle_list_refresh at 0x000002A01DF75360>

    def run(self, coro, *, context=None):
        """Run code in the embedded event loop."""
        if events._get_running_loop() is not None:
            # fail fast with short traceback
>           raise RuntimeError(
                "Runner.run() cannot be called from a running event loop")
E           RuntimeError: Runner.run() cannot be called from a running event loop

C:\Python314\Lib\asyncio\runners.py:91: RuntimeError
_________________________ test_handle_inspect_missing _________________________

self = <Coroutine test_handle_inspect_missing>

    def runtest(self) -> None:
        runner_fixture_id = f"_{self._loop_scope}_scoped_runner"
        runner = self._request.getfixturevalue(runner_fixture_id)
        context = contextvars.copy_context()
        synchronized_obj = _synchronize_coroutine(
            getattr(*self._synchronization_target_attr), runner, context
        )
        with MonkeyPatch.context() as c:
            c.setattr(*self._synchronization_target_attr, synchronized_obj)
>           super().runtest()

..\..\..\..\AppData\Roaming\Python\Python314\site-packages\pytest_asyncio\plugin.py:469: 
_ _ _ _ _ _ _ _ _ _ _ _ _ _ _ _ _ _ _ _ _ _ _ _ _ _ _ _ _ _ _ _ _ _ _ _ _ _ _ _
..\..\..\..\AppData\Roaming\Python\Python314\site-packages\pytest_asyncio\plugin.py:716: in inner
    runner.run(coro, context=context)
_ _ _ _ _ _ _ _ _ _ _ _ _ _ _ _ _ _ _ _ _ _ _ _ _ _ _ _ _ _ _ _ _ _ _ _ _ _ _ _

self = <asyncio.runners.Runner object at 0x000002A01FB4E6D0>
coro = <coroutine object test_handle_inspect_missing at 0x000002A02019AD60>

    def run(self, coro, *, context=None):
        """Run code in the embedded event loop."""
        if events._get_running_loop() is not None:
            # fail fast with short traceback
>           raise RuntimeError(
                "Runner.run() cannot be called from a running event loop")
E           RuntimeError: Runner.run() cannot be called from a running event loop

C:\Python314\Lib\asyncio\runners.py:91: RuntimeError
______________________ test_handle_report_missing_trace _______________________

self = <Coroutine test_handle_report_missing_trace>

    def runtest(self) -> None:
        runner_fixture_id = f"_{self._loop_scope}_scoped_runner"
        runner = self._request.getfixturevalue(runner_fixture_id)
        context = contextvars.copy_context()
        synchronized_obj = _synchronize_coroutine(
            getattr(*self._synchronization_target_attr), runner, context
        )
        with MonkeyPatch.context() as c:
            c.setattr(*self._synchronization_target_attr, synchronized_obj)
>           super().runtest()

..\..\..\..\AppData\Roaming\Python\Python314\site-packages\pytest_asyncio\plugin.py:469: 
_ _ _ _ _ _ _ _ _ _ _ _ _ _ _ _ _ _ _ _ _ _ _ _ _ _ _ _ _ _ _ _ _ _ _ _ _ _ _ _
..\..\..\..\AppData\Roaming\Python\Python314\site-packages\pytest_asyncio\plugin.py:716: in inner
    runner.run(coro, context=context)
_ _ _ _ _ _ _ _ _ _ _ _ _ _ _ _ _ _ _ _ _ _ _ _ _ _ _ _ _ _ _ _ _ _ _ _ _ _ _ _

self = <asyncio.runners.Runner object at 0x000002A01BE257D0>
coro = <coroutine object test_handle_report_missing_trace at 0x000002A020199CC0>

    def run(self, coro, *, context=None):
        """Run code in the embedded event loop."""
        if events._get_running_loop() is not None:
            # fail fast with short traceback
>           raise RuntimeError(
                "Runner.run() cannot be called from a running event loop")
E           RuntimeError: Runner.run() cannot be called from a running event loop

C:\Python314\Lib\asyncio\runners.py:91: RuntimeError
________________________ test_handle_mutate_all_types _________________________

self = <Coroutine test_handle_mutate_all_types>

    def runtest(self) -> None:
        runner_fixture_id = f"_{self._loop_scope}_scoped_runner"
        runner = self._request.getfixturevalue(runner_fixture_id)
        context = contextvars.copy_context()
        synchronized_obj = _synchronize_coroutine(
            getattr(*self._synchronization_target_attr), runner, context
        )
        with MonkeyPatch.context() as c:
            c.setattr(*self._synchronization_target_attr, synchronized_obj)
>           super().runtest()

..\..\..\..\AppData\Roaming\Python\Python314\site-packages\pytest_asyncio\plugin.py:469: 
_ _ _ _ _ _ _ _ _ _ _ _ _ _ _ _ _ _ _ _ _ _ _ _ _ _ _ _ _ _ _ _ _ _ _ _ _ _ _ _
..\..\..\..\AppData\Roaming\Python\Python314\site-packages\pytest_asyncio\plugin.py:716: in inner
    runner.run(coro, context=context)
_ _ _ _ _ _ _ _ _ _ _ _ _ _ _ _ _ _ _ _ _ _ _ _ _ _ _ _ _ _ _ _ _ _ _ _ _ _ _ _

self = <asyncio.runners.Runner object at 0x000002A01FB4EDD0>
coro = <coroutine object test_handle_mutate_all_types at 0x000002A01E977CC0>

    def run(self, coro, *, context=None):
        """Run code in the embedded event loop."""
        if events._get_running_loop() is not None:
            # fail fast with short traceback
>           raise RuntimeError(
                "Runner.run() cannot be called from a running event loop")
E           RuntimeError: Runner.run() cannot be called from a running event loop

C:\Python314\Lib\asyncio\runners.py:91: RuntimeError
__________________________ test_handle_cleanup_runs ___________________________

self = <Coroutine test_handle_cleanup_runs>

    def runtest(self) -> None:
        runner_fixture_id = f"_{self._loop_scope}_scoped_runner"
        runner = self._request.getfixturevalue(runner_fixture_id)
        context = contextvars.copy_context()
        synchronized_obj = _synchronize_coroutine(
            getattr(*self._synchronization_target_attr), runner, context
        )
        with MonkeyPatch.context() as c:
            c.setattr(*self._synchronization_target_attr, synchronized_obj)
>           super().runtest()

..\..\..\..\AppData\Roaming\Python\Python314\site-packages\pytest_asyncio\plugin.py:469: 
_ _ _ _ _ _ _ _ _ _ _ _ _ _ _ _ _ _ _ _ _ _ _ _ _ _ _ _ _ _ _ _ _ _ _ _ _ _ _ _
..\..\..\..\AppData\Roaming\Python\Python314\site-packages\pytest_asyncio\plugin.py:716: in inner
    runner.run(coro, context=context)
_ _ _ _ _ _ _ _ _ _ _ _ _ _ _ _ _ _ _ _ _ _ _ _ _ _ _ _ _ _ _ _ _ _ _ _ _ _ _ _

self = <asyncio.runners.Runner object at 0x000002A01FB4E8D0>
coro = <coroutine object test_handle_cleanup_runs at 0x000002A01FB1D580>

    def run(self, coro, *, context=None):
        """Run code in the embedded event loop."""
        if events._get_running_loop() is not None:
            # fail fast with short traceback
>           raise RuntimeError(
                "Runner.run() cannot be called from a running event loop")
E           RuntimeError: Runner.run() cannot be called from a running event loop

C:\Python314\Lib\asyncio\runners.py:91: RuntimeError
____________________ test_handle_aes_validate_error_paths _____________________

self = <Coroutine test_handle_aes_validate_error_paths>

    def runtest(self) -> None:
        runner_fixture_id = f"_{self._loop_scope}_scoped_runner"
        runner = self._request.getfixturevalue(runner_fixture_id)
        context = contextvars.copy_context()
        synchronized_obj = _synchronize_coroutine(
            getattr(*self._synchronization_target_attr), runner, context
        )
        with MonkeyPatch.context() as c:
            c.setattr(*self._synchronization_target_attr, synchronized_obj)
>           super().runtest()

..\..\..\..\AppData\Roaming\Python\Python314\site-packages\pytest_asyncio\plugin.py:469: 
_ _ _ _ _ _ _ _ _ _ _ _ _ _ _ _ _ _ _ _ _ _ _ _ _ _ _ _ _ _ _ _ _ _ _ _ _ _ _ _
..\..\..\..\AppData\Roaming\Python\Python314\site-packages\pytest_asyncio\plugin.py:716: in inner
    runner.run(coro, context=context)
_ _ _ _ _ _ _ _ _ _ _ _ _ _ _ _ _ _ _ _ _ _ _ _ _ _ _ _ _ _ _ _ _ _ _ _ _ _ _ _

self = <asyncio.runners.Runner object at 0x000002A02032B2D0>
coro = <coroutine object test_handle_aes_validate_error_paths at 0x000002A0206397B0>

    def run(self, coro, *, context=None):
        """Run code in the embedded event loop."""
        if events._get_running_loop() is not None:
            # fail fast with short traceback
>           raise RuntimeError(
                "Runner.run() cannot be called from a running event loop")
E           RuntimeError: Runner.run() cannot be called from a running event loop

C:\Python314\Lib\asyncio\runners.py:91: RuntimeError
_________________________ test_handle_verify_missing __________________________

self = <Coroutine test_handle_verify_missing>

    def runtest(self) -> None:
        runner_fixture_id = f"_{self._loop_scope}_scoped_runner"
        runner = self._request.getfixturevalue(runner_fixture_id)
        context = contextvars.copy_context()
        synchronized_obj = _synchronize_coroutine(
            getattr(*self._synchronization_target_attr), runner, context
        )
        with MonkeyPatch.context() as c:
            c.setattr(*self._synchronization_target_attr, synchronized_obj)
>           super().runtest()

..\..\..\..\AppData\Roaming\Python\Python314\site-packages\pytest_asyncio\plugin.py:469: 
_ _ _ _ _ _ _ _ _ _ _ _ _ _ _ _ _ _ _ _ _ _ _ _ _ _ _ _ _ _ _ _ _ _ _ _ _ _ _ _
..\..\..\..\AppData\Roaming\Python\Python314\site-packages\pytest_asyncio\plugin.py:716: in inner
    runner.run(coro, context=context)
_ _ _ _ _ _ _ _ _ _ _ _ _ _ _ _ _ _ _ _ _ _ _ _ _ _ _ _ _ _ _ _ _ _ _ _ _ _ _ _

self = <asyncio.runners.Runner object at 0x000002A01E0C36D0>
coro = <coroutine object test_handle_verify_missing at 0x000002A02019A3E0>

    def run(self, coro, *, context=None):
        """Run code in the embedded event loop."""
        if events._get_running_loop() is not None:
            # fail fast with short traceback
>           raise RuntimeError(
                "Runner.run() cannot be called from a running event loop")
E           RuntimeError: Runner.run() cannot be called from a running event loop

C:\Python314\Lib\asyncio\runners.py:91: RuntimeError
_____________________ test_handle_spec_to_eval_exceptions _____________________

self = <Coroutine test_handle_spec_to_eval_exceptions>

    def runtest(self) -> None:
        runner_fixture_id = f"_{self._loop_scope}_scoped_runner"
        runner = self._request.getfixturevalue(runner_fixture_id)
        context = contextvars.copy_context()
        synchronized_obj = _synchronize_coroutine(
            getattr(*self._synchronization_target_attr), runner, context
        )
        with MonkeyPatch.context() as c:
            c.setattr(*self._synchronization_target_attr, synchronized_obj)
>           super().runtest()

..\..\..\..\AppData\Roaming\Python\Python314\site-packages\pytest_asyncio\plugin.py:469: 
_ _ _ _ _ _ _ _ _ _ _ _ _ _ _ _ _ _ _ _ _ _ _ _ _ _ _ _ _ _ _ _ _ _ _ _ _ _ _ _
..\..\..\..\AppData\Roaming\Python\Python314\site-packages\pytest_asyncio\plugin.py:716: in inner
    runner.run(coro, context=context)
_ _ _ _ _ _ _ _ _ _ _ _ _ _ _ _ _ _ _ _ _ _ _ _ _ _ _ _ _ _ _ _ _ _ _ _ _ _ _ _

self = <asyncio.runners.Runner object at 0x000002A01DA58650>
coro = <coroutine object test_handle_spec_to_eval_exceptions at 0x000002A01EA70820>

    def run(self, coro, *, context=None):
        """Run code in the embedded event loop."""
        if events._get_running_loop() is not None:
            # fail fast with short traceback
>           raise RuntimeError(
                "Runner.run() cannot be called from a running event loop")
E           RuntimeError: Runner.run() cannot be called from a running event loop

C:\Python314\Lib\asyncio\runners.py:91: RuntimeError
__________________________ test_handle_registry_add ___________________________

mock_args = <MagicMock id='2886732289024'>

    def test_handle_registry_add(mock_args):
        """Test 'registry add' command handler. Forensic: Verify sync method call."""
        with patch("eval_runner.registry_sync.add_standard_to_registry") as mock_add:
            environment.handle_registry_add(mock_args)
>           mock_add.assert_called_once_with(
                "std-1", "New Standard", "finance", "No description provided"
            )

tests\unit\handlers\test_cli_handlers_extra.py:24: 
_ _ _ _ _ _ _ _ _ _ _ _ _ _ _ _ _ _ _ _ _ _ _ _ _ _ _ _ _ _ _ _ _ _ _ _ _ _ _ _

self = <MagicMock name='add_standard_to_registry' id='2886732285664'>
args = ('std-1', 'New Standard', 'finance', 'No description provided')
kwargs = {}
msg = "Expected 'add_standard_to_registry' to be called once. Called 0 times."

    def assert_called_once_with(self, /, *args, **kwargs):
        """assert that the mock was called exactly once and that that call was
        with the specified arguments."""
        if not self.call_count == 1:
            msg = ("Expected '%s' to be called once. Called %s times.%s"
                   % (self._mock_name or 'mock',
                      self.call_count,
                      self._calls_repr()))
>           raise AssertionError(msg)
E           AssertionError: Expected 'add_standard_to_registry' to be called once. Called 0 times.

C:\Python314\Lib\unittest\mock.py:996: AssertionError
__________________________ test_handle_registry_sync __________________________

mock_args = <MagicMock id='2886732289696'>

    def test_handle_registry_sync(mock_args):
        """Test 'registry sync' command handler. Forensic: Schema enforcement."""
        with patch("eval_runner.registry_sync.ensure_schema_sync") as mock_sync:
            environment.handle_registry_sync(mock_args)
>           mock_sync.assert_called_once_with(force=True)

tests\unit\handlers\test_cli_handlers_extra.py:33: 
_ _ _ _ _ _ _ _ _ _ _ _ _ _ _ _ _ _ _ _ _ _ _ _ _ _ _ _ _ _ _ _ _ _ _ _ _ _ _ _

self = <MagicMock name='ensure_schema_sync' id='2886732289360'>, args = ()
kwargs = {'force': True}
msg = "Expected 'ensure_schema_sync' to be called once. Called 0 times."

    def assert_called_once_with(self, /, *args, **kwargs):
        """assert that the mock was called exactly once and that that call was
        with the specified arguments."""
        if not self.call_count == 1:
            msg = ("Expected '%s' to be called once. Called %s times.%s"
                   % (self._mock_name or 'mock',
                      self.call_count,
                      self._calls_repr()))
>           raise AssertionError(msg)
E           AssertionError: Expected 'ensure_schema_sync' to be called once. Called 0 times.

C:\Python314\Lib\unittest\mock.py:996: AssertionError
___________________________ test_handle_ci_generate ___________________________

mock_args = <MagicMock id='2886732291040'>

    def test_handle_ci_generate(mock_args):
        """Test 'ci generate' command handler. Forensic: YAML manifest creation."""
        with patch("eval_runner.scaffold.generate_github_action") as mock_gen:
            environment.handle_ci_generate(mock_args)
>           mock_gen.assert_called_once()

tests\unit\handlers\test_cli_handlers_extra.py:40: 
_ _ _ _ _ _ _ _ _ _ _ _ _ _ _ _ _ _ _ _ _ _ _ _ _ _ _ _ _ _ _ _ _ _ _ _ _ _ _ _

self = <MagicMock name='generate_github_action' id='2886732290032'>

    def assert_called_once(self):
        """assert that the mock was called only once.
        """
        if not self.call_count == 1:
            msg = ("Expected '%s' to have been called once. Called %s times.%s"
                   % (self._mock_name or 'mock',
                      self.call_count,
                      self._calls_repr()))
>           raise AssertionError(msg)
E           AssertionError: Expected 'generate_github_action' to have been called once. Called 0 times.

C:\Python314\Lib\unittest\mock.py:964: AssertionError
_____________________________ test_handle_install _____________________________

mock_args = <MagicMock id='2886732290368'>

    def test_handle_install(mock_args):
        """Test 'install' command handler. Forensic: Remote catalog fetch."""
        with patch("eval_runner.catalog.install_pack") as mock_install:
            environment.handle_install(mock_args)
>           mock_install.assert_called_once_with("base-pack")

tests\unit\handlers\test_cli_handlers_extra.py:47: 
_ _ _ _ _ _ _ _ _ _ _ _ _ _ _ _ _ _ _ _ _ _ _ _ _ _ _ _ _ _ _ _ _ _ _ _ _ _ _ _

self = <MagicMock name='install_pack' id='2886732290704'>, args = ('base-pack',)
kwargs = {}, msg = "Expected 'install_pack' to be called once. Called 0 times."

    def assert_called_once_with(self, /, *args, **kwargs):
        """assert that the mock was called exactly once and that that call was
        with the specified arguments."""
        if not self.call_count == 1:
            msg = ("Expected '%s' to be called once. Called %s times.%s"
                   % (self._mock_name or 'mock',
                      self.call_count,
                      self._calls_repr()))
>           raise AssertionError(msg)
E           AssertionError: Expected 'install_pack' to be called once. Called 0 times.

C:\Python314\Lib\unittest\mock.py:996: AssertionError
____________________________ test_handle_taxonomy _____________________________

self = <Coroutine test_handle_taxonomy>

    def runtest(self) -> None:
        runner_fixture_id = f"_{self._loop_scope}_scoped_runner"
        runner = self._request.getfixturevalue(runner_fixture_id)
        context = contextvars.copy_context()
        synchronized_obj = _synchronize_coroutine(
            getattr(*self._synchronization_target_attr), runner, context
        )
        with MonkeyPatch.context() as c:
            c.setattr(*self._synchronization_target_attr, synchronized_obj)
>           super().runtest()

..\..\..\..\AppData\Roaming\Python\Python314\site-packages\pytest_asyncio\plugin.py:469: 
_ _ _ _ _ _ _ _ _ _ _ _ _ _ _ _ _ _ _ _ _ _ _ _ _ _ _ _ _ _ _ _ _ _ _ _ _ _ _ _
..\..\..\..\AppData\Roaming\Python\Python314\site-packages\pytest_asyncio\plugin.py:716: in inner
    runner.run(coro, context=context)
_ _ _ _ _ _ _ _ _ _ _ _ _ _ _ _ _ _ _ _ _ _ _ _ _ _ _ _ _ _ _ _ _ _ _ _ _ _ _ _

self = <asyncio.runners.Runner object at 0x000002A01E0C0D50>
coro = <coroutine object test_handle_taxonomy at 0x000002A01C907E20>

    def run(self, coro, *, context=None):
        """Run code in the embedded event loop."""
        if events._get_running_loop() is not None:
            # fail fast with short traceback
>           raise RuntimeError(
                "Runner.run() cannot be called from a running event loop")
E           RuntimeError: Runner.run() cannot be called from a running event loop

C:\Python314\Lib\asyncio\runners.py:91: RuntimeError
_________________________ test_handle_inspect_success _________________________

self = <Coroutine test_handle_inspect_success>

    def runtest(self) -> None:
        runner_fixture_id = f"_{self._loop_scope}_scoped_runner"
        runner = self._request.getfixturevalue(runner_fixture_id)
        context = contextvars.copy_context()
        synchronized_obj = _synchronize_coroutine(
            getattr(*self._synchronization_target_attr), runner, context
        )
        with MonkeyPatch.context() as c:
            c.setattr(*self._synchronization_target_attr, synchronized_obj)
>           super().runtest()

..\..\..\..\AppData\Roaming\Python\Python314\site-packages\pytest_asyncio\plugin.py:469: 
_ _ _ _ _ _ _ _ _ _ _ _ _ _ _ _ _ _ _ _ _ _ _ _ _ _ _ _ _ _ _ _ _ _ _ _ _ _ _ _
..\..\..\..\AppData\Roaming\Python\Python314\site-packages\pytest_asyncio\plugin.py:716: in inner
    runner.run(coro, context=context)
_ _ _ _ _ _ _ _ _ _ _ _ _ _ _ _ _ _ _ _ _ _ _ _ _ _ _ _ _ _ _ _ _ _ _ _ _ _ _ _

self = <asyncio.runners.Runner object at 0x000002A01C6A4CD0>
coro = <coroutine object test_handle_inspect_success at 0x000002A02037D8B0>

    def run(self, coro, *, context=None):
        """Run code in the embedded event loop."""
        if events._get_running_loop() is not None:
            # fail fast with short traceback
>           raise RuntimeError(
                "Runner.run() cannot be called from a running event loop")
E           RuntimeError: Runner.run() cannot be called from a running event loop

C:\Python314\Lib\asyncio\runners.py:91: RuntimeError
_________________________ test_handle_inspect_failure _________________________

self = <Coroutine test_handle_inspect_failure>

    def runtest(self) -> None:
        runner_fixture_id = f"_{self._loop_scope}_scoped_runner"
        runner = self._request.getfixturevalue(runner_fixture_id)
        context = contextvars.copy_context()
        synchronized_obj = _synchronize_coroutine(
            getattr(*self._synchronization_target_attr), runner, context
        )
        with MonkeyPatch.context() as c:
            c.setattr(*self._synchronization_target_attr, synchronized_obj)
>           super().runtest()

..\..\..\..\AppData\Roaming\Python\Python314\site-packages\pytest_asyncio\plugin.py:469: 
_ _ _ _ _ _ _ _ _ _ _ _ _ _ _ _ _ _ _ _ _ _ _ _ _ _ _ _ _ _ _ _ _ _ _ _ _ _ _ _
..\..\..\..\AppData\Roaming\Python\Python314\site-packages\pytest_asyncio\plugin.py:716: in inner
    runner.run(coro, context=context)
_ _ _ _ _ _ _ _ _ _ _ _ _ _ _ _ _ _ _ _ _ _ _ _ _ _ _ _ _ _ _ _ _ _ _ _ _ _ _ _

self = <asyncio.runners.Runner object at 0x000002A0208B8AD0>
coro = <coroutine object test_handle_inspect_failure at 0x000002A01C905120>

    def run(self, coro, *, context=None):
        """Run code in the embedded event loop."""
        if events._get_running_loop() is not None:
            # fail fast with short traceback
>           raise RuntimeError(
                "Runner.run() cannot be called from a running event loop")
E           RuntimeError: Runner.run() cannot be called from a running event loop

C:\Python314\Lib\asyncio\runners.py:91: RuntimeError
_________________________ test_handle_catalog_search __________________________

self = <Coroutine test_handle_catalog_search>

    def runtest(self) -> None:
        runner_fixture_id = f"_{self._loop_scope}_scoped_runner"
        runner = self._request.getfixturevalue(runner_fixture_id)
        context = contextvars.copy_context()
        synchronized_obj = _synchronize_coroutine(
            getattr(*self._synchronization_target_attr), runner, context
        )
        with MonkeyPatch.context() as c:
            c.setattr(*self._synchronization_target_attr, synchronized_obj)
>           super().runtest()

..\..\..\..\AppData\Roaming\Python\Python314\site-packages\pytest_asyncio\plugin.py:469: 
_ _ _ _ _ _ _ _ _ _ _ _ _ _ _ _ _ _ _ _ _ _ _ _ _ _ _ _ _ _ _ _ _ _ _ _ _ _ _ _
..\..\..\..\AppData\Roaming\Python\Python314\site-packages\pytest_asyncio\plugin.py:716: in inner
    runner.run(coro, context=context)
_ _ _ _ _ _ _ _ _ _ _ _ _ _ _ _ _ _ _ _ _ _ _ _ _ _ _ _ _ _ _ _ _ _ _ _ _ _ _ _

self = <asyncio.runners.Runner object at 0x000002A02074C550>
coro = <coroutine object test_handle_catalog_search at 0x000002A01C2AED40>

    def run(self, coro, *, context=None):
        """Run code in the embedded event loop."""
        if events._get_running_loop() is not None:
            # fail fast with short traceback
>           raise RuntimeError(
                "Runner.run() cannot be called from a running event loop")
E           RuntimeError: Runner.run() cannot be called from a running event loop

C:\Python314\Lib\asyncio\runners.py:91: RuntimeError
_________________________ test_handle_analyze_direct __________________________

self = <Coroutine test_handle_analyze_direct>

    def runtest(self) -> None:
        runner_fixture_id = f"_{self._loop_scope}_scoped_runner"
        runner = self._request.getfixturevalue(runner_fixture_id)
        context = contextvars.copy_context()
        synchronized_obj = _synchronize_coroutine(
            getattr(*self._synchronization_target_attr), runner, context
        )
        with MonkeyPatch.context() as c:
            c.setattr(*self._synchronization_target_attr, synchronized_obj)
>           super().runtest()

..\..\..\..\AppData\Roaming\Python\Python314\site-packages\pytest_asyncio\plugin.py:469: 
_ _ _ _ _ _ _ _ _ _ _ _ _ _ _ _ _ _ _ _ _ _ _ _ _ _ _ _ _ _ _ _ _ _ _ _ _ _ _ _
..\..\..\..\AppData\Roaming\Python\Python314\site-packages\pytest_asyncio\plugin.py:716: in inner
    runner.run(coro, context=context)
_ _ _ _ _ _ _ _ _ _ _ _ _ _ _ _ _ _ _ _ _ _ _ _ _ _ _ _ _ _ _ _ _ _ _ _ _ _ _ _

self = <asyncio.runners.Runner object at 0x000002A020A2B2D0>
coro = <coroutine object test_handle_analyze_direct at 0x000002A02072AD40>

    def run(self, coro, *, context=None):
        """Run code in the embedded event loop."""
        if events._get_running_loop() is not None:
            # fail fast with short traceback
>           raise RuntimeError(
                "Runner.run() cannot be called from a running event loop")
E           RuntimeError: Runner.run() cannot be called from a running event loop

C:\Python314\Lib\asyncio\runners.py:91: RuntimeError
__________________________ test_handle_verify_direct __________________________

self = <Coroutine test_handle_verify_direct>

    def runtest(self) -> None:
        runner_fixture_id = f"_{self._loop_scope}_scoped_runner"
        runner = self._request.getfixturevalue(runner_fixture_id)
        context = contextvars.copy_context()
        synchronized_obj = _synchronize_coroutine(
            getattr(*self._synchronization_target_attr), runner, context
        )
        with MonkeyPatch.context() as c:
            c.setattr(*self._synchronization_target_attr, synchronized_obj)
>           super().runtest()

..\..\..\..\AppData\Roaming\Python\Python314\site-packages\pytest_asyncio\plugin.py:469: 
_ _ _ _ _ _ _ _ _ _ _ _ _ _ _ _ _ _ _ _ _ _ _ _ _ _ _ _ _ _ _ _ _ _ _ _ _ _ _ _
..\..\..\..\AppData\Roaming\Python\Python314\site-packages\pytest_asyncio\plugin.py:716: in inner
    runner.run(coro, context=context)
_ _ _ _ _ _ _ _ _ _ _ _ _ _ _ _ _ _ _ _ _ _ _ _ _ _ _ _ _ _ _ _ _ _ _ _ _ _ _ _

self = <asyncio.runners.Runner object at 0x000002A0A35CD850>
coro = <coroutine object test_handle_verify_direct at 0x000002A020F11BE0>

    def run(self, coro, *, context=None):
        """Run code in the embedded event loop."""
        if events._get_running_loop() is not None:
            # fail fast with short traceback
>           raise RuntimeError(
                "Runner.run() cannot be called from a running event loop")
E           RuntimeError: Runner.run() cannot be called from a running event loop

C:\Python314\Lib\asyncio\runners.py:91: RuntimeError
_______________________ test_call_agent_error_branches ________________________

self = <Coroutine test_call_agent_error_branches>

    def runtest(self) -> None:
        runner_fixture_id = f"_{self._loop_scope}_scoped_runner"
        runner = self._request.getfixturevalue(runner_fixture_id)
        context = contextvars.copy_context()
        synchronized_obj = _synchronize_coroutine(
            getattr(*self._synchronization_target_attr), runner, context
        )
        with MonkeyPatch.context() as c:
            c.setattr(*self._synchronization_target_attr, synchronized_obj)
>           super().runtest()

..\..\..\..\AppData\Roaming\Python\Python314\site-packages\pytest_asyncio\plugin.py:469: 
_ _ _ _ _ _ _ _ _ _ _ _ _ _ _ _ _ _ _ _ _ _ _ _ _ _ _ _ _ _ _ _ _ _ _ _ _ _ _ _
..\..\..\..\AppData\Roaming\Python\Python314\site-packages\pytest_asyncio\plugin.py:716: in inner
    runner.run(coro, context=context)
_ _ _ _ _ _ _ _ _ _ _ _ _ _ _ _ _ _ _ _ _ _ _ _ _ _ _ _ _ _ _ _ _ _ _ _ _ _ _ _

self = <asyncio.runners.Runner object at 0x000002A0A35CEA50>
coro = <coroutine object test_call_agent_error_branches at 0x000002A0A3560E40>

    def run(self, coro, *, context=None):
        """Run code in the embedded event loop."""
        if events._get_running_loop() is not None:
            # fail fast with short traceback
>           raise RuntimeError(
                "Runner.run() cannot be called from a running event loop")
E           RuntimeError: Runner.run() cannot be called from a running event loop

C:\Python314\Lib\asyncio\runners.py:91: RuntimeError
__________________________ test_human_adapter_branch __________________________

self = <Coroutine test_human_adapter_branch>

    def runtest(self) -> None:
        runner_fixture_id = f"_{self._loop_scope}_scoped_runner"
        runner = self._request.getfixturevalue(runner_fixture_id)
        context = contextvars.copy_context()
        synchronized_obj = _synchronize_coroutine(
            getattr(*self._synchronization_target_attr), runner, context
        )
        with MonkeyPatch.context() as c:
            c.setattr(*self._synchronization_target_attr, synchronized_obj)
>           super().runtest()

..\..\..\..\AppData\Roaming\Python\Python314\site-packages\pytest_asyncio\plugin.py:469: 
_ _ _ _ _ _ _ _ _ _ _ _ _ _ _ _ _ _ _ _ _ _ _ _ _ _ _ _ _ _ _ _ _ _ _ _ _ _ _ _
..\..\..\..\AppData\Roaming\Python\Python314\site-packages\pytest_asyncio\plugin.py:716: in inner
    runner.run(coro, context=context)
_ _ _ _ _ _ _ _ _ _ _ _ _ _ _ _ _ _ _ _ _ _ _ _ _ _ _ _ _ _ _ _ _ _ _ _ _ _ _ _

self = <asyncio.runners.Runner object at 0x000002A0A35A4F50>
coro = <coroutine object test_human_adapter_branch at 0x000002A02062D5A0>

    def run(self, coro, *, context=None):
        """Run code in the embedded event loop."""
        if events._get_running_loop() is not None:
            # fail fast with short traceback
>           raise RuntimeError(
                "Runner.run() cannot be called from a running event loop")
E           RuntimeError: Runner.run() cannot be called from a running event loop

C:\Python314\Lib\asyncio\runners.py:91: RuntimeError
_________________ TestEnvironmentHandlers.test_handle_analyze _________________

self = <Coroutine test_handle_analyze>

    def runtest(self) -> None:
        runner_fixture_id = f"_{self._loop_scope}_scoped_runner"
        runner = self._request.getfixturevalue(runner_fixture_id)
        context = contextvars.copy_context()
        synchronized_obj = _synchronize_coroutine(
            getattr(*self._synchronization_target_attr), runner, context
        )
        with MonkeyPatch.context() as c:
            c.setattr(*self._synchronization_target_attr, synchronized_obj)
>           super().runtest()

C:\Users\najee\AppData\Roaming\Python\Python314\site-packages\pytest_asyncio\plugin.py:469: 
_ _ _ _ _ _ _ _ _ _ _ _ _ _ _ _ _ _ _ _ _ _ _ _ _ _ _ _ _ _ _ _ _ _ _ _ _ _ _ _
C:\Users\najee\AppData\Roaming\Python\Python314\site-packages\pytest_asyncio\plugin.py:716: in inner
    runner.run(coro, context=context)
_ _ _ _ _ _ _ _ _ _ _ _ _ _ _ _ _ _ _ _ _ _ _ _ _ _ _ _ _ _ _ _ _ _ _ _ _ _ _ _

self = <asyncio.runners.Runner object at 0x000002A0A35CF5D0>
coro = <coroutine object TestEnvironmentHandlers.test_handle_analyze at 0x000002A0A3559580>

    def run(self, coro, *, context=None):
        """Run code in the embedded event loop."""
        if events._get_running_loop() is not None:
            # fail fast with short traceback
>           raise RuntimeError(
                "Runner.run() cannot be called from a running event loop")
E           RuntimeError: Runner.run() cannot be called from a running event loop

C:\Python314\Lib\asyncio\runners.py:91: RuntimeError
______________ TestEnvironmentHandlers.test_handle_init_standard ______________

self = <Coroutine test_handle_init_standard>

    def runtest(self) -> None:
        runner_fixture_id = f"_{self._loop_scope}_scoped_runner"
        runner = self._request.getfixturevalue(runner_fixture_id)
        context = contextvars.copy_context()
        synchronized_obj = _synchronize_coroutine(
            getattr(*self._synchronization_target_attr), runner, context
        )
        with MonkeyPatch.context() as c:
            c.setattr(*self._synchronization_target_attr, synchronized_obj)
>           super().runtest()

C:\Users\najee\AppData\Roaming\Python\Python314\site-packages\pytest_asyncio\plugin.py:469: 
_ _ _ _ _ _ _ _ _ _ _ _ _ _ _ _ _ _ _ _ _ _ _ _ _ _ _ _ _ _ _ _ _ _ _ _ _ _ _ _
C:\Users\najee\AppData\Roaming\Python\Python314\site-packages\pytest_asyncio\plugin.py:716: in inner
    runner.run(coro, context=context)
_ _ _ _ _ _ _ _ _ _ _ _ _ _ _ _ _ _ _ _ _ _ _ _ _ _ _ _ _ _ _ _ _ _ _ _ _ _ _ _

self = <asyncio.runners.Runner object at 0x000002A0A367A750>
coro = <coroutine object TestEnvironmentHandlers.test_handle_init_standard at 0x000002A0A3561C40>

    def run(self, coro, *, context=None):
        """Run code in the embedded event loop."""
        if events._get_running_loop() is not None:
            # fail fast with short traceback
>           raise RuntimeError(
                "Runner.run() cannot be called from a running event loop")
E           RuntimeError: Runner.run() cannot be called from a running event loop

C:\Python314\Lib\asyncio\runners.py:91: RuntimeError
______________ TestEnvironmentHandlers.test_handle_init_scaffold ______________

self = <Coroutine test_handle_init_scaffold>

    def runtest(self) -> None:
        runner_fixture_id = f"_{self._loop_scope}_scoped_runner"
        runner = self._request.getfixturevalue(runner_fixture_id)
        context = contextvars.copy_context()
        synchronized_obj = _synchronize_coroutine(
            getattr(*self._synchronization_target_attr), runner, context
        )
        with MonkeyPatch.context() as c:
            c.setattr(*self._synchronization_target_attr, synchronized_obj)
>           super().runtest()

C:\Users\najee\AppData\Roaming\Python\Python314\site-packages\pytest_asyncio\plugin.py:469: 
_ _ _ _ _ _ _ _ _ _ _ _ _ _ _ _ _ _ _ _ _ _ _ _ _ _ _ _ _ _ _ _ _ _ _ _ _ _ _ _
C:\Users\najee\AppData\Roaming\Python\Python314\site-packages\pytest_asyncio\plugin.py:716: in inner
    runner.run(coro, context=context)
_ _ _ _ _ _ _ _ _ _ _ _ _ _ _ _ _ _ _ _ _ _ _ _ _ _ _ _ _ _ _ _ _ _ _ _ _ _ _ _

self = <asyncio.runners.Runner object at 0x000002A0A35A6A50>
coro = <coroutine object TestEnvironmentHandlers.test_handle_init_scaffold at 0x000002A0A3562340>

    def run(self, coro, *, context=None):
        """Run code in the embedded event loop."""
        if events._get_running_loop() is not None:
            # fail fast with short traceback
>           raise RuntimeError(
                "Runner.run() cannot be called from a running event loop")
E           RuntimeError: Runner.run() cannot be called from a running event loop

C:\Python314\Lib\asyncio\runners.py:91: RuntimeError
_________________ TestEnvironmentHandlers.test_handle_install _________________

self = <Coroutine test_handle_install>

    def runtest(self) -> None:
        runner_fixture_id = f"_{self._loop_scope}_scoped_runner"
        runner = self._request.getfixturevalue(runner_fixture_id)
        context = contextvars.copy_context()
        synchronized_obj = _synchronize_coroutine(
            getattr(*self._synchronization_target_attr), runner, context
        )
        with MonkeyPatch.context() as c:
            c.setattr(*self._synchronization_target_attr, synchronized_obj)
>           super().runtest()

C:\Users\najee\AppData\Roaming\Python\Python314\site-packages\pytest_asyncio\plugin.py:469: 
_ _ _ _ _ _ _ _ _ _ _ _ _ _ _ _ _ _ _ _ _ _ _ _ _ _ _ _ _ _ _ _ _ _ _ _ _ _ _ _
C:\Users\najee\AppData\Roaming\Python\Python314\site-packages\pytest_asyncio\plugin.py:716: in inner
    runner.run(coro, context=context)
_ _ _ _ _ _ _ _ _ _ _ _ _ _ _ _ _ _ _ _ _ _ _ _ _ _ _ _ _ _ _ _ _ _ _ _ _ _ _ _

self = <asyncio.runners.Runner object at 0x000002A0A35CF950>
coro = <coroutine object TestEnvironmentHandlers.test_handle_install at 0x000002A0A3562A40>

    def run(self, coro, *, context=None):
        """Run code in the embedded event loop."""
        if events._get_running_loop() is not None:
            # fail fast with short traceback
>           raise RuntimeError(
                "Runner.run() cannot be called from a running event loop")
E           RuntimeError: Runner.run() cannot be called from a running event loop

C:\Python314\Lib\asyncio\runners.py:91: RuntimeError
______________ TestEnvironmentHandlers.test_handle_registry_sync ______________

self = <Coroutine test_handle_registry_sync>

    def runtest(self) -> None:
        runner_fixture_id = f"_{self._loop_scope}_scoped_runner"
        runner = self._request.getfixturevalue(runner_fixture_id)
        context = contextvars.copy_context()
        synchronized_obj = _synchronize_coroutine(
            getattr(*self._synchronization_target_attr), runner, context
        )
        with MonkeyPatch.context() as c:
            c.setattr(*self._synchronization_target_attr, synchronized_obj)
>           super().runtest()

C:\Users\najee\AppData\Roaming\Python\Python314\site-packages\pytest_asyncio\plugin.py:469: 
_ _ _ _ _ _ _ _ _ _ _ _ _ _ _ _ _ _ _ _ _ _ _ _ _ _ _ _ _ _ _ _ _ _ _ _ _ _ _ _
C:\Users\najee\AppData\Roaming\Python\Python314\site-packages\pytest_asyncio\plugin.py:716: in inner
    runner.run(coro, context=context)
_ _ _ _ _ _ _ _ _ _ _ _ _ _ _ _ _ _ _ _ _ _ _ _ _ _ _ _ _ _ _ _ _ _ _ _ _ _ _ _

self = <asyncio.runners.Runner object at 0x000002A0A35CE0D0>
coro = <coroutine object TestEnvironmentHandlers.test_handle_registry_sync at 0x000002A0A3563140>

    def run(self, coro, *, context=None):
        """Run code in the embedded event loop."""
        if events._get_running_loop() is not None:
            # fail fast with short traceback
>           raise RuntimeError(
                "Runner.run() cannot be called from a running event loop")
E           RuntimeError: Runner.run() cannot be called from a running event loop

C:\Python314\Lib\asyncio\runners.py:91: RuntimeError
_______________ TestEnvironmentHandlers.test_handle_plugin_list _______________

self = <Coroutine test_handle_plugin_list>

    def runtest(self) -> None:
        runner_fixture_id = f"_{self._loop_scope}_scoped_runner"
        runner = self._request.getfixturevalue(runner_fixture_id)
        context = contextvars.copy_context()
        synchronized_obj = _synchronize_coroutine(
            getattr(*self._synchronization_target_attr), runner, context
        )
        with MonkeyPatch.context() as c:
            c.setattr(*self._synchronization_target_attr, synchronized_obj)
>           super().runtest()

C:\Users\najee\AppData\Roaming\Python\Python314\site-packages\pytest_asyncio\plugin.py:469: 
_ _ _ _ _ _ _ _ _ _ _ _ _ _ _ _ _ _ _ _ _ _ _ _ _ _ _ _ _ _ _ _ _ _ _ _ _ _ _ _
C:\Users\najee\AppData\Roaming\Python\Python314\site-packages\pytest_asyncio\plugin.py:716: in inner
    runner.run(coro, context=context)
_ _ _ _ _ _ _ _ _ _ _ _ _ _ _ _ _ _ _ _ _ _ _ _ _ _ _ _ _ _ _ _ _ _ _ _ _ _ _ _

self = <asyncio.runners.Runner object at 0x000002A0A35CEB50>
coro = <coroutine object TestEnvironmentHandlers.test_handle_plugin_list at 0x000002A0A3639900>

    def run(self, coro, *, context=None):
        """Run code in the embedded event loop."""
        if events._get_running_loop() is not None:
            # fail fast with short traceback
>           raise RuntimeError(
                "Runner.run() cannot be called from a running event loop")
E           RuntimeError: Runner.run() cannot be called from a running event loop

C:\Python314\Lib\asyncio\runners.py:91: RuntimeError
_________ TestEnvironmentHandlers.test_handle_plugin_register_success _________

self = <Coroutine test_handle_plugin_register_success>

    def runtest(self) -> None:
        runner_fixture_id = f"_{self._loop_scope}_scoped_runner"
        runner = self._request.getfixturevalue(runner_fixture_id)
        context = contextvars.copy_context()
        synchronized_obj = _synchronize_coroutine(
            getattr(*self._synchronization_target_attr), runner, context
        )
        with MonkeyPatch.context() as c:
            c.setattr(*self._synchronization_target_attr, synchronized_obj)
>           super().runtest()

C:\Users\najee\AppData\Roaming\Python\Python314\site-packages\pytest_asyncio\plugin.py:469: 
_ _ _ _ _ _ _ _ _ _ _ _ _ _ _ _ _ _ _ _ _ _ _ _ _ _ _ _ _ _ _ _ _ _ _ _ _ _ _ _
C:\Users\najee\AppData\Roaming\Python\Python314\site-packages\pytest_asyncio\plugin.py:716: in inner
    runner.run(coro, context=context)
_ _ _ _ _ _ _ _ _ _ _ _ _ _ _ _ _ _ _ _ _ _ _ _ _ _ _ _ _ _ _ _ _ _ _ _ _ _ _ _

self = <asyncio.runners.Runner object at 0x000002A0A3686B50>
coro = <coroutine object TestEnvironmentHandlers.test_handle_plugin_register_success at 0x000002A0A35103C0>

    def run(self, coro, *, context=None):
        """Run code in the embedded event loop."""
        if events._get_running_loop() is not None:
            # fail fast with short traceback
>           raise RuntimeError(
                "Runner.run() cannot be called from a running event loop")
E           RuntimeError: Runner.run() cannot be called from a running event loop

C:\Python314\Lib\asyncio\runners.py:91: RuntimeError
____________ TestEnvironmentHandlers.test_handle_plugin_unregister ____________

self = <Coroutine test_handle_plugin_unregister>

    def runtest(self) -> None:
        runner_fixture_id = f"_{self._loop_scope}_scoped_runner"
        runner = self._request.getfixturevalue(runner_fixture_id)
        context = contextvars.copy_context()
        synchronized_obj = _synchronize_coroutine(
            getattr(*self._synchronization_target_attr), runner, context
        )
        with MonkeyPatch.context() as c:
            c.setattr(*self._synchronization_target_attr, synchronized_obj)
>           super().runtest()

C:\Users\najee\AppData\Roaming\Python\Python314\site-packages\pytest_asyncio\plugin.py:469: 
_ _ _ _ _ _ _ _ _ _ _ _ _ _ _ _ _ _ _ _ _ _ _ _ _ _ _ _ _ _ _ _ _ _ _ _ _ _ _ _
C:\Users\najee\AppData\Roaming\Python\Python314\site-packages\pytest_asyncio\plugin.py:716: in inner
    runner.run(coro, context=context)
_ _ _ _ _ _ _ _ _ _ _ _ _ _ _ _ _ _ _ _ _ _ _ _ _ _ _ _ _ _ _ _ _ _ _ _ _ _ _ _

self = <asyncio.runners.Runner object at 0x000002A0A35CF650>
coro = <coroutine object TestEnvironmentHandlers.test_handle_plugin_unregister at 0x000002A0A3574430>

    def run(self, coro, *, context=None):
        """Run code in the embedded event loop."""
        if events._get_running_loop() is not None:
            # fail fast with short traceback
>           raise RuntimeError(
                "Runner.run() cannot be called from a running event loop")
E           RuntimeError: Runner.run() cannot be called from a running event loop

C:\Python314\Lib\asyncio\runners.py:91: RuntimeError
_________________ TestEnvironmentHandlers.test_handle_doctor __________________

self = <Coroutine test_handle_doctor>

    def runtest(self) -> None:
        runner_fixture_id = f"_{self._loop_scope}_scoped_runner"
        runner = self._request.getfixturevalue(runner_fixture_id)
        context = contextvars.copy_context()
        synchronized_obj = _synchronize_coroutine(
            getattr(*self._synchronization_target_attr), runner, context
        )
        with MonkeyPatch.context() as c:
            c.setattr(*self._synchronization_target_attr, synchronized_obj)
>           super().runtest()

C:\Users\najee\AppData\Roaming\Python\Python314\site-packages\pytest_asyncio\plugin.py:469: 
_ _ _ _ _ _ _ _ _ _ _ _ _ _ _ _ _ _ _ _ _ _ _ _ _ _ _ _ _ _ _ _ _ _ _ _ _ _ _ _
C:\Users\najee\AppData\Roaming\Python\Python314\site-packages\pytest_asyncio\plugin.py:716: in inner
    runner.run(coro, context=context)
_ _ _ _ _ _ _ _ _ _ _ _ _ _ _ _ _ _ _ _ _ _ _ _ _ _ _ _ _ _ _ _ _ _ _ _ _ _ _ _

self = <asyncio.runners.Runner object at 0x000002A0A35A4350>
coro = <coroutine object TestEnvironmentHandlers.test_handle_doctor at 0x000002A0A3644B40>

    def run(self, coro, *, context=None):
        """Run code in the embedded event loop."""
        if events._get_running_loop() is not None:
            # fail fast with short traceback
>           raise RuntimeError(
                "Runner.run() cannot be called from a running event loop")
E           RuntimeError: Runner.run() cannot be called from a running event loop

C:\Python314\Lib\asyncio\runners.py:91: RuntimeError
______________ TestEnvironmentHandlers.test_handle_registry_add _______________

self = <Coroutine test_handle_registry_add>

    def runtest(self) -> None:
        runner_fixture_id = f"_{self._loop_scope}_scoped_runner"
        runner = self._request.getfixturevalue(runner_fixture_id)
        context = contextvars.copy_context()
        synchronized_obj = _synchronize_coroutine(
            getattr(*self._synchronization_target_attr), runner, context
        )
        with MonkeyPatch.context() as c:
            c.setattr(*self._synchronization_target_attr, synchronized_obj)
>           super().runtest()

C:\Users\najee\AppData\Roaming\Python\Python314\site-packages\pytest_asyncio\plugin.py:469: 
_ _ _ _ _ _ _ _ _ _ _ _ _ _ _ _ _ _ _ _ _ _ _ _ _ _ _ _ _ _ _ _ _ _ _ _ _ _ _ _
C:\Users\najee\AppData\Roaming\Python\Python314\site-packages\pytest_asyncio\plugin.py:716: in inner
    runner.run(coro, context=context)
_ _ _ _ _ _ _ _ _ _ _ _ _ _ _ _ _ _ _ _ _ _ _ _ _ _ _ _ _ _ _ _ _ _ _ _ _ _ _ _

self = <asyncio.runners.Runner object at 0x000002A0A35A45D0>
coro = <coroutine object TestEnvironmentHandlers.test_handle_registry_add at 0x000002A0A3645240>

    def run(self, coro, *, context=None):
        """Run code in the embedded event loop."""
        if events._get_running_loop() is not None:
            # fail fast with short traceback
>           raise RuntimeError(
                "Runner.run() cannot be called from a running event loop")
E           RuntimeError: Runner.run() cannot be called from a running event loop

C:\Python314\Lib\asyncio\runners.py:91: RuntimeError
_____________ TestEnvironmentHandlers.test_handle_registry_search _____________

self = <Coroutine test_handle_registry_search>

    def runtest(self) -> None:
        runner_fixture_id = f"_{self._loop_scope}_scoped_runner"
        runner = self._request.getfixturevalue(runner_fixture_id)
        context = contextvars.copy_context()
        synchronized_obj = _synchronize_coroutine(
            getattr(*self._synchronization_target_attr), runner, context
        )
        with MonkeyPatch.context() as c:
            c.setattr(*self._synchronization_target_attr, synchronized_obj)
>           super().runtest()

C:\Users\najee\AppData\Roaming\Python\Python314\site-packages\pytest_asyncio\plugin.py:469: 
_ _ _ _ _ _ _ _ _ _ _ _ _ _ _ _ _ _ _ _ _ _ _ _ _ _ _ _ _ _ _ _ _ _ _ _ _ _ _ _
C:\Users\najee\AppData\Roaming\Python\Python314\site-packages\pytest_asyncio\plugin.py:716: in inner
    runner.run(coro, context=context)
_ _ _ _ _ _ _ _ _ _ _ _ _ _ _ _ _ _ _ _ _ _ _ _ _ _ _ _ _ _ _ _ _ _ _ _ _ _ _ _

self = <asyncio.runners.Runner object at 0x000002A0A36856D0>
coro = <coroutine object TestEnvironmentHandlers.test_handle_registry_search at 0x000002A0A3645940>

    def run(self, coro, *, context=None):
        """Run code in the embedded event loop."""
        if events._get_running_loop() is not None:
            # fail fast with short traceback
>           raise RuntimeError(
                "Runner.run() cannot be called from a running event loop")
E           RuntimeError: Runner.run() cannot be called from a running event loop

C:\Python314\Lib\asyncio\runners.py:91: RuntimeError
_______________ TestEnvironmentHandlers.test_handle_ci_generate _______________

self = <Coroutine test_handle_ci_generate>

    def runtest(self) -> None:
        runner_fixture_id = f"_{self._loop_scope}_scoped_runner"
        runner = self._request.getfixturevalue(runner_fixture_id)
        context = contextvars.copy_context()
        synchronized_obj = _synchronize_coroutine(
            getattr(*self._synchronization_target_attr), runner, context
        )
        with MonkeyPatch.context() as c:
            c.setattr(*self._synchronization_target_attr, synchronized_obj)
>           super().runtest()

C:\Users\najee\AppData\Roaming\Python\Python314\site-packages\pytest_asyncio\plugin.py:469: 
_ _ _ _ _ _ _ _ _ _ _ _ _ _ _ _ _ _ _ _ _ _ _ _ _ _ _ _ _ _ _ _ _ _ _ _ _ _ _ _
C:\Users\najee\AppData\Roaming\Python\Python314\site-packages\pytest_asyncio\plugin.py:716: in inner
    runner.run(coro, context=context)
_ _ _ _ _ _ _ _ _ _ _ _ _ _ _ _ _ _ _ _ _ _ _ _ _ _ _ _ _ _ _ _ _ _ _ _ _ _ _ _

self = <asyncio.runners.Runner object at 0x000002A0A367BA50>
coro = <coroutine object TestEnvironmentHandlers.test_handle_ci_generate at 0x000002A0A3646040>

    def run(self, coro, *, context=None):
        """Run code in the embedded event loop."""
        if events._get_running_loop() is not None:
            # fail fast with short traceback
>           raise RuntimeError(
                "Runner.run() cannot be called from a running event loop")
E           RuntimeError: Runner.run() cannot be called from a running event loop

C:\Python314\Lib\asyncio\runners.py:91: RuntimeError
______________ TestEnvironmentHandlers.test_handle_cleanup_runs _______________

self = <Coroutine test_handle_cleanup_runs>

    def runtest(self) -> None:
        runner_fixture_id = f"_{self._loop_scope}_scoped_runner"
        runner = self._request.getfixturevalue(runner_fixture_id)
        context = contextvars.copy_context()
        synchronized_obj = _synchronize_coroutine(
            getattr(*self._synchronization_target_attr), runner, context
        )
        with MonkeyPatch.context() as c:
            c.setattr(*self._synchronization_target_attr, synchronized_obj)
>           super().runtest()

C:\Users\najee\AppData\Roaming\Python\Python314\site-packages\pytest_asyncio\plugin.py:469: 
_ _ _ _ _ _ _ _ _ _ _ _ _ _ _ _ _ _ _ _ _ _ _ _ _ _ _ _ _ _ _ _ _ _ _ _ _ _ _ _
C:\Users\najee\AppData\Roaming\Python\Python314\site-packages\pytest_asyncio\plugin.py:716: in inner
    runner.run(coro, context=context)
_ _ _ _ _ _ _ _ _ _ _ _ _ _ _ _ _ _ _ _ _ _ _ _ _ _ _ _ _ _ _ _ _ _ _ _ _ _ _ _

self = <asyncio.runners.Runner object at 0x000002A0A37394D0>
coro = <coroutine object TestEnvironmentHandlers.test_handle_cleanup_runs at 0x000002A0A3646740>

    def run(self, coro, *, context=None):
        """Run code in the embedded event loop."""
        if events._get_running_loop() is not None:
            # fail fast with short traceback
>           raise RuntimeError(
                "Runner.run() cannot be called from a running event loop")
E           RuntimeError: Runner.run() cannot be called from a running event loop

C:\Python314\Lib\asyncio\runners.py:91: RuntimeError
_________________ TestEnvironmentHandlers.test_handle_export __________________

self = <Coroutine test_handle_export>

    def runtest(self) -> None:
        runner_fixture_id = f"_{self._loop_scope}_scoped_runner"
        runner = self._request.getfixturevalue(runner_fixture_id)
        context = contextvars.copy_context()
        synchronized_obj = _synchronize_coroutine(
            getattr(*self._synchronization_target_attr), runner, context
        )
        with MonkeyPatch.context() as c:
            c.setattr(*self._synchronization_target_attr, synchronized_obj)
>           super().runtest()

C:\Users\najee\AppData\Roaming\Python\Python314\site-packages\pytest_asyncio\plugin.py:469: 
_ _ _ _ _ _ _ _ _ _ _ _ _ _ _ _ _ _ _ _ _ _ _ _ _ _ _ _ _ _ _ _ _ _ _ _ _ _ _ _
C:\Users\najee\AppData\Roaming\Python\Python314\site-packages\pytest_asyncio\plugin.py:716: in inner
    runner.run(coro, context=context)
_ _ _ _ _ _ _ _ _ _ _ _ _ _ _ _ _ _ _ _ _ _ _ _ _ _ _ _ _ _ _ _ _ _ _ _ _ _ _ _

self = <asyncio.runners.Runner object at 0x000002A0A3687ED0>
coro = <coroutine object TestEnvironmentHandlers.test_handle_export at 0x000002A0A3646E40>

    def run(self, coro, *, context=None):
        """Run code in the embedded event loop."""
        if events._get_running_loop() is not None:
            # fail fast with short traceback
>           raise RuntimeError(
                "Runner.run() cannot be called from a running event loop")
E           RuntimeError: Runner.run() cannot be called from a running event loop

C:\Python314\Lib\asyncio\runners.py:91: RuntimeError
_____________ TestEnvironmentHandlers.test_handle_failures_search _____________

self = <Coroutine test_handle_failures_search>

    def runtest(self) -> None:
        runner_fixture_id = f"_{self._loop_scope}_scoped_runner"
        runner = self._request.getfixturevalue(runner_fixture_id)
        context = contextvars.copy_context()
        synchronized_obj = _synchronize_coroutine(
            getattr(*self._synchronization_target_attr), runner, context
        )
        with MonkeyPatch.context() as c:
            c.setattr(*self._synchronization_target_attr, synchronized_obj)
>           super().runtest()

C:\Users\najee\AppData\Roaming\Python\Python314\site-packages\pytest_asyncio\plugin.py:469: 
_ _ _ _ _ _ _ _ _ _ _ _ _ _ _ _ _ _ _ _ _ _ _ _ _ _ _ _ _ _ _ _ _ _ _ _ _ _ _ _
C:\Users\najee\AppData\Roaming\Python\Python314\site-packages\pytest_asyncio\plugin.py:716: in inner
    runner.run(coro, context=context)
_ _ _ _ _ _ _ _ _ _ _ _ _ _ _ _ _ _ _ _ _ _ _ _ _ _ _ _ _ _ _ _ _ _ _ _ _ _ _ _

self = <asyncio.runners.Runner object at 0x000002A0A35A4CD0>
coro = <coroutine object TestEnvironmentHandlers.test_handle_failures_search at 0x000002A0A3647540>

    def run(self, coro, *, context=None):
        """Run code in the embedded event loop."""
        if events._get_running_loop() is not None:
            # fail fast with short traceback
>           raise RuntimeError(
                "Runner.run() cannot be called from a running event loop")
E           RuntimeError: Runner.run() cannot be called from a running event loop

C:\Python314\Lib\asyncio\runners.py:91: RuntimeError
_____________ TestEnvironmentHandlers.test_handle_auto_translate ______________

self = <Coroutine test_handle_auto_translate>

    def runtest(self) -> None:
        runner_fixture_id = f"_{self._loop_scope}_scoped_runner"
        runner = self._request.getfixturevalue(runner_fixture_id)
        context = contextvars.copy_context()
        synchronized_obj = _synchronize_coroutine(
            getattr(*self._synchronization_target_attr), runner, context
        )
        with MonkeyPatch.context() as c:
            c.setattr(*self._synchronization_target_attr, synchronized_obj)
>           super().runtest()

C:\Users\najee\AppData\Roaming\Python\Python314\site-packages\pytest_asyncio\plugin.py:469: 
_ _ _ _ _ _ _ _ _ _ _ _ _ _ _ _ _ _ _ _ _ _ _ _ _ _ _ _ _ _ _ _ _ _ _ _ _ _ _ _
C:\Users\najee\AppData\Roaming\Python\Python314\site-packages\pytest_asyncio\plugin.py:716: in inner
    runner.run(coro, context=context)
_ _ _ _ _ _ _ _ _ _ _ _ _ _ _ _ _ _ _ _ _ _ _ _ _ _ _ _ _ _ _ _ _ _ _ _ _ _ _ _

self = <asyncio.runners.Runner object at 0x000002A0A36797D0>
coro = <coroutine object TestEnvironmentHandlers.test_handle_auto_translate at 0x000002A0A3575E70>

    def run(self, coro, *, context=None):
        """Run code in the embedded event loop."""
        if events._get_running_loop() is not None:
            # fail fast with short traceback
>           raise RuntimeError(
                "Runner.run() cannot be called from a running event loop")
E           RuntimeError: Runner.run() cannot be called from a running event loop

C:\Python314\Lib\asyncio\runners.py:91: RuntimeError
_________ TestEnvironmentHandlers.test_handle_plugin_register_errors __________

self = <Coroutine test_handle_plugin_register_errors>

    def runtest(self) -> None:
        runner_fixture_id = f"_{self._loop_scope}_scoped_runner"
        runner = self._request.getfixturevalue(runner_fixture_id)
        context = contextvars.copy_context()
        synchronized_obj = _synchronize_coroutine(
            getattr(*self._synchronization_target_attr), runner, context
        )
        with MonkeyPatch.context() as c:
            c.setattr(*self._synchronization_target_attr, synchronized_obj)
>           super().runtest()

C:\Users\najee\AppData\Roaming\Python\Python314\site-packages\pytest_asyncio\plugin.py:469: 
_ _ _ _ _ _ _ _ _ _ _ _ _ _ _ _ _ _ _ _ _ _ _ _ _ _ _ _ _ _ _ _ _ _ _ _ _ _ _ _
C:\Users\najee\AppData\Roaming\Python\Python314\site-packages\pytest_asyncio\plugin.py:716: in inner
    runner.run(coro, context=context)
_ _ _ _ _ _ _ _ _ _ _ _ _ _ _ _ _ _ _ _ _ _ _ _ _ _ _ _ _ _ _ _ _ _ _ _ _ _ _ _

self = <asyncio.runners.Runner object at 0x000002A0A35A7050>
coro = <coroutine object TestEnvironmentHandlers.test_handle_plugin_register_errors at 0x000002A0A34AE980>

    def run(self, coro, *, context=None):
        """Run code in the embedded event loop."""
        if events._get_running_loop() is not None:
            # fail fast with short traceback
>           raise RuntimeError(
                "Runner.run() cannot be called from a running event loop")
E           RuntimeError: Runner.run() cannot be called from a running event loop

C:\Python314\Lib\asyncio\runners.py:91: RuntimeError
________ TestEnvironmentHandlers.test_handle_plugin_unregister_missing ________

self = <Coroutine test_handle_plugin_unregister_missing>

    def runtest(self) -> None:
        runner_fixture_id = f"_{self._loop_scope}_scoped_runner"
        runner = self._request.getfixturevalue(runner_fixture_id)
        context = contextvars.copy_context()
        synchronized_obj = _synchronize_coroutine(
            getattr(*self._synchronization_target_attr), runner, context
        )
        with MonkeyPatch.context() as c:
            c.setattr(*self._synchronization_target_attr, synchronized_obj)
>           super().runtest()

C:\Users\najee\AppData\Roaming\Python\Python314\site-packages\pytest_asyncio\plugin.py:469: 
_ _ _ _ _ _ _ _ _ _ _ _ _ _ _ _ _ _ _ _ _ _ _ _ _ _ _ _ _ _ _ _ _ _ _ _ _ _ _ _
C:\Users\najee\AppData\Roaming\Python\Python314\site-packages\pytest_asyncio\plugin.py:716: in inner
    runner.run(coro, context=context)
_ _ _ _ _ _ _ _ _ _ _ _ _ _ _ _ _ _ _ _ _ _ _ _ _ _ _ _ _ _ _ _ _ _ _ _ _ _ _ _

self = <asyncio.runners.Runner object at 0x000002A0A35A4750>
coro = <coroutine object TestEnvironmentHandlers.test_handle_plugin_unregister_missing at 0x000002A0A35768F0>

    def run(self, coro, *, context=None):
        """Run code in the embedded event loop."""
        if events._get_running_loop() is not None:
            # fail fast with short traceback
>           raise RuntimeError(
                "Runner.run() cannot be called from a running event loop")
E           RuntimeError: Runner.run() cannot be called from a running event loop

C:\Python314\Lib\asyncio\runners.py:91: RuntimeError
_________________________ test_handle_gate_missing_vc _________________________

self = <Coroutine test_handle_gate_missing_vc>

    def runtest(self) -> None:
        runner_fixture_id = f"_{self._loop_scope}_scoped_runner"
        runner = self._request.getfixturevalue(runner_fixture_id)
        context = contextvars.copy_context()
        synchronized_obj = _synchronize_coroutine(
            getattr(*self._synchronization_target_attr), runner, context
        )
        with MonkeyPatch.context() as c:
            c.setattr(*self._synchronization_target_attr, synchronized_obj)
>           super().runtest()

..\..\..\..\AppData\Roaming\Python\Python314\site-packages\pytest_asyncio\plugin.py:469: 
_ _ _ _ _ _ _ _ _ _ _ _ _ _ _ _ _ _ _ _ _ _ _ _ _ _ _ _ _ _ _ _ _ _ _ _ _ _ _ _
..\..\..\..\AppData\Roaming\Python\Python314\site-packages\pytest_asyncio\plugin.py:716: in inner
    runner.run(coro, context=context)
_ _ _ _ _ _ _ _ _ _ _ _ _ _ _ _ _ _ _ _ _ _ _ _ _ _ _ _ _ _ _ _ _ _ _ _ _ _ _ _

self = <asyncio.runners.Runner object at 0x000002A0A35A6850>
coro = <coroutine object test_handle_gate_missing_vc at 0x000002A0A356E430>

    def run(self, coro, *, context=None):
        """Run code in the embedded event loop."""
        if events._get_running_loop() is not None:
            # fail fast with short traceback
>           raise RuntimeError(
                "Runner.run() cannot be called from a running event loop")
E           RuntimeError: Runner.run() cannot be called from a running event loop

C:\Python314\Lib\asyncio\runners.py:91: RuntimeError
__________________________ test_handle_gate_success ___________________________

self = <Coroutine test_handle_gate_success>

    def runtest(self) -> None:
        runner_fixture_id = f"_{self._loop_scope}_scoped_runner"
        runner = self._request.getfixturevalue(runner_fixture_id)
        context = contextvars.copy_context()
        synchronized_obj = _synchronize_coroutine(
            getattr(*self._synchronization_target_attr), runner, context
        )
        with MonkeyPatch.context() as c:
            c.setattr(*self._synchronization_target_attr, synchronized_obj)
>           super().runtest()

..\..\..\..\AppData\Roaming\Python\Python314\site-packages\pytest_asyncio\plugin.py:469: 
_ _ _ _ _ _ _ _ _ _ _ _ _ _ _ _ _ _ _ _ _ _ _ _ _ _ _ _ _ _ _ _ _ _ _ _ _ _ _ _
..\..\..\..\AppData\Roaming\Python\Python314\site-packages\pytest_asyncio\plugin.py:716: in inner
    runner.run(coro, context=context)
_ _ _ _ _ _ _ _ _ _ _ _ _ _ _ _ _ _ _ _ _ _ _ _ _ _ _ _ _ _ _ _ _ _ _ _ _ _ _ _

self = <asyncio.runners.Runner object at 0x000002A0A37385D0>
coro = <coroutine object test_handle_gate_success at 0x000002A0A364AA70>

    def run(self, coro, *, context=None):
        """Run code in the embedded event loop."""
        if events._get_running_loop() is not None:
            # fail fast with short traceback
>           raise RuntimeError(
                "Runner.run() cannot be called from a running event loop")
E           RuntimeError: Runner.run() cannot be called from a running event loop

C:\Python314\Lib\asyncio\runners.py:91: RuntimeError
_______________________ test_handle_gate_hash_mismatch ________________________

self = <Coroutine test_handle_gate_hash_mismatch>

    def runtest(self) -> None:
        runner_fixture_id = f"_{self._loop_scope}_scoped_runner"
        runner = self._request.getfixturevalue(runner_fixture_id)
        context = contextvars.copy_context()
        synchronized_obj = _synchronize_coroutine(
            getattr(*self._synchronization_target_attr), runner, context
        )
        with MonkeyPatch.context() as c:
            c.setattr(*self._synchronization_target_attr, synchronized_obj)
>           super().runtest()

..\..\..\..\AppData\Roaming\Python\Python314\site-packages\pytest_asyncio\plugin.py:469: 
_ _ _ _ _ _ _ _ _ _ _ _ _ _ _ _ _ _ _ _ _ _ _ _ _ _ _ _ _ _ _ _ _ _ _ _ _ _ _ _
..\..\..\..\AppData\Roaming\Python\Python314\site-packages\pytest_asyncio\plugin.py:716: in inner
    runner.run(coro, context=context)
_ _ _ _ _ _ _ _ _ _ _ _ _ _ _ _ _ _ _ _ _ _ _ _ _ _ _ _ _ _ _ _ _ _ _ _ _ _ _ _

self = <asyncio.runners.Runner object at 0x000002A0A373A350>
coro = <coroutine object test_handle_gate_hash_mismatch at 0x000002A0A364B0B0>

    def run(self, coro, *, context=None):
        """Run code in the embedded event loop."""
        if events._get_running_loop() is not None:
            # fail fast with short traceback
>           raise RuntimeError(
                "Runner.run() cannot be called from a running event loop")
E           RuntimeError: Runner.run() cannot be called from a running event loop

C:\Python314\Lib\asyncio\runners.py:91: RuntimeError
_____________________ test_handle_gate_asymmetric_success _____________________

self = <Coroutine test_handle_gate_asymmetric_success>

    def runtest(self) -> None:
        runner_fixture_id = f"_{self._loop_scope}_scoped_runner"
        runner = self._request.getfixturevalue(runner_fixture_id)
        context = contextvars.copy_context()
        synchronized_obj = _synchronize_coroutine(
            getattr(*self._synchronization_target_attr), runner, context
        )
        with MonkeyPatch.context() as c:
            c.setattr(*self._synchronization_target_attr, synchronized_obj)
>           super().runtest()

..\..\..\..\AppData\Roaming\Python\Python314\site-packages\pytest_asyncio\plugin.py:469: 
_ _ _ _ _ _ _ _ _ _ _ _ _ _ _ _ _ _ _ _ _ _ _ _ _ _ _ _ _ _ _ _ _ _ _ _ _ _ _ _
..\..\..\..\AppData\Roaming\Python\Python314\site-packages\pytest_asyncio\plugin.py:716: in inner
    runner.run(coro, context=context)
_ _ _ _ _ _ _ _ _ _ _ _ _ _ _ _ _ _ _ _ _ _ _ _ _ _ _ _ _ _ _ _ _ _ _ _ _ _ _ _

self = <asyncio.runners.Runner object at 0x000002A0A367AC50>
coro = <coroutine object test_handle_gate_asymmetric_success at 0x000002A0A3649940>

    def run(self, coro, *, context=None):
        """Run code in the embedded event loop."""
        if events._get_running_loop() is not None:
            # fail fast with short traceback
>           raise RuntimeError(
                "Runner.run() cannot be called from a running event loop")
E           RuntimeError: Runner.run() cannot be called from a running event loop

C:\Python314\Lib\asyncio\runners.py:91: RuntimeError
__________________________ test_run_playground_error __________________________

self = <Coroutine test_run_playground_error>

    def runtest(self) -> None:
        runner_fixture_id = f"_{self._loop_scope}_scoped_runner"
        runner = self._request.getfixturevalue(runner_fixture_id)
        context = contextvars.copy_context()
        synchronized_obj = _synchronize_coroutine(
            getattr(*self._synchronization_target_attr), runner, context
        )
        with MonkeyPatch.context() as c:
            c.setattr(*self._synchronization_target_attr, synchronized_obj)
>           super().runtest()

..\..\..\..\AppData\Roaming\Python\Python314\site-packages\pytest_asyncio\plugin.py:469: 
_ _ _ _ _ _ _ _ _ _ _ _ _ _ _ _ _ _ _ _ _ _ _ _ _ _ _ _ _ _ _ _ _ _ _ _ _ _ _ _
..\..\..\..\AppData\Roaming\Python\Python314\site-packages\pytest_asyncio\plugin.py:716: in inner
    runner.run(coro, context=context)
_ _ _ _ _ _ _ _ _ _ _ _ _ _ _ _ _ _ _ _ _ _ _ _ _ _ _ _ _ _ _ _ _ _ _ _ _ _ _ _

self = <asyncio.runners.Runner object at 0x000002A0A37AAC50>
coro = <coroutine object test_run_playground_error at 0x000002A0A36410E0>

    def run(self, coro, *, context=None):
        """Run code in the embedded event loop."""
        if events._get_running_loop() is not None:
            # fail fast with short traceback
>           raise RuntimeError(
                "Runner.run() cannot be called from a running event loop")
E           RuntimeError: Runner.run() cannot be called from a running event loop

C:\Python314\Lib\asyncio\runners.py:91: RuntimeError
__________________________ test_run_quickstart_flow ___________________________

self = <Coroutine test_run_quickstart_flow>

    def runtest(self) -> None:
        runner_fixture_id = f"_{self._loop_scope}_scoped_runner"
        runner = self._request.getfixturevalue(runner_fixture_id)
        context = contextvars.copy_context()
        synchronized_obj = _synchronize_coroutine(
            getattr(*self._synchronization_target_attr), runner, context
        )
        with MonkeyPatch.context() as c:
            c.setattr(*self._synchronization_target_attr, synchronized_obj)
>           super().runtest()

..\..\..\..\AppData\Roaming\Python\Python314\site-packages\pytest_asyncio\plugin.py:469: 
_ _ _ _ _ _ _ _ _ _ _ _ _ _ _ _ _ _ _ _ _ _ _ _ _ _ _ _ _ _ _ _ _ _ _ _ _ _ _ _
..\..\..\..\AppData\Roaming\Python\Python314\site-packages\pytest_asyncio\plugin.py:716: in inner
    runner.run(coro, context=context)
_ _ _ _ _ _ _ _ _ _ _ _ _ _ _ _ _ _ _ _ _ _ _ _ _ _ _ _ _ _ _ _ _ _ _ _ _ _ _ _

self = <asyncio.runners.Runner object at 0x000002A0A37D5ED0>
coro = <coroutine object test_run_quickstart_flow at 0x000002A0A3709DF0>

    def run(self, coro, *, context=None):
        """Run code in the embedded event loop."""
        if events._get_running_loop() is not None:
            # fail fast with short traceback
>           raise RuntimeError(
                "Runner.run() cannot be called from a running event loop")
E           RuntimeError: Runner.run() cannot be called from a running event loop

C:\Python314\Lib\asyncio\runners.py:91: RuntimeError
_________________________ test_doctor_sync_loop_drift _________________________

self = <Coroutine test_doctor_sync_loop_drift>

    def runtest(self) -> None:
        runner_fixture_id = f"_{self._loop_scope}_scoped_runner"
        runner = self._request.getfixturevalue(runner_fixture_id)
        context = contextvars.copy_context()
        synchronized_obj = _synchronize_coroutine(
            getattr(*self._synchronization_target_attr), runner, context
        )
        with MonkeyPatch.context() as c:
            c.setattr(*self._synchronization_target_attr, synchronized_obj)
>           super().runtest()

..\..\..\..\AppData\Roaming\Python\Python314\site-packages\pytest_asyncio\plugin.py:469: 
_ _ _ _ _ _ _ _ _ _ _ _ _ _ _ _ _ _ _ _ _ _ _ _ _ _ _ _ _ _ _ _ _ _ _ _ _ _ _ _
..\..\..\..\AppData\Roaming\Python\Python314\site-packages\pytest_asyncio\plugin.py:716: in inner
    runner.run(coro, context=context)
_ _ _ _ _ _ _ _ _ _ _ _ _ _ _ _ _ _ _ _ _ _ _ _ _ _ _ _ _ _ _ _ _ _ _ _ _ _ _ _

self = <asyncio.runners.Runner object at 0x000002A0A36DF650>
coro = <coroutine object test_doctor_sync_loop_drift at 0x000002A0A37BC400>

    def run(self, coro, *, context=None):
        """Run code in the embedded event loop."""
        if events._get_running_loop() is not None:
            # fail fast with short traceback
>           raise RuntimeError(
                "Runner.run() cannot be called from a running event loop")
E           RuntimeError: Runner.run() cannot be called from a running event loop

C:\Python314\Lib\asyncio\runners.py:91: RuntimeError
============================== warnings summary ===============================
..\..\..\..\AppData\Roaming\Python\Python314\site-packages\langchain_core\_api\deprecation.py:25
  C:\Users\najee\AppData\Roaming\Python\Python314\site-packages\langchain_core\_api\deprecation.py:25: UserWarning: Core Pydantic V1 functionality isn't compatible with Python 3.14 or greater.
    from pydantic.v1.fields import FieldInfo as FieldInfoV1

tests/security/test_security_audit.py::test_auth_jwt_generation
tests/security/test_security_audit.py::test_auth_handoff_decorator
tests/unit/handlers/test_console_handoff.py::test_handoff_token_generation
tests/unit/handlers/test_console_handoff.py::test_handoff_endpoint
tests/unit/handlers/test_console_handoff.py::test_secure_route_protection
  C:\Users\najee\OneDrive\Documents\Projects\ai-agent-eval-harness\eval_runner\console\auth.py:16: DeprecationWarning: datetime.datetime.utcnow() is deprecated and scheduled for removal in a future version. Use timezone-aware objects to represent datetimes in UTC: datetime.datetime.now(datetime.UTC).
    "exp": datetime.datetime.utcnow() + datetime.timedelta(seconds=60),

tests/security/test_security_audit.py::test_auth_jwt_generation
tests/security/test_security_audit.py::test_auth_handoff_decorator
tests/unit/handlers/test_console_handoff.py::test_handoff_token_generation
tests/unit/handlers/test_console_handoff.py::test_handoff_endpoint
tests/unit/handlers/test_console_handoff.py::test_secure_route_protection
  C:\Users\najee\OneDrive\Documents\Projects\ai-agent-eval-harness\eval_runner\console\auth.py:17: DeprecationWarning: datetime.datetime.utcnow() is deprecated and scheduled for removal in a future version. Use timezone-aware objects to represent datetimes in UTC: datetime.datetime.now(datetime.UTC).
    "iat": datetime.datetime.utcnow(),

tests/unit/adapters/test_adapters_discovery.py: 1 warning
tests/unit/adapters/test_adapters_extended.py: 2 warnings
tests/unit/adapters/test_adapters_suite.py: 10 warnings
tests/unit/adapters/test_engine_adapters.py: 3 warnings
tests/unit/adapters/test_langchain_adapter.py: 6 warnings
tests/unit/core/test_analyzer.py: 2 warnings
tests/unit/core/test_auto_translate.py: 6 warnings
tests/unit/core/test_core_cli_doctor.py: 1 warning
tests/unit/core/test_core_infrastructure.py: 3 warnings
tests/unit/core/test_doctor.py: 5 warnings
tests/unit/core/test_engine.py: 12 warnings
tests/unit/core/test_engine_runner.py: 6 warnings
tests/unit/core/test_llm_providers.py: 4 warnings
tests/unit/core/test_llm_providers_coverage.py: 17 warnings
tests/unit/core/test_llm_providers_extra.py: 6 warnings
tests/unit/core/test_metrics.py: 4 warnings
tests/unit/core/test_metrics_extra.py: 3 warnings
tests/unit/core/test_metrics_modular.py: 1 warning
tests/unit/core/test_metrics_planning.py: 2 warnings
tests/unit/core/test_metrics_trajectory.py: 1 warning
tests/unit/core/test_placeholder_fixes.py: 4 warnings
tests/unit/core/test_session_all.py: 15 warnings
tests/unit/core/test_trace_recorder.py: 2 warnings
tests/unit/core/test_utilities.py: 2 warnings
tests/unit/handlers/test_aes.py: 3 warnings
tests/unit/handlers/test_cli.py: 2 warnings
tests/unit/handlers/test_cli_commands_extra.py: 5 warnings
tests/unit/handlers/test_cli_commands_more.py: 5 warnings
tests/unit/handlers/test_cli_extra.py: 7 warnings
tests/unit/handlers/test_cli_handlers.py: 9 warnings
tests/unit/handlers/test_cli_handlers_coverage.py: 8 warnings
tests/unit/handlers/test_cli_taxonomy.py: 4 warnings
tests/unit/handlers/test_coverage_expansion.py: 4 warnings
tests/unit/handlers/test_environment_all.py: 18 warnings
tests/unit/handlers/test_gate_cli.py: 4 warnings
tests/unit/handlers/test_playground.py: 2 warnings
tests/unit/handlers/test_quickstart.py: 1 warning
tests/unit/test_doctor_sync.py: 1 warning
  C:\Users\najee\AppData\Roaming\Python\Python314\site-packages\pytest_asyncio\plugin.py:819: RuntimeWarning: An exception occurred during teardown of an asyncio.Runner. The reason is likely that you closed the underlying event loop in a test, which prevents the cleanup of asynchronous generators by the runner.
  This warning will become an error in future versions of pytest-asyncio. Please ensure that your tests don't close the event loop. Here is the traceback of the exception triggered during teardown:
  Traceback (most recent call last):
    File "C:\Users\najee\AppData\Roaming\Python\Python314\site-packages\pytest_asyncio\plugin.py", line 817, in _scoped_runner
      runner.__exit__(None, None, None)
      ~~~~~~~~~~~~~~~^^^^^^^^^^^^^^^^^^
    File "C:\Python314\Lib\asyncio\runners.py", line 63, in __exit__
      self.close()
      ~~~~~~~~~~^^
    File "C:\Python314\Lib\asyncio\runners.py", line 72, in close
      loop.run_until_complete(loop.shutdown_asyncgens())
      ~~~~~~~~~~~~~~~~~~~~~~~^^^^^^^^^^^^^^^^^^^^^^^^^^^
    File "C:\Python314\Lib\asyncio\base_events.py", line 695, in run_until_complete
      self._check_running()
      ~~~~~~~~~~~~~~~~~~~^^
    File "C:\Python314\Lib\asyncio\base_events.py", line 633, in _check_running
      raise RuntimeError(
          'Cannot run the event loop while another loop is running')
  RuntimeError: Cannot run the event loop while another loop is running
  
  
    warnings.warn(

tests/unit/core/test_core_cli_doctor.py::test_cli_cleanup_interactive_yes
  C:\Users\najee\OneDrive\Documents\Projects\ai-agent-eval-harness\tests\unit\core\test_core_cli_doctor.py:92: RuntimeWarning: coroutine 'handle_cleanup_runs' was never awaited
    eval_runner.handlers.environment.handle_cleanup_runs(args)
  Enable tracemalloc to get traceback where the object was allocated.
  See https://docs.pytest.org/en/stable/how-to/capture-warnings.html#resource-warnings for more info.

tests/unit/handlers/test_cli_handlers_extra.py::test_handle_registry_add
  C:\Users\najee\OneDrive\Documents\Projects\ai-agent-eval-harness\tests\unit\handlers\test_cli_handlers_extra.py:23: RuntimeWarning: coroutine 'handle_registry_add' was never awaited
    environment.handle_registry_add(mock_args)
  Enable tracemalloc to get traceback where the object was allocated.
  See https://docs.pytest.org/en/stable/how-to/capture-warnings.html#resource-warnings for more info.

tests/unit/handlers/test_cli_handlers_extra.py::test_handle_registry_sync
  C:\Users\najee\OneDrive\Documents\Projects\ai-agent-eval-harness\tests\unit\handlers\test_cli_handlers_extra.py:32: RuntimeWarning: coroutine 'handle_registry_sync' was never awaited
    environment.handle_registry_sync(mock_args)
  Enable tracemalloc to get traceback where the object was allocated.
  See https://docs.pytest.org/en/stable/how-to/capture-warnings.html#resource-warnings for more info.

tests/unit/handlers/test_cli_handlers_extra.py::test_handle_ci_generate
  C:\Users\najee\OneDrive\Documents\Projects\ai-agent-eval-harness\tests\unit\handlers\test_cli_handlers_extra.py:39: RuntimeWarning: coroutine 'handle_ci_generate' was never awaited
    environment.handle_ci_generate(mock_args)
  Enable tracemalloc to get traceback where the object was allocated.
  See https://docs.pytest.org/en/stable/how-to/capture-warnings.html#resource-warnings for more info.

tests/unit/handlers/test_cli_handlers_extra.py::test_handle_install
  C:\Users\najee\OneDrive\Documents\Projects\ai-agent-eval-harness\tests\unit\handlers\test_cli_handlers_extra.py:46: RuntimeWarning: coroutine 'handle_install' was never awaited
    environment.handle_install(mock_args)
  Enable tracemalloc to get traceback where the object was allocated.
  See https://docs.pytest.org/en/stable/how-to/capture-warnings.html#resource-warnings for more info.

tests/unit/handlers/test_console.py::test_save_scenario_success
  C:\Users\najee\AppData\Roaming\Python\Python314\site-packages\werkzeug\routing\rules.py:836: RuntimeWarning: coroutine 'TestSession.test_execute_tasks_protocol_defaults' was never awaited
    code = compile(module, "<werkzeug routing>", "exec")
  Enable tracemalloc to get traceback where the object was allocated.
  See https://docs.pytest.org/en/stable/how-to/capture-warnings.html#resource-warnings for more info.

tests/unit/handlers/test_console.py::test_save_scenario_success
  C:\Users\najee\AppData\Roaming\Python\Python314\site-packages\werkzeug\routing\rules.py:836: RuntimeWarning: coroutine 'parse_markdown_to_scenario' was never awaited
    code = compile(module, "<werkzeug routing>", "exec")
  Enable tracemalloc to get traceback where the object was allocated.
  See https://docs.pytest.org/en/stable/how-to/capture-warnings.html#resource-warnings for more info.

tests/unit/handlers/test_console.py::test_save_scenario_success
  C:\Users\najee\AppData\Roaming\Python\Python314\site-packages\werkzeug\routing\rules.py:836: RuntimeWarning: coroutine 'TestSession.test_execute_tasks_loop_variants' was never awaited
    code = compile(module, "<werkzeug routing>", "exec")
  Enable tracemalloc to get traceback where the object was allocated.
  See https://docs.pytest.org/en/stable/how-to/capture-warnings.html#resource-warnings for more info.

tests/unit/handlers/test_console.py::test_save_scenario_success
  C:\Users\najee\AppData\Roaming\Python\Python314\site-packages\werkzeug\routing\rules.py:836: RuntimeWarning: coroutine 'synthesize_tasks_from_prd' was never awaited
    code = compile(module, "<werkzeug routing>", "exec")
  Enable tracemalloc to get traceback where the object was allocated.
  See https://docs.pytest.org/en/stable/how-to/capture-warnings.html#resource-warnings for more info.

tests/unit/handlers/test_console.py::test_save_scenario_success
  C:\Users\najee\AppData\Roaming\Python\Python314\site-packages\werkzeug\routing\rules.py:836: RuntimeWarning: coroutine '_wrap_asyncgen_fixture.<locals>._asyncgen_fixture_wrapper.<locals>.setup' was never awaited
    code = compile(module, "<werkzeug routing>", "exec")
  Enable tracemalloc to get traceback where the object was allocated.
  See https://docs.pytest.org/en/stable/how-to/capture-warnings.html#resource-warnings for more info.

tests/unit/handlers/test_console.py::test_save_scenario_success
  C:\Users\najee\AppData\Roaming\Python\Python314\site-packages\werkzeug\routing\rules.py:836: RuntimeWarning: coroutine 'test_record_interaction_error' was never awaited
    code = compile(module, "<werkzeug routing>", "exec")
  Enable tracemalloc to get traceback where the object was allocated.
  See https://docs.pytest.org/en/stable/how-to/capture-warnings.html#resource-warnings for more info.

tests/unit/handlers/test_console.py::test_save_scenario_success
  C:\Users\najee\AppData\Roaming\Python\Python314\site-packages\werkzeug\routing\rules.py:836: RuntimeWarning: coroutine 'test_doctor_runs_without_error' was never awaited
    code = compile(module, "<werkzeug routing>", "exec")
  Enable tracemalloc to get traceback where the object was allocated.
  See https://docs.pytest.org/en/stable/how-to/capture-warnings.html#resource-warnings for more info.

tests/unit/handlers/test_console.py::test_save_scenario_success
  C:\Users\najee\AppData\Roaming\Python\Python314\site-packages\werkzeug\routing\rules.py:836: RuntimeWarning: coroutine 'test_aes_validation_success' was never awaited
    code = compile(module, "<werkzeug routing>", "exec")
  Enable tracemalloc to get traceback where the object was allocated.
  See https://docs.pytest.org/en/stable/how-to/capture-warnings.html#resource-warnings for more info.

tests/unit/handlers/test_console.py::test_save_scenario_success
  C:\Users\najee\AppData\Roaming\Python\Python314\site-packages\werkzeug\routing\rules.py:836: RuntimeWarning: coroutine 'test_aes_validation_failure' was never awaited
    code = compile(module, "<werkzeug routing>", "exec")
  Enable tracemalloc to get traceback where the object was allocated.
  See https://docs.pytest.org/en/stable/how-to/capture-warnings.html#resource-warnings for more info.

tests/unit/handlers/test_console.py::test_save_scenario_success
  C:\Users\najee\AppData\Roaming\Python\Python314\site-packages\werkzeug\routing\rules.py:836: RuntimeWarning: coroutine 'test_aes_validation_with_complexity_level' was never awaited
    code = compile(module, "<werkzeug routing>", "exec")
  Enable tracemalloc to get traceback where the object was allocated.
  See https://docs.pytest.org/en/stable/how-to/capture-warnings.html#resource-warnings for more info.

tests/unit/handlers/test_console.py::test_save_scenario_success
tests/unit/handlers/test_console.py::test_save_scenario_errors
  C:\Users\najee\AppData\Roaming\Python\Python314\site-packages\werkzeug\routing\rules.py:836: RuntimeWarning: coroutine 'AsyncMockMixin._execute_mock_call' was never awaited
    code = compile(module, "<werkzeug routing>", "exec")
  Enable tracemalloc to get traceback where the object was allocated.
  See https://docs.pytest.org/en/stable/how-to/capture-warnings.html#resource-warnings for more info.

tests/unit/handlers/test_console.py::test_debugger_state_post
  C:\Users\najee\AppData\Roaming\Python\Python314\site-packages\flask\sansio\app.py:628: RuntimeWarning: coroutine 'AsyncMockMixin._execute_mock_call' was never awaited
    methods = {item.upper() for item in methods}
  Enable tracemalloc to get traceback where the object was allocated.
  See https://docs.pytest.org/en/stable/how-to/capture-warnings.html#resource-warnings for more info.

tests/unit/handlers/test_console.py::test_debugger_state_post
  C:\Users\najee\AppData\Roaming\Python\Python314\site-packages\flask\sansio\app.py:628: RuntimeWarning: coroutine 'test_handle_init_success' was never awaited
    methods = {item.upper() for item in methods}
  Enable tracemalloc to get traceback where the object was allocated.
  See https://docs.pytest.org/en/stable/how-to/capture-warnings.html#resource-warnings for more info.

tests/unit/handlers/test_console.py::test_debugger_state_post
  C:\Users\najee\AppData\Roaming\Python\Python314\site-packages\flask\sansio\app.py:628: RuntimeWarning: coroutine 'test_handle_init_scaffolding' was never awaited
    methods = {item.upper() for item in methods}
  Enable tracemalloc to get traceback where the object was allocated.
  See https://docs.pytest.org/en/stable/how-to/capture-warnings.html#resource-warnings for more info.

tests/unit/handlers/test_console.py::test_debugger_state_post
  C:\Users\najee\AppData\Roaming\Python\Python314\site-packages\flask\sansio\app.py:628: RuntimeWarning: coroutine 'test_handle_report_exceptions' was never awaited
    methods = {item.upper() for item in methods}
  Enable tracemalloc to get traceback where the object was allocated.
  See https://docs.pytest.org/en/stable/how-to/capture-warnings.html#resource-warnings for more info.

tests/unit/handlers/test_console.py::test_debugger_load_run_id
  C:\Users\najee\AppData\Roaming\Python\Python314\site-packages\werkzeug\routing\rules.py:836: RuntimeWarning: coroutine 'test_handle_replay_exceptions' was never awaited
    code = compile(module, "<werkzeug routing>", "exec")
  Enable tracemalloc to get traceback where the object was allocated.
  See https://docs.pytest.org/en/stable/how-to/capture-warnings.html#resource-warnings for more info.

tests/unit/handlers/test_console.py::test_debugger_load_run_id
  C:\Users\najee\AppData\Roaming\Python\Python314\site-packages\werkzeug\routing\rules.py:836: RuntimeWarning: coroutine 'test_handle_run_extensions' was never awaited
    code = compile(module, "<werkzeug routing>", "exec")
  Enable tracemalloc to get traceback where the object was allocated.
  See https://docs.pytest.org/en/stable/how-to/capture-warnings.html#resource-warnings for more info.

tests/unit/handlers/test_console.py::test_debugger_load_run_id
  C:\Users\najee\AppData\Roaming\Python\Python314\site-packages\werkzeug\routing\rules.py:836: RuntimeWarning: coroutine 'test_run_evaluate_complex_branches' was never awaited
    code = compile(module, "<werkzeug routing>", "exec")
  Enable tracemalloc to get traceback where the object was allocated.
  See https://docs.pytest.org/en/stable/how-to/capture-warnings.html#resource-warnings for more info.

tests/unit/handlers/test_console.py::test_debugger_load_run_id
  C:\Users\najee\AppData\Roaming\Python\Python314\site-packages\werkzeug\routing\rules.py:836: RuntimeWarning: coroutine 'test_handle_aes_validate_complex' was never awaited
    code = compile(module, "<werkzeug routing>", "exec")
  Enable tracemalloc to get traceback where the object was allocated.
  See https://docs.pytest.org/en/stable/how-to/capture-warnings.html#resource-warnings for more info.

tests/unit/handlers/test_console.py::test_debugger_load_run_id
  C:\Users\najee\AppData\Roaming\Python\Python314\site-packages\werkzeug\routing\rules.py:836: RuntimeWarning: coroutine 'test_handle_spec_to_eval_exceptions' was never awaited
    code = compile(module, "<werkzeug routing>", "exec")
  Enable tracemalloc to get traceback where the object was allocated.
  See https://docs.pytest.org/en/stable/how-to/capture-warnings.html#resource-warnings for more info.

tests/unit/handlers/test_console.py::test_debugger_load_run_id
  C:\Users\najee\AppData\Roaming\Python\Python314\site-packages\werkzeug\routing\rules.py:836: RuntimeWarning: coroutine 'test_handle_mutate_exceptions' was never awaited
    code = compile(module, "<werkzeug routing>", "exec")
  Enable tracemalloc to get traceback where the object was allocated.
  See https://docs.pytest.org/en/stable/how-to/capture-warnings.html#resource-warnings for more info.

tests/unit/handlers/test_console.py::test_debugger_load_run_id
  C:\Users\najee\AppData\Roaming\Python\Python314\site-packages\werkzeug\routing\rules.py:836: RuntimeWarning: coroutine 'test_handle_failures_search_basic' was never awaited
    code = compile(module, "<werkzeug routing>", "exec")
  Enable tracemalloc to get traceback where the object was allocated.
  See https://docs.pytest.org/en/stable/how-to/capture-warnings.html#resource-warnings for more info.

tests/unit/handlers/test_console.py::test_debugger_load_run_id
  C:\Users\najee\AppData\Roaming\Python\Python314\site-packages\werkzeug\routing\rules.py:836: RuntimeWarning: coroutine 'test_handle_explain_basic' was never awaited
    code = compile(module, "<werkzeug routing>", "exec")
  Enable tracemalloc to get traceback where the object was allocated.
  See https://docs.pytest.org/en/stable/how-to/capture-warnings.html#resource-warnings for more info.

tests/unit/handlers/test_console.py::test_debugger_load_run_id
  C:\Users\najee\AppData\Roaming\Python\Python314\site-packages\werkzeug\routing\rules.py:836: RuntimeWarning: coroutine 'test_handle_calibrate_basic' was never awaited
    code = compile(module, "<werkzeug routing>", "exec")
  Enable tracemalloc to get traceback where the object was allocated.
  See https://docs.pytest.org/en/stable/how-to/capture-warnings.html#resource-warnings for more info.

tests/unit/handlers/test_console.py::test_debugger_load_run_id
  C:\Users\najee\AppData\Roaming\Python\Python314\site-packages\werkzeug\routing\rules.py:836: RuntimeWarning: coroutine 'test_handle_aes_validate_dir' was never awaited
    code = compile(module, "<werkzeug routing>", "exec")
  Enable tracemalloc to get traceback where the object was allocated.
  See https://docs.pytest.org/en/stable/how-to/capture-warnings.html#resource-warnings for more info.

tests/unit/handlers/test_console.py::test_debugger_load_run_id
  C:\Users\najee\AppData\Roaming\Python\Python314\site-packages\werkzeug\routing\rules.py:836: RuntimeWarning: coroutine 'test_handle_replay_success' was never awaited
    code = compile(module, "<werkzeug routing>", "exec")
  Enable tracemalloc to get traceback where the object was allocated.
  See https://docs.pytest.org/en/stable/how-to/capture-warnings.html#resource-warnings for more info.

tests/unit/handlers/test_console.py::test_debugger_load_run_id
  C:\Users\najee\AppData\Roaming\Python\Python314\site-packages\werkzeug\routing\rules.py:836: RuntimeWarning: coroutine 'test_handle_run_success' was never awaited
    code = compile(module, "<werkzeug routing>", "exec")
  Enable tracemalloc to get traceback where the object was allocated.
  See https://docs.pytest.org/en/stable/how-to/capture-warnings.html#resource-warnings for more info.

tests/unit/handlers/test_console.py::test_debugger_load_run_id
  C:\Users\najee\AppData\Roaming\Python\Python314\site-packages\werkzeug\routing\rules.py:836: RuntimeWarning: coroutine 'test_run_evaluate_success' was never awaited
    code = compile(module, "<werkzeug routing>", "exec")
  Enable tracemalloc to get traceback where the object was allocated.
  See https://docs.pytest.org/en/stable/how-to/capture-warnings.html#resource-warnings for more info.

tests/unit/handlers/test_console.py::test_debugger_load_run_id
  C:\Users\najee\AppData\Roaming\Python\Python314\site-packages\werkzeug\routing\rules.py:836: RuntimeWarning: coroutine 'test_handle_auto_translate_success' was never awaited
    code = compile(module, "<werkzeug routing>", "exec")
  Enable tracemalloc to get traceback where the object was allocated.
  See https://docs.pytest.org/en/stable/how-to/capture-warnings.html#resource-warnings for more info.

tests/unit/handlers/test_console.py::test_debugger_load_run_id
  C:\Users\najee\AppData\Roaming\Python\Python314\site-packages\werkzeug\routing\rules.py:836: RuntimeWarning: coroutine 'test_handle_calibrate_success' was never awaited
    code = compile(module, "<werkzeug routing>", "exec")
  Enable tracemalloc to get traceback where the object was allocated.
  See https://docs.pytest.org/en/stable/how-to/capture-warnings.html#resource-warnings for more info.

tests/unit/handlers/test_console.py::test_debugger_load_run_id
  C:\Users\najee\AppData\Roaming\Python\Python314\site-packages\werkzeug\routing\rules.py:836: RuntimeWarning: coroutine 'test_handle_calibrate_plot' was never awaited
    code = compile(module, "<werkzeug routing>", "exec")
  Enable tracemalloc to get traceback where the object was allocated.
  See https://docs.pytest.org/en/stable/how-to/capture-warnings.html#resource-warnings for more info.

tests/unit/handlers/test_console.py::test_debugger_load_run_id
  C:\Users\najee\AppData\Roaming\Python\Python314\site-packages\werkzeug\routing\rules.py:836: RuntimeWarning: coroutine 'test_handle_list' was never awaited
    code = compile(module, "<werkzeug routing>", "exec")
  Enable tracemalloc to get traceback where the object was allocated.
  See https://docs.pytest.org/en/stable/how-to/capture-warnings.html#resource-warnings for more info.

tests/unit/handlers/test_console.py::test_debugger_load_run_id
  C:\Users\najee\AppData\Roaming\Python\Python314\site-packages\werkzeug\routing\rules.py:836: RuntimeWarning: coroutine 'test_handle_doctor' was never awaited
    code = compile(module, "<werkzeug routing>", "exec")
  Enable tracemalloc to get traceback where the object was allocated.
  See https://docs.pytest.org/en/stable/how-to/capture-warnings.html#resource-warnings for more info.

tests/unit/handlers/test_console.py::test_debugger_load_run_id
  C:\Users\najee\AppData\Roaming\Python\Python314\site-packages\werkzeug\routing\rules.py:836: RuntimeWarning: coroutine 'test_handle_cleanup_runs' was never awaited
    code = compile(module, "<werkzeug routing>", "exec")
  Enable tracemalloc to get traceback where the object was allocated.
  See https://docs.pytest.org/en/stable/how-to/capture-warnings.html#resource-warnings for more info.

tests/unit/handlers/test_console.py::test_debugger_load_run_id
  C:\Users\najee\AppData\Roaming\Python\Python314\site-packages\werkzeug\routing\rules.py:836: RuntimeWarning: coroutine 'test_handle_inspect' was never awaited
    code = compile(module, "<werkzeug routing>", "exec")
  Enable tracemalloc to get traceback where the object was allocated.
  See https://docs.pytest.org/en/stable/how-to/capture-warnings.html#resource-warnings for more info.

tests/unit/handlers/test_console.py::test_debugger_load_run_id
  C:\Users\najee\AppData\Roaming\Python\Python314\site-packages\werkzeug\routing\rules.py:836: RuntimeWarning: coroutine 'test_handle_lint' was never awaited
    code = compile(module, "<werkzeug routing>", "exec")
  Enable tracemalloc to get traceback where the object was allocated.
  See https://docs.pytest.org/en/stable/how-to/capture-warnings.html#resource-warnings for more info.

tests/unit/handlers/test_console.py::test_debugger_load_run_id
  C:\Users\najee\AppData\Roaming\Python\Python314\site-packages\werkzeug\routing\rules.py:836: RuntimeWarning: coroutine 'test_handle_export' was never awaited
    code = compile(module, "<werkzeug routing>", "exec")
  Enable tracemalloc to get traceback where the object was allocated.
  See https://docs.pytest.org/en/stable/how-to/capture-warnings.html#resource-warnings for more info.

tests/unit/handlers/test_console.py::test_debugger_load_run_id
  C:\Users\najee\AppData\Roaming\Python\Python314\site-packages\werkzeug\routing\rules.py:836: RuntimeWarning: coroutine 'test_handle_taxonomy' was never awaited
    code = compile(module, "<werkzeug routing>", "exec")
  Enable tracemalloc to get traceback where the object was allocated.
  See https://docs.pytest.org/en/stable/how-to/capture-warnings.html#resource-warnings for more info.

tests/unit/handlers/test_coverage_expansion.py::test_classify_scenario_helper
  C:\Python314\Lib\pathlib\__init__.py:330: RuntimeWarning: coroutine 'test_handle_import_drift' was never awaited
    @property
  Enable tracemalloc to get traceback where the object was allocated.
  See https://docs.pytest.org/en/stable/how-to/capture-warnings.html#resource-warnings for more info.

tests/unit/handlers/test_coverage_expansion.py::test_classify_scenario_helper
  C:\Python314\Lib\pathlib\__init__.py:330: RuntimeWarning: coroutine 'test_handle_list_refresh' was never awaited
    @property
  Enable tracemalloc to get traceback where the object was allocated.
  See https://docs.pytest.org/en/stable/how-to/capture-warnings.html#resource-warnings for more info.

tests/unit/handlers/test_coverage_expansion.py::test_classify_scenario_helper
  C:\Python314\Lib\pathlib\__init__.py:330: RuntimeWarning: coroutine 'test_handle_verify_missing' was never awaited
    @property
  Enable tracemalloc to get traceback where the object was allocated.
  See https://docs.pytest.org/en/stable/how-to/capture-warnings.html#resource-warnings for more info.

tests/unit/handlers/test_coverage_expansion.py::test_classify_scenario_helper
  C:\Python314\Lib\pathlib\__init__.py:330: RuntimeWarning: coroutine 'test_handle_inspect_missing' was never awaited
    @property
  Enable tracemalloc to get traceback where the object was allocated.
  See https://docs.pytest.org/en/stable/how-to/capture-warnings.html#resource-warnings for more info.

tests/unit/handlers/test_coverage_expansion.py::test_classify_scenario_helper
  C:\Python314\Lib\pathlib\__init__.py:330: RuntimeWarning: coroutine 'test_handle_report_missing_trace' was never awaited
    @property
  Enable tracemalloc to get traceback where the object was allocated.
  See https://docs.pytest.org/en/stable/how-to/capture-warnings.html#resource-warnings for more info.

tests/unit/handlers/test_coverage_expansion.py::test_classify_scenario_helper
  C:\Python314\Lib\pathlib\__init__.py:330: RuntimeWarning: coroutine 'test_handle_mutate_all_types' was never awaited
    @property
  Enable tracemalloc to get traceback where the object was allocated.
  See https://docs.pytest.org/en/stable/how-to/capture-warnings.html#resource-warnings for more info.

tests/unit/handlers/test_coverage_expansion.py::test_classify_scenario_helper
  C:\Python314\Lib\pathlib\__init__.py:330: RuntimeWarning: coroutine 'test_handle_cleanup_runs' was never awaited
    @property
  Enable tracemalloc to get traceback where the object was allocated.
  See https://docs.pytest.org/en/stable/how-to/capture-warnings.html#resource-warnings for more info.

tests/unit/handlers/test_coverage_expansion.py::test_classify_scenario_helper
  C:\Python314\Lib\pathlib\__init__.py:330: RuntimeWarning: coroutine 'test_handle_aes_validate_error_paths' was never awaited
    @property
  Enable tracemalloc to get traceback where the object was allocated.
  See https://docs.pytest.org/en/stable/how-to/capture-warnings.html#resource-warnings for more info.

tests/unit/handlers/test_coverage_expansion.py::test_classify_scenario_helper
  C:\Python314\Lib\pathlib\__init__.py:330: RuntimeWarning: coroutine 'test_handle_spec_to_eval_exceptions' was never awaited
    @property
  Enable tracemalloc to get traceback where the object was allocated.
  See https://docs.pytest.org/en/stable/how-to/capture-warnings.html#resource-warnings for more info.

tests/unit/handlers/test_coverage_expansion.py::test_classify_scenario_helper
  C:\Python314\Lib\pathlib\__init__.py:330: RuntimeWarning: coroutine 'AsyncMockMixin._execute_mock_call' was never awaited
    @property
  Enable tracemalloc to get traceback where the object was allocated.
  See https://docs.pytest.org/en/stable/how-to/capture-warnings.html#resource-warnings for more info.

tests/unit/handlers/test_coverage_expansion.py::test_classify_scenario_helper
  C:\Python314\Lib\pathlib\__init__.py:330: RuntimeWarning: coroutine 'handle_quickstart' was never awaited
    @property
  Enable tracemalloc to get traceback where the object was allocated.
  See https://docs.pytest.org/en/stable/how-to/capture-warnings.html#resource-warnings for more info.

tests/unit/handlers/test_coverage_expansion.py::test_classify_scenario_helper
  C:\Python314\Lib\pathlib\__init__.py:330: RuntimeWarning: coroutine 'handle_record' was never awaited
    @property
  Enable tracemalloc to get traceback where the object was allocated.
  See https://docs.pytest.org/en/stable/how-to/capture-warnings.html#resource-warnings for more info.

tests/unit/handlers/test_coverage_expansion.py::test_classify_scenario_helper
  C:\Python314\Lib\pathlib\__init__.py:330: RuntimeWarning: coroutine 'handle_playground' was never awaited
    @property
  Enable tracemalloc to get traceback where the object was allocated.
  See https://docs.pytest.org/en/stable/how-to/capture-warnings.html#resource-warnings for more info.

tests/unit/handlers/test_coverage_expansion.py::test_classify_scenario_helper
  C:\Python314\Lib\pathlib\__init__.py:330: RuntimeWarning: coroutine 'test_handle_taxonomy' was never awaited
    @property
  Enable tracemalloc to get traceback where the object was allocated.
  See https://docs.pytest.org/en/stable/how-to/capture-warnings.html#resource-warnings for more info.

tests/unit/handlers/test_coverage_expansion.py::test_classify_scenario_helper
  C:\Python314\Lib\pathlib\__init__.py:330: RuntimeWarning: coroutine 'test_handle_inspect_success' was never awaited
    @property
  Enable tracemalloc to get traceback where the object was allocated.
  See https://docs.pytest.org/en/stable/how-to/capture-warnings.html#resource-warnings for more info.

tests/unit/handlers/test_coverage_expansion.py::test_classify_scenario_helper
  C:\Python314\Lib\pathlib\__init__.py:330: RuntimeWarning: coroutine 'test_handle_inspect_failure' was never awaited
    @property
  Enable tracemalloc to get traceback where the object was allocated.
  See https://docs.pytest.org/en/stable/how-to/capture-warnings.html#resource-warnings for more info.

tests/unit/handlers/test_coverage_expansion.py::test_classify_scenario_helper
  C:\Python314\Lib\pathlib\__init__.py:330: RuntimeWarning: coroutine 'test_handle_catalog_search' was never awaited
    @property
  Enable tracemalloc to get traceback where the object was allocated.
  See https://docs.pytest.org/en/stable/how-to/capture-warnings.html#resource-warnings for more info.

tests/unit/handlers/test_coverage_expansion.py::test_classify_scenario_helper
  C:\Users\najee\AppData\Roaming\Python\Python314\site-packages\torch\multiprocessing\__init__.py:23: RuntimeWarning: coroutine 'test_handle_analyze_direct' was never awaited
    from .reductions import init_reductions
  Enable tracemalloc to get traceback where the object was allocated.
  See https://docs.pytest.org/en/stable/how-to/capture-warnings.html#resource-warnings for more info.

-- Docs: https://docs.pytest.org/en/stable/how-to/capture-warnings.html
=============================== tests coverage ================================
_______________ coverage: platform win32, python 3.14.0-final-0 _______________

Name                                       Stmts   Miss  Cover   Missing
------------------------------------------------------------------------
eval_runner\__init__.py                        1      0   100%
eval_runner\__main__.py                        3      3     0%   1-4
eval_runner\adapters\__init__.py              46     38    17%   19-28, 38-56, 64-90
eval_runner\adapters\autogen.py               44      7    84%   135-158
eval_runner\adapters\claude.py                33     24    27%   26-73
eval_runner\adapters\common.py                28      6    79%   10-13, 32-34
eval_runner\adapters\crewai.py                24      0   100%
eval_runner\adapters\gemini.py                28     20    29%   24-80
eval_runner\adapters\grok.py                  27     17    37%   26-64
eval_runner\adapters\langchain.py             50     18    64%   28, 42, 50, 90-121
eval_runner\adapters\langgraph.py             25      0   100%
eval_runner\adapters\ollama.py                24     15    38%   27-53
eval_runner\adapters\openai.py                27     18    33%   27-69
eval_runner\analyzer.py                       20     17    15%   17-92
eval_runner\artifact_plugin.py                92     16    83%   32-34, 44-47, 55-66, 106, 170-171
eval_runner\auto_translate.py                 64     25    61%   62-123
eval_runner\benchmarks\__init__.py             3      0   100%
eval_runner\benchmarks\assistantbench.py       6      2    67%   10-11
eval_runner\benchmarks\gaia.py                 6      0   100%
eval_runner\calibrator.py                    130     96    26%   20-21, 33-42, 47-51, 68, 73-76, 80, 86, 92-187, 191-194
eval_runner\catalog.py                       260     73    72%   35, 101, 108-109, 123, 127, 188-191, 198-199, 260-263, 304-307, 314-320, 361-371, 376-387, 392-419, 427-461
eval_runner\cleaner.py                        13     10    23%   15-27
eval_runner\cli.py                           295     29    90%   46, 57-58, 496-497, 523, 525, 556, 562-563, 565, 584, 614, 625-638, 652, 665
eval_runner\config.py                         95     10    89%   22-23, 38, 45, 54-61
eval_runner\console\__init__.py                0      0   100%
eval_runner\console\app.py                    76      8    89%   44, 54-55, 61, 116, 136-138, 142
eval_runner\console\auth.py                   42     14    67%   35, 54-75
eval_runner\console\auth_manager.py           69      5    93%   58, 63, 129, 138-139
eval_runner\console\demo_agent.py             78     65    17%   19, 23-30, 38-180, 193-198, 204-277
eval_runner\console\demo_traces.py            13      0   100%
eval_runner\console\gen_demo_assets.py        27      2    93%   23, 48
eval_runner\console\routes.py                424     64    85%   36, 51-52, 69-70, 96-106, 138-139, 155-157, 196, 225, 272-339, 497-498, 532, 542-543, 568, 630, 638, 741, 779, 824, 844, 909, 931-942, 985-986
eval_runner\context.py                        33      0   100%
eval_runner\contributor.py                    50      8    84%   65-69, 78-82
eval_runner\coverage_plugin.py                 8      0   100%
eval_runner\coverage_reporter.py              23      6    74%   64-66, 70-72
eval_runner\debugger\__init__.py               1      0   100%
eval_runner\debugger\core.py                  23      0   100%
eval_runner\discovery.py                      58      0   100%
eval_runner\doctor.py                         72     64    11%   11-23, 28-68, 73-121
eval_runner\drift_importer.py                 25      2    92%   21, 29
eval_runner\engine.py                         74      9    88%   42, 71, 103-108, 111
eval_runner\events.py                         84      2    98%   91-93
eval_runner\explainer.py                      20      1    95%   41
eval_runner\exporter.py                       54      0   100%
eval_runner\failure_corpus.py                 48     44     8%   11-68
eval_runner\flight_recorder.py                54      3    94%   75-76, 97
eval_runner\handlers\__init__.py               8      1    88%   32
eval_runner\handlers\analysis.py              37     24    35%   15-43, 48-49, 54, 61, 66-73
eval_runner\handlers\environment.py           92     58    37%   26, 31-35, 40-43, 48, 53, 58, 68-70, 75-80, 85-110, 115-133, 138, 143, 148, 153, 158
eval_runner\handlers\evaluation.py           146    100    32%   21-23, 25-27, 38-79, 114-115, 120-123, 128-131, 139-140, 147-152, 157-169, 177-235, 240-242
eval_runner\handlers\scenarios.py             99     75    24%   18-51, 56-74, 79, 84-89, 94-97, 102-108, 113-119, 124-125, 136-138, 153-154
eval_runner\hitl\__init__.py                   1      0   100%
eval_runner\hitl\registry.py                  21      2    90%   18, 26
eval_runner\leaderboard_generator.py          56      7    88%   32, 37, 90-94
eval_runner\linter.py                        142      8    94%   96-97, 142, 146, 148-151, 214-215
eval_runner\live_bridge_plugin.py             77     12    84%   16, 21, 30-34, 74-77, 138-139, 142
eval_runner\llm_providers.py                 148    100    32%   14, 21-22, 25-43, 47-56, 73-102, 106-124, 138-169, 173, 191-194, 198-200, 203-225, 229-240, 252-255, 259, 275, 281, 285
eval_runner\loader.py                        113     27    76%   69-71, 97-98, 115-120, 124, 128, 134, 142-144, 156-157, 170-175, 181, 184-185
eval_runner\metrics\__init__.py               31      3    90%   29, 40-41
eval_runner\metrics\accuracy.py               78     44    44%   15-86
eval_runner\metrics\core.py                  130     19    85%   40-47, 53-65, 124, 182
eval_runner\metrics\defense.py                15      7    53%   18-33
eval_runner\metrics\planning.py               18     10    44%   15-22, 32-38
eval_runner\metrics\technical.py              11      5    55%   14-20
eval_runner\metrics\utils.py                  18      1    94%   10
eval_runner\mutator.py                        58     11    81%   15, 32-35, 41-49
eval_runner\playground.py                     31     27    13%   8-44, 48-51
eval_runner\plugins.py                       180     26    86%   118, 123-124, 132, 143-144, 150-151, 157-158, 164-165, 171-172, 178-179, 184, 213-214, 222-224, 279, 285-288
eval_runner\publication_plugin.py            107     11    90%   36-37, 65-66, 104-106, 140, 169-170, 173
eval_runner\quickstart.py                     44     31    30%   13-14, 31-73
eval_runner\registry_sync.py                  74      1    99%   141
eval_runner\reporter.py                      204     21    90%   91-94, 100-103, 149-152, 158, 160, 162, 336-339, 425-426
eval_runner\reporting_plugin.py               86     31    64%   22, 52, 56, 60, 88-96, 109, 146-184
eval_runner\rubrics.py                        11      3    73%   90, 95, 100
eval_runner\runner.py                         47      3    94%   27, 103, 113
eval_runner\scaffold.py                       84      8    90%   18-19, 93-97, 235
eval_runner\session.py                       273    121    56%   69-73, 83, 89, 129, 158-159, 205-213, 215-223, 266-315, 320-341, 358-361, 370-376, 387-395, 410-453, 467-505, 540-542
eval_runner\simulators.py                    217      0   100%
eval_runner\spec_parser.py                   140    123    12%   24-217, 224-281
eval_runner\taxonomy.py                       32      1    97%   50
eval_runner\tool_sandbox.py                  145      9    94%   109-110, 116, 192-194, 268-271
eval_runner\trace_recorder.py                 54     47    13%   11-92, 97-100
eval_runner\trace_utils.py                    61     26    57%   14, 16, 20-23, 45-49, 70-102
eval_runner\triage.py                        115     25    78%   22, 42-47, 64, 72, 107, 118, 130, 152, 162, 189, 209, 219-223, 237-244, 258-260, 287, 298
eval_runner\utils.py                          31      4    87%   22, 44-46, 54
eval_runner\verifier.py                      156     20    87%   75, 83-91, 113, 121, 125, 155, 209-210, 217-218, 227-229, 240, 251, 286
------------------------------------------------------------------------
TOTAL                                       6091   1793    71%
pytest : C:\Users\najee\AppData\Roaming\Python\Python314\site-packages\_pytest\unraisableexception.py:33: RuntimeWarning: coroutine 'test_handle_verify_direct' was never awaited
At line:1 char:1
+ pytest tests/ --cov=eval_runner --cov-report=term-missing > pytest-ou ...
+ ~~~~~~~~~~~~~~~~~~~~~~~~~~~~~~~~~~~~~~~~~~~~~~~~~~~~~~~~~~~~~~~~~~~~~
    + CategoryInfo          : NotSpecified: (C:\Users\najee\...s never awaited:String) [], RemoteException
    + FullyQualifiedErrorId : NativeCommandError
 
  gc.collect()
RuntimeWarning: Enable tracemalloc to get the object allocation traceback
C:\Users\najee\AppData\Roaming\Python\Python314\site-packages\_pytest\unraisableexception.py:33: RuntimeWarning: coroutine 'test_call_agent_error_branches' was never awaited
  gc.collect()
RuntimeWarning: Enable tracemalloc to get the object allocation traceback
C:\Users\najee\AppData\Roaming\Python\Python314\site-packages\_pytest\unraisableexception.py:33: RuntimeWarning: coroutine 'test_human_adapter_branch' was never awaited
  gc.collect()
RuntimeWarning: Enable tracemalloc to get the object allocation traceback
C:\Users\najee\AppData\Roaming\Python\Python314\site-packages\_pytest\unraisableexception.py:33: RuntimeWarning: coroutine 'TestEnvironmentHandlers.test_handle_analyze' was never awaited
  gc.collect()
RuntimeWarning: Enable tracemalloc to get the object allocation traceback
C:\Users\najee\AppData\Roaming\Python\Python314\site-packages\_pytest\unraisableexception.py:33: RuntimeWarning: coroutine 'TestEnvironmentHandlers.test_handle_init_standard' was never awaited
  gc.collect()
RuntimeWarning: Enable tracemalloc to get the object allocation traceback
C:\Users\najee\AppData\Roaming\Python\Python314\site-packages\_pytest\unraisableexception.py:33: RuntimeWarning: coroutine 'TestEnvironmentHandlers.test_handle_init_scaffold' was never awaited
  gc.collect()
RuntimeWarning: Enable tracemalloc to get the object allocation traceback
C:\Users\najee\AppData\Roaming\Python\Python314\site-packages\_pytest\unraisableexception.py:33: RuntimeWarning: coroutine 'TestEnvironmentHandlers.test_handle_install' was never awaited
  gc.collect()
RuntimeWarning: Enable tracemalloc to get the object allocation traceback
C:\Users\najee\AppData\Roaming\Python\Python314\site-packages\_pytest\unraisableexception.py:33: RuntimeWarning: coroutine 'TestEnvironmentHandlers.test_handle_registry_sync' was never awaited
  gc.collect()
RuntimeWarning: Enable tracemalloc to get the object allocation traceback
C:\Users\najee\AppData\Roaming\Python\Python314\site-packages\_pytest\unraisableexception.py:33: RuntimeWarning: coroutine 'TestEnvironmentHandlers.test_handle_plugin_list' was never awaited
  gc.collect()
RuntimeWarning: Enable tracemalloc to get the object allocation traceback
C:\Users\najee\AppData\Roaming\Python\Python314\site-packages\_pytest\unraisableexception.py:33: RuntimeWarning: coroutine 'TestEnvironmentHandlers.test_handle_plugin_register_success' was never 
awaited
  gc.collect()
RuntimeWarning: Enable tracemalloc to get the object allocation traceback
C:\Users\najee\AppData\Roaming\Python\Python314\site-packages\_pytest\unraisableexception.py:33: RuntimeWarning: coroutine 'TestEnvironmentHandlers.test_handle_plugin_unregister' was never awaited
  gc.collect()
RuntimeWarning: Enable tracemalloc to get the object allocation traceback
C:\Users\najee\AppData\Roaming\Python\Python314\site-packages\_pytest\unraisableexception.py:33: RuntimeWarning: coroutine 'TestEnvironmentHandlers.test_handle_doctor' was never awaited
  gc.collect()
RuntimeWarning: Enable tracemalloc to get the object allocation traceback
C:\Users\najee\AppData\Roaming\Python\Python314\site-packages\_pytest\unraisableexception.py:33: RuntimeWarning: coroutine 'TestEnvironmentHandlers.test_handle_registry_add' was never awaited
  gc.collect()
RuntimeWarning: Enable tracemalloc to get the object allocation traceback
C:\Users\najee\AppData\Roaming\Python\Python314\site-packages\_pytest\unraisableexception.py:33: RuntimeWarning: coroutine 'TestEnvironmentHandlers.test_handle_registry_search' was never awaited
  gc.collect()
RuntimeWarning: Enable tracemalloc to get the object allocation traceback
C:\Users\najee\AppData\Roaming\Python\Python314\site-packages\_pytest\unraisableexception.py:33: RuntimeWarning: coroutine 'TestEnvironmentHandlers.test_handle_ci_generate' was never awaited
  gc.collect()
RuntimeWarning: Enable tracemalloc to get the object allocation traceback
C:\Users\najee\AppData\Roaming\Python\Python314\site-packages\_pytest\unraisableexception.py:33: RuntimeWarning: coroutine 'TestEnvironmentHandlers.test_handle_cleanup_runs' was never awaited
  gc.collect()
RuntimeWarning: Enable tracemalloc to get the object allocation traceback
C:\Users\najee\AppData\Roaming\Python\Python314\site-packages\_pytest\unraisableexception.py:33: RuntimeWarning: coroutine 'TestEnvironmentHandlers.test_handle_export' was never awaited
  gc.collect()
RuntimeWarning: Enable tracemalloc to get the object allocation traceback
C:\Users\najee\AppData\Roaming\Python\Python314\site-packages\_pytest\unraisableexception.py:33: RuntimeWarning: coroutine 'TestEnvironmentHandlers.test_handle_failures_search' was never awaited
  gc.collect()
RuntimeWarning: Enable tracemalloc to get the object allocation traceback
C:\Users\najee\AppData\Roaming\Python\Python314\site-packages\_pytest\unraisableexception.py:33: RuntimeWarning: coroutine 'TestEnvironmentHandlers.test_handle_auto_translate' was never awaited
  gc.collect()
RuntimeWarning: Enable tracemalloc to get the object allocation traceback
C:\Users\najee\AppData\Roaming\Python\Python314\site-packages\_pytest\unraisableexception.py:33: RuntimeWarning: coroutine 'TestEnvironmentHandlers.test_handle_plugin_register_errors' was never 
awaited
  gc.collect()
RuntimeWarning: Enable tracemalloc to get the object allocation traceback
C:\Users\najee\AppData\Roaming\Python\Python314\site-packages\_pytest\unraisableexception.py:33: RuntimeWarning: coroutine 'TestEnvironmentHandlers.test_handle_plugin_unregister_missing' was never 
awaited
  gc.collect()
RuntimeWarning: Enable tracemalloc to get the object allocation traceback
C:\Users\najee\AppData\Roaming\Python\Python314\site-packages\_pytest\unraisableexception.py:33: RuntimeWarning: coroutine 'test_handle_gate_missing_vc' was never awaited
  gc.collect()
RuntimeWarning: Enable tracemalloc to get the object allocation traceback
C:\Users\najee\AppData\Roaming\Python\Python314\site-packages\_pytest\unraisableexception.py:33: RuntimeWarning: coroutine 'test_handle_gate_success' was never awaited
  gc.collect()
RuntimeWarning: Enable tracemalloc to get the object allocation traceback
C:\Users\najee\AppData\Roaming\Python\Python314\site-packages\_pytest\unraisableexception.py:33: RuntimeWarning: coroutine 'test_handle_gate_hash_mismatch' was never awaited
  gc.collect()
RuntimeWarning: Enable tracemalloc to get the object allocation traceback
C:\Users\najee\AppData\Roaming\Python\Python314\site-packages\_pytest\unraisableexception.py:33: RuntimeWarning: coroutine 'test_handle_gate_asymmetric_success' was never awaited
  gc.collect()
RuntimeWarning: Enable tracemalloc to get the object allocation traceback
C:\Users\najee\AppData\Roaming\Python\Python314\site-packages\_pytest\unraisableexception.py:33: RuntimeWarning: coroutine '_wrap_asyncgen_fixture.<locals>._asyncgen_fixture_wrapper.<locals>.setup' 
was never awaited
  gc.collect()
RuntimeWarning: Enable tracemalloc to get the object allocation traceback
C:\Users\najee\AppData\Roaming\Python\Python314\site-packages\_pytest\unraisableexception.py:33: RuntimeWarning: coroutine 'test_run_playground_error' was never awaited
  gc.collect()
RuntimeWarning: Enable tracemalloc to get the object allocation traceback
C:\Users\najee\AppData\Roaming\Python\Python314\site-packages\_pytest\unraisableexception.py:33: RuntimeWarning: coroutine 'test_run_quickstart_flow' was never awaited
  gc.collect()
RuntimeWarning: Enable tracemalloc to get the object allocation traceback
C:\Users\najee\AppData\Roaming\Python\Python314\site-packages\_pytest\unraisableexception.py:33: RuntimeWarning: coroutine 'test_doctor_sync_loop_drift' was never awaited
  gc.collect()
RuntimeWarning: Enable tracemalloc to get the object allocation traceback
=========================== short test summary info ===========================
ERROR tests/unit/adapters/test_adapters_suite.py::test_claude_success_stub - ...
ERROR tests/unit/adapters/test_adapters_suite.py::test_ollama_success_stub - ...
ERROR tests/unit/adapters/test_langchain_adapter.py::test_langchain_adapter_success
ERROR tests/unit/adapters/test_langchain_adapter.py::test_langchain_adapter_base_url_auto_invoke
ERROR tests/unit/adapters/test_langchain_adapter.py::test_langchain_adapter_error_status
ERROR tests/unit/core/test_auto_translate.py::test_translate_to_scenario_success
ERROR tests/unit/core/test_auto_translate.py::test_translate_to_scenario_repair_missing_id
ERROR tests/unit/core/test_auto_translate.py::test_translate_to_scenario_markdown_json
ERROR tests/unit/core/test_auto_translate.py::test_translate_to_scenario_invalid_json
ERROR tests/unit/core/test_auto_translate.py::test_translate_to_scenario_api_error
ERROR tests/unit/core/test_llm_providers_extra.py::test_ollama_provider_success
ERROR tests/unit/core/test_llm_providers_extra.py::test_openai_provider_success
ERROR tests/unit/core/test_llm_providers_extra.py::test_openai_unauthorized
ERROR tests/unit/core/test_trace_recorder.py::test_record_interaction_flow - ...
ERROR tests/unit/core/test_utilities.py::test_trace_recorder_saves_jsonl - Ru...
ERROR tests/unit/handlers/test_playground.py::test_run_playground_flow - Runt...
FAILED tests/unit/adapters/test_adapters_discovery.py::test_openai_adapter_logic
FAILED tests/unit/adapters/test_adapters_extended.py::test_autogen_adapter - ...
FAILED tests/unit/adapters/test_adapters_extended.py::test_grok_adapter - Run...
FAILED tests/unit/adapters/test_adapters_suite.py::test_gemini_success_stub
FAILED tests/unit/adapters/test_adapters_suite.py::test_openai_success - Runt...
FAILED tests/unit/adapters/test_adapters_suite.py::test_grok_success - Runtim...
FAILED tests/unit/adapters/test_adapters_suite.py::test_crewai_mocks - Runtim...
FAILED tests/unit/adapters/test_adapters_suite.py::test_langgraph_mocks - Run...
FAILED tests/unit/adapters/test_adapters_suite.py::test_http_adapter_core - R...
FAILED tests/unit/adapters/test_adapters_suite.py::test_local_subprocess_adapter
FAILED tests/unit/adapters/test_adapters_suite.py::test_socket_adapter_tcp - ...
FAILED tests/unit/adapters/test_engine_adapters.py::test_registry_discovery
FAILED tests/unit/adapters/test_engine_adapters.py::test_call_agent_protocol_selection
FAILED tests/unit/adapters/test_engine_adapters.py::test_call_agent_env_fallback
FAILED tests/unit/adapters/test_langchain_adapter.py::test_langchain_adapter_registration
FAILED tests/unit/adapters/test_langchain_adapter.py::test_langchain_adapter_missing_url
FAILED tests/unit/adapters/test_langchain_adapter.py::test_langchain_adapter_exception
FAILED tests/unit/core/test_analyzer.py::test_analyze_repo_telecom - RuntimeE...
FAILED tests/unit/core/test_analyzer.py::test_analyze_repo_finance - RuntimeE...
FAILED tests/unit/core/test_auto_translate.py::test_translate_to_scenario_connection_error
FAILED tests/unit/core/test_core_cli_doctor.py::test_doctor_success - Runtime...
FAILED tests/unit/core/test_core_infrastructure.py::test_event_emission - Run...
FAILED tests/unit/core/test_core_infrastructure.py::test_plugin_interception
FAILED tests/unit/core/test_core_infrastructure.py::test_runner_orchestration
FAILED tests/unit/core/test_doctor.py::test_check_agent_reachable_success - R...
FAILED tests/unit/core/test_doctor.py::test_check_agent_reachable_failure - R...
FAILED tests/unit/core/test_doctor.py::test_run_doctor_smoke - RuntimeError: ...
FAILED tests/unit/core/test_doctor.py::test_run_doctor_old_python - RuntimeEr...
FAILED tests/unit/core/test_doctor.py::test_run_doctor_missing_deps - Runtime...
FAILED tests/unit/core/test_engine.py::test_pass_at_k_protocol - RuntimeError...
FAILED tests/unit/core/test_engine.py::test_consistency_score_integration - R...
FAILED tests/unit/core/test_engine.py::test_engine_single_tool_call - Runtime...
FAILED tests/unit/core/test_engine.py::test_engine_multiple_tools - RuntimeEr...
FAILED tests/unit/core/test_engine.py::test_engine_final_answer_first_turn - ...
FAILED tests/unit/core/test_engine.py::test_engine_max_turns_reached - Runtim...
FAILED tests/unit/core/test_engine.py::test_engine_connection_error - Runtime...
FAILED tests/unit/core/test_engine.py::test_engine_timeout - RuntimeError: Ru...
FAILED tests/unit/core/test_engine.py::test_engine_generic_accuracy_metric - ...
FAILED tests/unit/core/test_engine.py::test_engine_communication_clarity_metric
FAILED tests/unit/core/test_engine.py::test_engine_policy_violation_feedback_loop
FAILED tests/unit/core/test_engine.py::test_engine_state_verification_metric
FAILED tests/unit/core/test_engine_runner.py::test_adapter_registry_discovery
FAILED tests/unit/core/test_engine_runner.py::test_adapter_registry_call_agent
FAILED tests/unit/core/test_engine_runner.py::test_run_evaluation_caps_attempts
FAILED tests/unit/core/test_engine_runner.py::test_default_runner_pass_at_k
FAILED tests/unit/core/test_engine_runner.py::test_default_runner_events - Ru...
FAILED tests/unit/core/test_engine_runner.py::test_run_evaluation_plugin_init
FAILED tests/unit/core/test_llm_providers.py::test_ollama_provider - RuntimeE...
FAILED tests/unit/core/test_llm_providers.py::test_openai_provider - RuntimeE...
FAILED tests/unit/core/test_llm_providers.py::test_anthropic_provider - Runti...
FAILED tests/unit/core/test_llm_providers.py::test_gemini_provider - RuntimeE...
FAILED tests/unit/core/test_llm_providers_coverage.py::test_ollama_list_models
FAILED tests/unit/core/test_llm_providers_coverage.py::test_ollama_list_models_error
FAILED tests/unit/core/test_llm_providers_coverage.py::test_ollama_generate_error
FAILED tests/unit/core/test_llm_providers_coverage.py::test_openai_missing_key
FAILED tests/unit/core/test_llm_providers_coverage.py::test_openai_malformed_json
FAILED tests/unit/core/test_llm_providers_coverage.py::test_openai_list_models
FAILED tests/unit/core/test_llm_providers_coverage.py::test_openai_list_models_no_key
FAILED tests/unit/core/test_llm_providers_coverage.py::test_anthropic_missing_key
FAILED tests/unit/core/test_llm_providers_coverage.py::test_anthropic_malformed_json
FAILED tests/unit/core/test_llm_providers_coverage.py::test_anthropic_list_models
FAILED tests/unit/core/test_llm_providers_coverage.py::test_gemini_missing_key
FAILED tests/unit/core/test_llm_providers_coverage.py::test_gemini_model_normalization
FAILED tests/unit/core/test_llm_providers_coverage.py::test_gemini_empty_response
FAILED tests/unit/core/test_llm_providers_coverage.py::test_gemini_list_models
FAILED tests/unit/core/test_llm_providers_coverage.py::test_gemini_list_models_no_key
FAILED tests/unit/core/test_llm_providers_coverage.py::test_grok_list_models
FAILED tests/unit/core/test_llm_providers_coverage.py::test_factory_variants
FAILED tests/unit/core/test_llm_providers_extra.py::test_anthropic_provider_success
FAILED tests/unit/core/test_llm_providers_extra.py::test_gemini_provider_success
FAILED tests/unit/core/test_llm_providers_extra.py::test_provider_factory - R...
FAILED tests/unit/core/test_metrics.py::test_calculate_luna_judge_score_mock
FAILED tests/unit/core/test_metrics.py::test_calculate_luna_judge_score_fallback
FAILED tests/unit/core/test_metrics.py::test_luna_judge_score - RuntimeError:...
FAILED tests/unit/core/test_metrics.py::test_luna_judge_with_mock_ollama - Ru...
FAILED tests/unit/core/test_metrics_extra.py::test_calculate_luna_judge_score_branches
FAILED tests/unit/core/test_metrics_extra.py::test_defense_metric_branch - Ru...
FAILED tests/unit/core/test_metrics_extra.py::test_technical_metric_branch - ...
FAILED tests/unit/core/test_metrics_modular.py::test_planning_quality_uses_correct_rubric
FAILED tests/unit/core/test_metrics_planning.py::test_calculate_planning_quality
FAILED tests/unit/core/test_metrics_planning.py::test_calculate_root_cause_analysis
FAILED tests/unit/core/test_metrics_trajectory.py::test_engine_captures_state_transitions
FAILED tests/unit/core/test_placeholder_fixes.py::test_hitl_interactive_input
FAILED tests/unit/core/test_placeholder_fixes.py::test_hitl_ci_auto_resume - ...
FAILED tests/unit/core/test_placeholder_fixes.py::test_reporting_plugin_notifications
FAILED tests/unit/core/test_placeholder_fixes.py::test_adapter_guards - Runti...
FAILED tests/unit/core/test_session_all.py::TestSession::test_execute_tasks_empty_workflow
FAILED tests/unit/core/test_session_all.py::TestSession::test_execute_tasks_cycle_error
FAILED tests/unit/core/test_session_all.py::TestSession::test_execute_tasks_happy_path
FAILED tests/unit/core/test_session_all.py::TestSession::test_execute_tasks_agent_error
FAILED tests/unit/core/test_session_all.py::TestSession::test_handle_tool_call_blocked
FAILED tests/unit/core/test_session_all.py::TestSession::test_handle_tool_call_success
FAILED tests/unit/core/test_session_all.py::TestSession::test_handle_multiple_tools
FAILED tests/unit/core/test_session_all.py::TestSession::test_handle_hitl_ci
FAILED tests/unit/core/test_session_all.py::TestSession::test_handle_hitl_tty
FAILED tests/unit/core/test_session_all.py::TestSession::test_handle_hitl_non_interactive
FAILED tests/unit/core/test_session_all.py::TestSession::test_calculate_metrics_state_hygiene
FAILED tests/unit/core/test_session_all.py::TestSession::test_get_last_env_message
FAILED tests/unit/core/test_session_all.py::TestSession::test_calculate_metrics_errors
FAILED tests/unit/core/test_session_all.py::TestSession::test_execute_tasks_loop_variants
FAILED tests/unit/core/test_session_all.py::TestSession::test_execute_tasks_protocol_defaults
FAILED tests/unit/core/test_spec_parser.py::test_parse_valid_markdown - TypeE...
FAILED tests/unit/core/test_spec_parser.py::test_parse_missing_sections - Typ...
FAILED tests/unit/core/test_spec_parser_all.py::TestSpecParser::test_parse_markdown_llm_synthesis_failure
FAILED tests/unit/core/test_spec_parser_all.py::TestSpecParser::test_parse_markdown_llm_synthesis_logic
FAILED tests/unit/core/test_spec_parser_all.py::TestSpecParser::test_parse_markdown_minimal_and_empty
FAILED tests/unit/core/test_spec_parser_all.py::TestSpecParser::test_parse_markdown_to_scenario_structured
FAILED tests/unit/core/test_spec_parser_all.py::TestSpecParser::test_synthesize_tasks_from_prd_llm_warning
FAILED tests/unit/core/test_spec_parser_all.py::TestSpecParser::test_synthesize_tasks_from_prd_no_key
FAILED tests/unit/core/test_spec_parser_all.py::TestSpecParser::test_synthesize_tasks_from_prd_success
FAILED tests/unit/core/test_trace_recorder.py::test_record_interaction_error
FAILED tests/unit/core/test_utilities.py::test_doctor_runs_without_error - Ru...
FAILED tests/unit/handlers/test_aes.py::test_aes_validation_success - Runtime...
FAILED tests/unit/handlers/test_aes.py::test_aes_validation_failure - Runtime...
FAILED tests/unit/handlers/test_aes.py::test_aes_validation_with_complexity_level
FAILED tests/unit/handlers/test_cli.py::test_explain_command - AssertionError...
FAILED tests/unit/handlers/test_cli.py::test_report_command - AssertionError:...
FAILED tests/unit/handlers/test_cli.py::test_handle_init_success - RuntimeErr...
FAILED tests/unit/handlers/test_cli.py::test_calibrate_command - AssertionErr...
FAILED tests/unit/handlers/test_cli.py::test_handle_init_scaffolding - Runtim...
FAILED tests/unit/handlers/test_cli_commands_extra.py::test_handle_report_exceptions
FAILED tests/unit/handlers/test_cli_commands_extra.py::test_handle_replay_exceptions
FAILED tests/unit/handlers/test_cli_commands_extra.py::test_handle_run_extensions
FAILED tests/unit/handlers/test_cli_commands_extra.py::test_run_evaluate_complex_branches
FAILED tests/unit/handlers/test_cli_commands_extra.py::test_handle_aes_validate_complex
FAILED tests/unit/handlers/test_cli_commands_more.py::test_handle_spec_to_eval_exceptions
FAILED tests/unit/handlers/test_cli_commands_more.py::test_handle_mutate_exceptions
FAILED tests/unit/handlers/test_cli_commands_more.py::test_handle_failures_search_basic
FAILED tests/unit/handlers/test_cli_commands_more.py::test_handle_explain_basic
FAILED tests/unit/handlers/test_cli_commands_more.py::test_handle_calibrate_basic
FAILED tests/unit/handlers/test_cli_extra.py::test_handle_aes_validate_dir - ...
FAILED tests/unit/handlers/test_cli_extra.py::test_handle_replay_success - Ru...
FAILED tests/unit/handlers/test_cli_extra.py::test_handle_run_success - Runti...
FAILED tests/unit/handlers/test_cli_extra.py::test_run_evaluate_success - Run...
FAILED tests/unit/handlers/test_cli_extra.py::test_handle_auto_translate_success
FAILED tests/unit/handlers/test_cli_extra.py::test_handle_calibrate_success
FAILED tests/unit/handlers/test_cli_extra.py::test_handle_calibrate_plot - Ru...
FAILED tests/unit/handlers/test_cli_handlers.py::test_handle_list - RuntimeEr...
FAILED tests/unit/handlers/test_cli_handlers.py::test_handle_doctor - Runtime...
FAILED tests/unit/handlers/test_cli_handlers.py::test_handle_cleanup_runs - R...
FAILED tests/unit/handlers/test_cli_handlers.py::test_handle_inspect - Runtim...
FAILED tests/unit/handlers/test_cli_handlers.py::test_handle_lint - RuntimeEr...
FAILED tests/unit/handlers/test_cli_handlers.py::test_handle_export - Runtime...
FAILED tests/unit/handlers/test_cli_handlers.py::test_handle_taxonomy - Runti...
FAILED tests/unit/handlers/test_cli_handlers.py::test_handle_verify_missing
FAILED tests/unit/handlers/test_cli_handlers.py::test_handle_import_drift - R...
FAILED tests/unit/handlers/test_cli_handlers_coverage.py::test_handle_list_refresh
FAILED tests/unit/handlers/test_cli_handlers_coverage.py::test_handle_inspect_missing
FAILED tests/unit/handlers/test_cli_handlers_coverage.py::test_handle_report_missing_trace
FAILED tests/unit/handlers/test_cli_handlers_coverage.py::test_handle_mutate_all_types
FAILED tests/unit/handlers/test_cli_handlers_coverage.py::test_handle_cleanup_runs
FAILED tests/unit/handlers/test_cli_handlers_coverage.py::test_handle_aes_validate_error_paths
FAILED tests/unit/handlers/test_cli_handlers_coverage.py::test_handle_verify_missing
FAILED tests/unit/handlers/test_cli_handlers_coverage.py::test_handle_spec_to_eval_exceptions
FAILED tests/unit/handlers/test_cli_handlers_extra.py::test_handle_registry_add
FAILED tests/unit/handlers/test_cli_handlers_extra.py::test_handle_registry_sync
FAILED tests/unit/handlers/test_cli_handlers_extra.py::test_handle_ci_generate
FAILED tests/unit/handlers/test_cli_handlers_extra.py::test_handle_install - ...
FAILED tests/unit/handlers/test_cli_taxonomy.py::test_handle_taxonomy - Runti...
FAILED tests/unit/handlers/test_cli_taxonomy.py::test_handle_inspect_success
FAILED tests/unit/handlers/test_cli_taxonomy.py::test_handle_inspect_failure
FAILED tests/unit/handlers/test_cli_taxonomy.py::test_handle_catalog_search
FAILED tests/unit/handlers/test_coverage_expansion.py::test_handle_analyze_direct
FAILED tests/unit/handlers/test_coverage_expansion.py::test_handle_verify_direct
FAILED tests/unit/handlers/test_coverage_expansion.py::test_call_agent_error_branches
FAILED tests/unit/handlers/test_coverage_expansion.py::test_human_adapter_branch
FAILED tests/unit/handlers/test_environment_all.py::TestEnvironmentHandlers::test_handle_analyze
FAILED tests/unit/handlers/test_environment_all.py::TestEnvironmentHandlers::test_handle_init_standard
FAILED tests/unit/handlers/test_environment_all.py::TestEnvironmentHandlers::test_handle_init_scaffold
FAILED tests/unit/handlers/test_environment_all.py::TestEnvironmentHandlers::test_handle_install
FAILED tests/unit/handlers/test_environment_all.py::TestEnvironmentHandlers::test_handle_registry_sync
FAILED tests/unit/handlers/test_environment_all.py::TestEnvironmentHandlers::test_handle_plugin_list
FAILED tests/unit/handlers/test_environment_all.py::TestEnvironmentHandlers::test_handle_plugin_register_success
FAILED tests/unit/handlers/test_environment_all.py::TestEnvironmentHandlers::test_handle_plugin_unregister
FAILED tests/unit/handlers/test_environment_all.py::TestEnvironmentHandlers::test_handle_doctor
FAILED tests/unit/handlers/test_environment_all.py::TestEnvironmentHandlers::test_handle_registry_add
FAILED tests/unit/handlers/test_environment_all.py::TestEnvironmentHandlers::test_handle_registry_search
FAILED tests/unit/handlers/test_environment_all.py::TestEnvironmentHandlers::test_handle_ci_generate
FAILED tests/unit/handlers/test_environment_all.py::TestEnvironmentHandlers::test_handle_cleanup_runs
FAILED tests/unit/handlers/test_environment_all.py::TestEnvironmentHandlers::test_handle_export
FAILED tests/unit/handlers/test_environment_all.py::TestEnvironmentHandlers::test_handle_failures_search
FAILED tests/unit/handlers/test_environment_all.py::TestEnvironmentHandlers::test_handle_auto_translate
FAILED tests/unit/handlers/test_environment_all.py::TestEnvironmentHandlers::test_handle_plugin_register_errors
FAILED tests/unit/handlers/test_environment_all.py::TestEnvironmentHandlers::test_handle_plugin_unregister_missing
FAILED tests/unit/handlers/test_gate_cli.py::test_handle_gate_missing_vc - Ru...
FAILED tests/unit/handlers/test_gate_cli.py::test_handle_gate_success - Runti...
FAILED tests/unit/handlers/test_gate_cli.py::test_handle_gate_hash_mismatch
FAILED tests/unit/handlers/test_gate_cli.py::test_handle_gate_asymmetric_success
FAILED tests/unit/handlers/test_playground.py::test_run_playground_error - Ru...
FAILED tests/unit/handlers/test_quickstart.py::test_run_quickstart_flow - Run...
FAILED tests/unit/test_doctor_sync.py::test_doctor_sync_loop_drift - RuntimeE...
===== 191 failed, 447 passed, 264 warnings, 16 errors in 94.56s (0:01:34) =====
